[00:41:51.774] INFO  controller.WorkflowController — ─────────────────────────────────────────────────────
[00:41:51.788] INFO  controller.WorkflowController — Workflow 'File to Sftp' run started [runId=run-683e6d8a67a6]
[00:41:51.794] INFO  workflow.execution — filelist: Listing directory C:/files
[00:41:51.873] INFO  workflow.execution — fileread: Reading C:\files\readme.txt
[00:41:52.210] INFO  workflow.execution — sftpwrite: Connecting to eu-central-1.sftpcloud.io:22
[00:41:52.237] INFO  workflow.execution — sftpwrite: Writing /pub/example/readme.txt
[00:41:52.321] INFO  remote.SftpOperations — Known host file not configured, using user known host file: C:\Users\Admin/.ssh/known_hosts
[00:41:55.881] INFO  remote.SftpOperations — Known host file not configured, using user known host file: C:\Users\Admin/.ssh/known_hosts
[00:41:59.070] INFO  remote.SftpOperations — Known host file not configured, using user known host file: C:\Users\Admin/.ssh/known_hosts
[00:42:01.326] WARN  remote.RemoteFileProducer — Writing file failed with: Cannot connect to sftp://3654d12d2d2241fa891e2b57924f1c2b@eu-central-1.sftpcloud.io:22
[00:42:01.326] WARN  file.GenericFileOnCompletion — Rollback file strategy: org.apache.camel.component.file.strategy.GenericFileRenameProcessStrategy@13bdd54f for file: GenericFile[C:\files\readme.txt]
[00:42:01.344] ERROR errorhandler.DefaultErrorHandler — Failed delivery for (MessageId: F5D6873D02A5C69-0000000000000008 on ExchangeId: F5D6873D02A5C69-0000000000000008). Exhausted after delivery attempt: 1 caught: org.apache.camel.RuntimeCamelException: JS evaluation failed: org.graalvm.polyglot.PolyglotException: ReferenceError: error is not defined

Message History (complete message history is disabled)
---------------------------------------------------------------------------------------------------------------------------------------
Source                                   ID                             Processor                                          Elapsed (ms)
camel-route.yaml:7                       d32c3289-fa0f-4ba6-b7d5-ecddad from[direct://d32c3289-fa0f-4ba6-b7d5-ecddadf2e6bf         9556
	...
camel-route.yaml:117                     d32c3289-fa0f-4ba6-b7d5-ecddad setProperty[_logMsg]                                          0

Stacktrace
---------------------------------------------------------------------------------------------------------------------------------------
[00:42:01.361] ERROR controller.WorkflowController — Workflow 'File to Sftp' run failed: JS evaluation failed: org.graalvm.polyglot.PolyglotException: ReferenceError: error is not defined
