[00:47:59.113] INFO  controller.WorkflowController — ─────────────────────────────────────────────────────
[00:47:59.122] INFO  controller.WorkflowController — Workflow 'New Workflow' run started [runId=run-6eca437cf62b]
[00:47:59.126] INFO  workflow.execution — sftplist: Connecting to test.rebex.net:22
[00:47:59.129] INFO  workflow.execution — sftplist: Listing /pub/example
[00:48:02.273] INFO  workflow.execution — sftpread: Connecting to test.rebex.net:22
[00:48:02.280] ERROR errorhandler.DefaultErrorHandler — Failed delivery for (MessageId: D7C74EDDE17B923-0000000000000034 on ExchangeId: D7C74EDDE17B923-0000000000000034). Exhausted after delivery attempt: 1 caught: org.apache.camel.language.bean.RuntimeBeanExpressionException: Failed to invoke method: fileName on null due to: org.apache.camel.component.bean.MethodNotFoundException: Method with name: fileName not found on bean: {"filePath":"/pub/example/imap-console-client.png","fileName":"imap-console-client.png"} of type: com.fasterxml.jackson.databind.node.ObjectNode on the exchange: Exchange[D7C74EDDE17B923-0000000000000034]

Message History (complete message history is disabled)
---------------------------------------------------------------------------------------------------------------------------------------
Source                                   ID                             Processor                                          Elapsed (ms)
camel-route.yaml:7                       20fce9c9-b4c2-49e8-86a3-b9780b from[direct://20fce9c9-b4c2-49e8-86a3-b9780b4357f3         3154
	...
camel-route.yaml:64                      20fce9c9-b4c2-49e8-86a3-b9780b log                                                           0

Stacktrace
---------------------------------------------------------------------------------------------------------------------------------------
[00:48:02.285] INFO  workflow.execution — sftpread: Connecting to test.rebex.net:22
[00:48:02.285] ERROR errorhandler.DefaultErrorHandler — Failed delivery for (MessageId: D7C74EDDE17B923-0000000000000035 on ExchangeId: D7C74EDDE17B923-0000000000000035). Exhausted after delivery attempt: 1 caught: org.apache.camel.language.bean.RuntimeBeanExpressionException: Failed to invoke method: fileName on null due to: org.apache.camel.component.bean.MethodNotFoundException: Method with name: fileName not found on bean: {"filePath":"/pub/example/KeyGenerator.png","fileName":"KeyGenerator.png"} of type: com.fasterxml.jackson.databind.node.ObjectNode on the exchange: Exchange[D7C74EDDE17B923-0000000000000035]

Message History (complete message history is disabled)
---------------------------------------------------------------------------------------------------------------------------------------
Source                                   ID                             Processor                                          Elapsed (ms)
camel-route.yaml:7                       20fce9c9-b4c2-49e8-86a3-b9780b from[direct://20fce9c9-b4c2-49e8-86a3-b9780b4357f3         3159
	...
camel-route.yaml:64                      20fce9c9-b4c2-49e8-86a3-b9780b log                                                           0

Stacktrace
---------------------------------------------------------------------------------------------------------------------------------------
[00:48:02.290] INFO  workflow.execution — sftpread: Connecting to test.rebex.net:22
[00:48:02.290] ERROR errorhandler.DefaultErrorHandler — Failed delivery for (MessageId: D7C74EDDE17B923-0000000000000036 on ExchangeId: D7C74EDDE17B923-0000000000000036). Exhausted after delivery attempt: 1 caught: org.apache.camel.language.bean.RuntimeBeanExpressionException: Failed to invoke method: fileName on null due to: org.apache.camel.component.bean.MethodNotFoundException: Method with name: fileName not found on bean: {"filePath":"/pub/example/KeyGeneratorSmall.png","fileName":"KeyGeneratorSmall.png"} of type: com.fasterxml.jackson.databind.node.ObjectNode on the exchange: Exchange[D7C74EDDE17B923-0000000000000036]

Message History (complete message history is disabled)
---------------------------------------------------------------------------------------------------------------------------------------
Source                                   ID                             Processor                                          Elapsed (ms)
camel-route.yaml:7                       20fce9c9-b4c2-49e8-86a3-b9780b from[direct://20fce9c9-b4c2-49e8-86a3-b9780b4357f3         3164
	...
camel-route.yaml:64                      20fce9c9-b4c2-49e8-86a3-b9780b log                                                           0

Stacktrace
---------------------------------------------------------------------------------------------------------------------------------------
[00:48:02.290] INFO  workflow.execution — sftpread: Connecting to test.rebex.net:22
[00:48:02.296] ERROR errorhandler.DefaultErrorHandler — Failed delivery for (MessageId: D7C74EDDE17B923-0000000000000037 on ExchangeId: D7C74EDDE17B923-0000000000000037). Exhausted after delivery attempt: 1 caught: org.apache.camel.language.bean.RuntimeBeanExpressionException: Failed to invoke method: fileName on null due to: org.apache.camel.component.bean.MethodNotFoundException: Method with name: fileName not found on bean: {"filePath":"/pub/example/mail-editor.png","fileName":"mail-editor.png"} of type: com.fasterxml.jackson.databind.node.ObjectNode on the exchange: Exchange[D7C74EDDE17B923-0000000000000037]

Message History (complete message history is disabled)
---------------------------------------------------------------------------------------------------------------------------------------
Source                                   ID                             Processor                                          Elapsed (ms)
camel-route.yaml:7                       20fce9c9-b4c2-49e8-86a3-b9780b from[direct://20fce9c9-b4c2-49e8-86a3-b9780b4357f3         3170
	...
camel-route.yaml:64                      20fce9c9-b4c2-49e8-86a3-b9780b log                                                           0

Stacktrace
---------------------------------------------------------------------------------------------------------------------------------------
[00:48:02.296] INFO  workflow.execution — sftpread: Connecting to test.rebex.net:22
[00:48:02.305] ERROR errorhandler.DefaultErrorHandler — Failed delivery for (MessageId: D7C74EDDE17B923-0000000000000038 on ExchangeId: D7C74EDDE17B923-0000000000000038). Exhausted after delivery attempt: 1 caught: org.apache.camel.language.bean.RuntimeBeanExpressionException: Failed to invoke method: fileName on null due to: org.apache.camel.component.bean.MethodNotFoundException: Method with name: fileName not found on bean: {"filePath":"/pub/example/mail-send-winforms.png","fileName":"mail-send-winforms.png"} of type: com.fasterxml.jackson.databind.node.ObjectNode on the exchange: Exchange[D7C74EDDE17B923-0000000000000038]

Message History (complete message history is disabled)
---------------------------------------------------------------------------------------------------------------------------------------
Source                                   ID                             Processor                                          Elapsed (ms)
camel-route.yaml:7                       20fce9c9-b4c2-49e8-86a3-b9780b from[direct://20fce9c9-b4c2-49e8-86a3-b9780b4357f3         3179
	...
camel-route.yaml:64                      20fce9c9-b4c2-49e8-86a3-b9780b log                                                           0

Stacktrace
---------------------------------------------------------------------------------------------------------------------------------------
[00:48:02.305] INFO  workflow.execution — sftpread: Connecting to test.rebex.net:22
[00:48:02.305] ERROR errorhandler.DefaultErrorHandler — Failed delivery for (MessageId: D7C74EDDE17B923-0000000000000039 on ExchangeId: D7C74EDDE17B923-0000000000000039). Exhausted after delivery attempt: 1 caught: org.apache.camel.language.bean.RuntimeBeanExpressionException: Failed to invoke method: fileName on null due to: org.apache.camel.component.bean.MethodNotFoundException: Method with name: fileName not found on bean: {"filePath":"/pub/example/mime-explorer.png","fileName":"mime-explorer.png"} of type: com.fasterxml.jackson.databind.node.ObjectNode on the exchange: Exchange[D7C74EDDE17B923-0000000000000039]

Message History (complete message history is disabled)
---------------------------------------------------------------------------------------------------------------------------------------
Source                                   ID                             Processor                                          Elapsed (ms)
camel-route.yaml:7                       20fce9c9-b4c2-49e8-86a3-b9780b from[direct://20fce9c9-b4c2-49e8-86a3-b9780b4357f3         3179
	...
camel-route.yaml:64                      20fce9c9-b4c2-49e8-86a3-b9780b log                                                           0

Stacktrace
---------------------------------------------------------------------------------------------------------------------------------------
[00:48:02.312] INFO  workflow.execution — sftpread: Connecting to test.rebex.net:22
[00:48:02.318] ERROR errorhandler.DefaultErrorHandler — Failed delivery for (MessageId: D7C74EDDE17B923-000000000000003A on ExchangeId: D7C74EDDE17B923-000000000000003A). Exhausted after delivery attempt: 1 caught: org.apache.camel.language.bean.RuntimeBeanExpressionException: Failed to invoke method: fileName on null due to: org.apache.camel.component.bean.MethodNotFoundException: Method with name: fileName not found on bean: {"filePath":"/pub/example/pocketftp.png","fileName":"pocketftp.png"} of type: com.fasterxml.jackson.databind.node.ObjectNode on the exchange: Exchange[D7C74EDDE17B923-000000000000003A]

Message History (complete message history is disabled)
---------------------------------------------------------------------------------------------------------------------------------------
Source                                   ID                             Processor                                          Elapsed (ms)
camel-route.yaml:7                       20fce9c9-b4c2-49e8-86a3-b9780b from[direct://20fce9c9-b4c2-49e8-86a3-b9780b4357f3         3191
	...
camel-route.yaml:64                      20fce9c9-b4c2-49e8-86a3-b9780b log                                                           0

Stacktrace
---------------------------------------------------------------------------------------------------------------------------------------
[00:48:02.321] INFO  workflow.execution — sftpread: Connecting to test.rebex.net:22
[00:48:02.321] ERROR errorhandler.DefaultErrorHandler — Failed delivery for (MessageId: D7C74EDDE17B923-000000000000003B on ExchangeId: D7C74EDDE17B923-000000000000003B). Exhausted after delivery attempt: 1 caught: org.apache.camel.language.bean.RuntimeBeanExpressionException: Failed to invoke method: fileName on null due to: org.apache.camel.component.bean.MethodNotFoundException: Method with name: fileName not found on bean: {"filePath":"/pub/example/pocketftpSmall.png","fileName":"pocketftpSmall.png"} of type: com.fasterxml.jackson.databind.node.ObjectNode on the exchange: Exchange[D7C74EDDE17B923-000000000000003B]

Message History (complete message history is disabled)
---------------------------------------------------------------------------------------------------------------------------------------
Source                                   ID                             Processor                                          Elapsed (ms)
camel-route.yaml:7                       20fce9c9-b4c2-49e8-86a3-b9780b from[direct://20fce9c9-b4c2-49e8-86a3-b9780b4357f3         3195
	...
camel-route.yaml:64                      20fce9c9-b4c2-49e8-86a3-b9780b log                                                           0

Stacktrace
---------------------------------------------------------------------------------------------------------------------------------------
[00:48:02.329] INFO  workflow.execution — sftpread: Connecting to test.rebex.net:22
[00:48:02.339] ERROR errorhandler.DefaultErrorHandler — Failed delivery for (MessageId: D7C74EDDE17B923-000000000000003C on ExchangeId: D7C74EDDE17B923-000000000000003C). Exhausted after delivery attempt: 1 caught: org.apache.camel.language.bean.RuntimeBeanExpressionException: Failed to invoke method: fileName on null due to: org.apache.camel.component.bean.MethodNotFoundException: Method with name: fileName not found on bean: {"filePath":"/pub/example/pop3-browser.png","fileName":"pop3-browser.png"} of type: com.fasterxml.jackson.databind.node.ObjectNode on the exchange: Exchange[D7C74EDDE17B923-000000000000003C]

Message History (complete message history is disabled)
---------------------------------------------------------------------------------------------------------------------------------------
Source                                   ID                             Processor                                          Elapsed (ms)
camel-route.yaml:7                       20fce9c9-b4c2-49e8-86a3-b9780b from[direct://20fce9c9-b4c2-49e8-86a3-b9780b4357f3         3213
	...
camel-route.yaml:64                      20fce9c9-b4c2-49e8-86a3-b9780b log                                                           0

Stacktrace
---------------------------------------------------------------------------------------------------------------------------------------
[00:48:02.339] INFO  workflow.execution — sftpread: Connecting to test.rebex.net:22
[00:48:02.346] ERROR errorhandler.DefaultErrorHandler — Failed delivery for (MessageId: D7C74EDDE17B923-000000000000003D on ExchangeId: D7C74EDDE17B923-000000000000003D). Exhausted after delivery attempt: 1 caught: org.apache.camel.language.bean.RuntimeBeanExpressionException: Failed to invoke method: fileName on null due to: org.apache.camel.component.bean.MethodNotFoundException: Method with name: fileName not found on bean: {"filePath":"/pub/example/pop3-console-client.png","fileName":"pop3-console-client.png"} of type: com.fasterxml.jackson.databind.node.ObjectNode on the exchange: Exchange[D7C74EDDE17B923-000000000000003D]

Message History (complete message history is disabled)
---------------------------------------------------------------------------------------------------------------------------------------
Source                                   ID                             Processor                                          Elapsed (ms)
camel-route.yaml:7                       20fce9c9-b4c2-49e8-86a3-b9780b from[direct://20fce9c9-b4c2-49e8-86a3-b9780b4357f3         3220
	...
camel-route.yaml:64                      20fce9c9-b4c2-49e8-86a3-b9780b log                                                           0

Stacktrace
---------------------------------------------------------------------------------------------------------------------------------------
[00:48:02.351] INFO  workflow.execution — sftpread: Connecting to test.rebex.net:22
[00:48:02.353] ERROR errorhandler.DefaultErrorHandler — Failed delivery for (MessageId: D7C74EDDE17B923-000000000000003E on ExchangeId: D7C74EDDE17B923-000000000000003E). Exhausted after delivery attempt: 1 caught: org.apache.camel.language.bean.RuntimeBeanExpressionException: Failed to invoke method: fileName on null due to: org.apache.camel.component.bean.MethodNotFoundException: Method with name: fileName not found on bean: {"filePath":"/pub/example/readme.txt","fileName":"readme.txt"} of type: com.fasterxml.jackson.databind.node.ObjectNode on the exchange: Exchange[D7C74EDDE17B923-000000000000003E]

Message History (complete message history is disabled)
---------------------------------------------------------------------------------------------------------------------------------------
Source                                   ID                             Processor                                          Elapsed (ms)
camel-route.yaml:7                       20fce9c9-b4c2-49e8-86a3-b9780b from[direct://20fce9c9-b4c2-49e8-86a3-b9780b4357f3         3227
	...
camel-route.yaml:64                      20fce9c9-b4c2-49e8-86a3-b9780b log                                                           0

Stacktrace
---------------------------------------------------------------------------------------------------------------------------------------
[00:48:02.353] INFO  workflow.execution — sftpread: Connecting to test.rebex.net:22
[00:48:02.362] ERROR errorhandler.DefaultErrorHandler — Failed delivery for (MessageId: D7C74EDDE17B923-000000000000003F on ExchangeId: D7C74EDDE17B923-000000000000003F). Exhausted after delivery attempt: 1 caught: org.apache.camel.language.bean.RuntimeBeanExpressionException: Failed to invoke method: fileName on null due to: org.apache.camel.component.bean.MethodNotFoundException: Method with name: fileName not found on bean: {"filePath":"/pub/example/ResumableTransfer.png","fileName":"ResumableTransfer.png"} of type: com.fasterxml.jackson.databind.node.ObjectNode on the exchange: Exchange[D7C74EDDE17B923-000000000000003F]

Message History (complete message history is disabled)
---------------------------------------------------------------------------------------------------------------------------------------
Source                                   ID                             Processor                                          Elapsed (ms)
camel-route.yaml:7                       20fce9c9-b4c2-49e8-86a3-b9780b from[direct://20fce9c9-b4c2-49e8-86a3-b9780b4357f3         3236
	...
camel-route.yaml:64                      20fce9c9-b4c2-49e8-86a3-b9780b log                                                           0

Stacktrace
---------------------------------------------------------------------------------------------------------------------------------------
[00:48:02.369] INFO  workflow.execution — sftpread: Connecting to test.rebex.net:22
[00:48:02.373] ERROR errorhandler.DefaultErrorHandler — Failed delivery for (MessageId: D7C74EDDE17B923-0000000000000040 on ExchangeId: D7C74EDDE17B923-0000000000000040). Exhausted after delivery attempt: 1 caught: org.apache.camel.language.bean.RuntimeBeanExpressionException: Failed to invoke method: fileName on null due to: org.apache.camel.component.bean.MethodNotFoundException: Method with name: fileName not found on bean: {"filePath":"/pub/example/winceclient.png","fileName":"winceclient.png"} of type: com.fasterxml.jackson.databind.node.ObjectNode on the exchange: Exchange[D7C74EDDE17B923-0000000000000040]

Message History (complete message history is disabled)
---------------------------------------------------------------------------------------------------------------------------------------
Source                                   ID                             Processor                                          Elapsed (ms)
camel-route.yaml:7                       20fce9c9-b4c2-49e8-86a3-b9780b from[direct://20fce9c9-b4c2-49e8-86a3-b9780b4357f3         3247
	...
camel-route.yaml:64                      20fce9c9-b4c2-49e8-86a3-b9780b log                                                           0

Stacktrace
---------------------------------------------------------------------------------------------------------------------------------------
[00:48:02.373] INFO  workflow.execution — sftpread: Connecting to test.rebex.net:22
[00:48:02.379] ERROR errorhandler.DefaultErrorHandler — Failed delivery for (MessageId: D7C74EDDE17B923-0000000000000041 on ExchangeId: D7C74EDDE17B923-0000000000000041). Exhausted after delivery attempt: 1 caught: org.apache.camel.language.bean.RuntimeBeanExpressionException: Failed to invoke method: fileName on null due to: org.apache.camel.component.bean.MethodNotFoundException: Method with name: fileName not found on bean: {"filePath":"/pub/example/winceclientSmall.png","fileName":"winceclientSmall.png"} of type: com.fasterxml.jackson.databind.node.ObjectNode on the exchange: Exchange[D7C74EDDE17B923-0000000000000041]

Message History (complete message history is disabled)
---------------------------------------------------------------------------------------------------------------------------------------
Source                                   ID                             Processor                                          Elapsed (ms)
camel-route.yaml:7                       20fce9c9-b4c2-49e8-86a3-b9780b from[direct://20fce9c9-b4c2-49e8-86a3-b9780b4357f3         3252
	...
camel-route.yaml:64                      20fce9c9-b4c2-49e8-86a3-b9780b log                                                           0

Stacktrace
---------------------------------------------------------------------------------------------------------------------------------------
[00:48:02.379] INFO  workflow.execution — sftpread: Connecting to test.rebex.net:22
[00:48:02.386] ERROR errorhandler.DefaultErrorHandler — Failed delivery for (MessageId: D7C74EDDE17B923-0000000000000042 on ExchangeId: D7C74EDDE17B923-0000000000000042). Exhausted after delivery attempt: 1 caught: org.apache.camel.language.bean.RuntimeBeanExpressionException: Failed to invoke method: fileName on null due to: org.apache.camel.component.bean.MethodNotFoundException: Method with name: fileName not found on bean: {"filePath":"/pub/example/WinFormClient.png","fileName":"WinFormClient.png"} of type: com.fasterxml.jackson.databind.node.ObjectNode on the exchange: Exchange[D7C74EDDE17B923-0000000000000042]

Message History (complete message history is disabled)
---------------------------------------------------------------------------------------------------------------------------------------
Source                                   ID                             Processor                                          Elapsed (ms)
camel-route.yaml:7                       20fce9c9-b4c2-49e8-86a3-b9780b from[direct://20fce9c9-b4c2-49e8-86a3-b9780b4357f3         3257
	...
camel-route.yaml:64                      20fce9c9-b4c2-49e8-86a3-b9780b log                                                           0

Stacktrace
---------------------------------------------------------------------------------------------------------------------------------------
[00:48:02.386] INFO  workflow.execution — sftpread: Connecting to test.rebex.net:22
[00:48:02.386] ERROR errorhandler.DefaultErrorHandler — Failed delivery for (MessageId: D7C74EDDE17B923-0000000000000043 on ExchangeId: D7C74EDDE17B923-0000000000000043). Exhausted after delivery attempt: 1 caught: org.apache.camel.language.bean.RuntimeBeanExpressionException: Failed to invoke method: fileName on null due to: org.apache.camel.component.bean.MethodNotFoundException: Method with name: fileName not found on bean: {"filePath":"/pub/example/WinFormClientSmall.png","fileName":"WinFormClientSmall.png"} of type: com.fasterxml.jackson.databind.node.ObjectNode on the exchange: Exchange[D7C74EDDE17B923-0000000000000043]

Message History (complete message history is disabled)
---------------------------------------------------------------------------------------------------------------------------------------
Source                                   ID                             Processor                                          Elapsed (ms)
camel-route.yaml:7                       20fce9c9-b4c2-49e8-86a3-b9780b from[direct://20fce9c9-b4c2-49e8-86a3-b9780b4357f3         3260
	...
camel-route.yaml:64                      20fce9c9-b4c2-49e8-86a3-b9780b log                                                           0

Stacktrace
---------------------------------------------------------------------------------------------------------------------------------------
[00:48:02.394] ERROR controller.WorkflowController — Workflow 'New Workflow' run failed: Failed to invoke method: fileName on null due to: org.apache.camel.component.bean.MethodNotFoundException: Method with name: fileName not found on bean: {"filePath":"/pub/example/WinFormClientSmall.png","fileName":"WinFormClientSmall.png"} of type: com.fasterxml.jackson.databind.node.ObjectNode on the exchange: Exchange[D7C74EDDE17B923-0000000000000043]
