[01:02:07.755] INFO  controller.WorkflowController — ─────────────────────────────────────────────────────
[01:02:07.768] INFO  controller.WorkflowController — Workflow 'File to Sftp' run started [runId=run-d60cc6d1ad82]
[01:02:07.770] INFO  workflow.execution — filelist: Listing directory C:\files
[01:02:07.796] ERROR errorhandler.DefaultErrorHandler — Failed delivery for (MessageId: D3C79AAAD5CA2D7-000000000000000C on ExchangeId: D3C79AAAD5CA2D7-000000000000000C). Exhausted after delivery attempt: 1 caught: org.apache.camel.language.bean.RuntimeBeanExpressionException: Failed to invoke method: filePath on null due to: org.apache.camel.component.bean.MethodNotFoundException: Method with name: filePath not found on bean: {filePath=C:\files\readme.txt, fileName=readme.txt} of type: java.util.LinkedHashMap on the exchange: Exchange[D3C79AAAD5CA2D7-000000000000000C]

Message History (complete message history is disabled)
---------------------------------------------------------------------------------------------------------------------------------------
Source                                   ID                             Processor                                          Elapsed (ms)
camel-route.yaml:7                       d32c3289-fa0f-4ba6-b7d5-ecddad from[direct://d32c3289-fa0f-4ba6-b7d5-ecddadf2e6bf           18
	...
camel-route.yaml:26                      d32c3289-fa0f-4ba6-b7d5-ecddad log                                                           0

Stacktrace
---------------------------------------------------------------------------------------------------------------------------------------
[01:02:07.860] ERROR errorhandler.DefaultErrorHandler — Failed delivery for (MessageId: D3C79AAAD5CA2D7-000000000000000D on ExchangeId: D3C79AAAD5CA2D7-000000000000000D). Exhausted after delivery attempt: 1 caught: org.apache.camel.language.bean.RuntimeBeanExpressionException: Failed to invoke method: filePath on null due to: org.apache.camel.component.bean.MethodNotFoundException: Method with name: filePath not found on bean: {filePath=C:\files\readme.txt.pgp, fileName=readme.txt.pgp} of type: java.util.LinkedHashMap on the exchange: Exchange[D3C79AAAD5CA2D7-000000000000000D]

Message History (complete message history is disabled)
---------------------------------------------------------------------------------------------------------------------------------------
Source                                   ID                             Processor                                          Elapsed (ms)
camel-route.yaml:7                       d32c3289-fa0f-4ba6-b7d5-ecddad from[direct://d32c3289-fa0f-4ba6-b7d5-ecddadf2e6bf           87
	...
camel-route.yaml:26                      d32c3289-fa0f-4ba6-b7d5-ecddad log                                                           0

Stacktrace
---------------------------------------------------------------------------------------------------------------------------------------
[01:02:07.860] ERROR errorhandler.DefaultErrorHandler — Failed delivery for (MessageId: D3C79AAAD5CA2D7-000000000000000E on ExchangeId: D3C79AAAD5CA2D7-000000000000000E). Exhausted after delivery attempt: 1 caught: org.apache.camel.language.bean.RuntimeBeanExpressionException: Failed to invoke method: filePath on null due to: org.apache.camel.component.bean.MethodNotFoundException: Method with name: filePath not found on bean: {filePath=C:\files\readme.txt.pgp.txt, fileName=readme.txt.pgp.txt} of type: java.util.LinkedHashMap on the exchange: Exchange[D3C79AAAD5CA2D7-000000000000000E]

Message History (complete message history is disabled)
---------------------------------------------------------------------------------------------------------------------------------------
Source                                   ID                             Processor                                          Elapsed (ms)
camel-route.yaml:7                       d32c3289-fa0f-4ba6-b7d5-ecddad from[direct://d32c3289-fa0f-4ba6-b7d5-ecddadf2e6bf           90
	...
camel-route.yaml:26                      d32c3289-fa0f-4ba6-b7d5-ecddad log                                                           0

Stacktrace
---------------------------------------------------------------------------------------------------------------------------------------
[01:02:07.871] ERROR controller.WorkflowController — Workflow 'File to Sftp' run failed: Failed to invoke method: filePath on null due to: org.apache.camel.component.bean.MethodNotFoundException: Method with name: filePath not found on bean: {filePath=C:\files\readme.txt.pgp.txt, fileName=readme.txt.pgp.txt} of type: java.util.LinkedHashMap on the exchange: Exchange[D3C79AAAD5CA2D7-000000000000000E]
