[01:03:09.161] INFO  controller.WorkflowController — ─────────────────────────────────────────────────────
[01:03:09.166] INFO  controller.WorkflowController — Workflow 'File to Sftp' run started [runId=run-32188317d105]
[01:03:09.170] INFO  workflow.execution — filelist: Listing directory C:\files
[01:03:09.195] ERROR errorhandler.DefaultErrorHandler — Failed delivery for (MessageId: D3C79AAAD5CA2D7-0000000000000018 on ExchangeId: D3C79AAAD5CA2D7-0000000000000018). Exhausted after delivery attempt: 1 caught: org.apache.camel.language.bean.RuntimeBeanExpressionException: Failed to invoke method: filePath on null due to: org.apache.camel.component.bean.MethodNotFoundException: Method with name: filePath not found on bean: {filePath=C:\files\readme.txt, fileName=readme.txt} of type: java.util.LinkedHashMap on the exchange: Exchange[D3C79AAAD5CA2D7-0000000000000018]

Message History (complete message history is disabled)
---------------------------------------------------------------------------------------------------------------------------------------
Source                                   ID                             Processor                                          Elapsed (ms)
camel-route.yaml:7                       d32c3289-fa0f-4ba6-b7d5-ecddad from[direct://d32c3289-fa0f-4ba6-b7d5-ecddadf2e6bf           26
	...
camel-route.yaml:26                      d32c3289-fa0f-4ba6-b7d5-ecddad log                                                           0

Stacktrace
---------------------------------------------------------------------------------------------------------------------------------------
[01:03:09.253] ERROR errorhandler.DefaultErrorHandler — Failed delivery for (MessageId: D3C79AAAD5CA2D7-0000000000000019 on ExchangeId: D3C79AAAD5CA2D7-0000000000000019). Exhausted after delivery attempt: 1 caught: org.apache.camel.language.bean.RuntimeBeanExpressionException: Failed to invoke method: filePath on null due to: org.apache.camel.component.bean.MethodNotFoundException: Method with name: filePath not found on bean: {filePath=C:\files\readme.txt.pgp, fileName=readme.txt.pgp} of type: java.util.LinkedHashMap on the exchange: Exchange[D3C79AAAD5CA2D7-0000000000000019]

Message History (complete message history is disabled)
---------------------------------------------------------------------------------------------------------------------------------------
Source                                   ID                             Processor                                          Elapsed (ms)
camel-route.yaml:7                       d32c3289-fa0f-4ba6-b7d5-ecddad from[direct://d32c3289-fa0f-4ba6-b7d5-ecddadf2e6bf           76
	...
camel-route.yaml:26                      d32c3289-fa0f-4ba6-b7d5-ecddad log                                                           0

Stacktrace
---------------------------------------------------------------------------------------------------------------------------------------
[01:03:09.253] ERROR errorhandler.DefaultErrorHandler — Failed delivery for (MessageId: D3C79AAAD5CA2D7-000000000000001A on ExchangeId: D3C79AAAD5CA2D7-000000000000001A). Exhausted after delivery attempt: 1 caught: org.apache.camel.language.bean.RuntimeBeanExpressionException: Failed to invoke method: filePath on null due to: org.apache.camel.component.bean.MethodNotFoundException: Method with name: filePath not found on bean: {filePath=C:\files\readme.txt.pgp.txt, fileName=readme.txt.pgp.txt} of type: java.util.LinkedHashMap on the exchange: Exchange[D3C79AAAD5CA2D7-000000000000001A]

Message History (complete message history is disabled)
---------------------------------------------------------------------------------------------------------------------------------------
Source                                   ID                             Processor                                          Elapsed (ms)
camel-route.yaml:7                       d32c3289-fa0f-4ba6-b7d5-ecddad from[direct://d32c3289-fa0f-4ba6-b7d5-ecddadf2e6bf           84
	...
camel-route.yaml:26                      d32c3289-fa0f-4ba6-b7d5-ecddad log                                                           0

Stacktrace
---------------------------------------------------------------------------------------------------------------------------------------
[01:03:09.253] ERROR controller.WorkflowController — Workflow 'File to Sftp' run failed: Failed to invoke method: filePath on null due to: org.apache.camel.component.bean.MethodNotFoundException: Method with name: filePath not found on bean: {filePath=C:\files\readme.txt.pgp.txt, fileName=readme.txt.pgp.txt} of type: java.util.LinkedHashMap on the exchange: Exchange[D3C79AAAD5CA2D7-000000000000001A]
