[20:35:48.128] INFO  controller.WorkflowController — ─────────────────────────────────────────────────────
[20:35:48.137] INFO  controller.WorkflowController — Workflow 'GCS_INBOUND_TEST' run started [runId=run-4de59688bcdf]
[20:35:48.145] INFO  workflow.execution — gcslist: Listing gs://batchmatetest
[20:35:48.471] INFO  workflow.execution — readme.txt
[20:35:48.477] INFO  workflow.execution — gcsread: Reading gs://batchmatetest/readme.txt
[20:35:53.519] INFO  workflow.execution — filewrite: Writing to c:/files/gcs/<original name>
[20:35:53.562] ERROR errorhandler.DefaultErrorHandler — Failed delivery for (MessageId: AD6B5B7DC2015A7-000000000000000B on ExchangeId: AD6B5B7DC2015A7-000000000000000B). Exhausted after delivery attempt: 1 caught: org.apache.camel.component.file.GenericFileOperationFailedException: Cannot write null body to file: c:\files\gcs\AD6B5B7DC2015A7-000000000000000B

Message History (complete message history is disabled)
---------------------------------------------------------------------------------------------------------------------------------------
Source                                   ID                             Processor                                          Elapsed (ms)
camel-route.yaml:7                       ddc6df25-dfbd-4c72-914d-453ff2 from[direct://ddc6df25-dfbd-4c72-914d-453ff2cadbff         5417
	...
camel-route.yaml:64                      ddc6df25-dfbd-4c72-914d-453ff2 file:c:/files/gcs?autoCreate=true&fileExist=Overri            0

Stacktrace
---------------------------------------------------------------------------------------------------------------------------------------
[20:35:53.596] INFO  workflow.execution — readme.txt.pgp.txt
[20:35:53.601] INFO  workflow.execution — gcsread: Reading gs://batchmatetest/readme.txt.pgp.txt
[20:35:58.623] INFO  workflow.execution — filewrite: Writing to c:/files/gcs/<original name>
[20:35:58.625] ERROR errorhandler.DefaultErrorHandler — Failed delivery for (MessageId: AD6B5B7DC2015A7-000000000000000C on ExchangeId: AD6B5B7DC2015A7-000000000000000C). Exhausted after delivery attempt: 1 caught: org.apache.camel.component.file.GenericFileOperationFailedException: Cannot write null body to file: c:\files\gcs\AD6B5B7DC2015A7-000000000000000C

Message History (complete message history is disabled)
---------------------------------------------------------------------------------------------------------------------------------------
Source                                   ID                             Processor                                          Elapsed (ms)
camel-route.yaml:7                       ddc6df25-dfbd-4c72-914d-453ff2 from[direct://ddc6df25-dfbd-4c72-914d-453ff2cadbff        10481
	...
camel-route.yaml:64                      ddc6df25-dfbd-4c72-914d-453ff2 file:c:/files/gcs?autoCreate=true&fileExist=Overri            0

Stacktrace
---------------------------------------------------------------------------------------------------------------------------------------
[20:35:58.627] ERROR controller.WorkflowController — Workflow 'GCS_INBOUND_TEST' run failed: Cannot write null body to file: c:\files\gcs\AD6B5B7DC2015A7-000000000000000C
