[00:31:17.069] INFO  controller.WorkflowController — ─────────────────────────────────────────────────────
[00:31:17.089] INFO  controller.WorkflowController — Workflow 'New Workflow' run started [runId=run-edbcc86a7d09]
[00:31:18.077] INFO  workflow.execution — respStatus: 200 resp: {
    "id": 1,
    "title": "Create an endpoint at Beeceptor.",
    "completed": true
}
[00:31:18.118] ERROR errorhandler.DefaultErrorHandler — Failed delivery for (MessageId: 14056C17125FE62-0000000000000003 on ExchangeId: 14056C17125FE62-0000000000000003). Exhausted after delivery attempt: 1 caught: java.lang.RuntimeException: JSON compare mismatch (mode=deep-equal)
actual:   {"id":1,"title":"Create an endpoint at Beeceptor.","completed":true}
expected: {"id":1,"title":"Create an endpoint at Beeceptor.","completed2":true}

Message History (complete message history is disabled)
---------------------------------------------------------------------------------------------------------------------------------------
Source                                   ID                             Processor                                          Elapsed (ms)
camel-route.yaml:7                       ca84eb35-13f0-480e-b79a-f4007e from[direct://ca84eb35-13f0-480e-b79a-f4007e328b14         1023
	...
camel-route.yaml:79                      ca84eb35-13f0-480e-b79a-f4007e bean[ref:compareHelper method:compareJson]                    0

Stacktrace
---------------------------------------------------------------------------------------------------------------------------------------
[00:31:18.174] ERROR controller.WorkflowController — Workflow 'New Workflow' run failed: JSON compare mismatch (mode=deep-equal)
actual:   {"id":1,"title":"Create an endpoint at Beeceptor.","completed":true}
expected: {"id":1,"title":"Create an endpoint at Beeceptor.","completed2":true}
