[22:56:15.807] INFO  controller.WorkflowController — ─────────────────────────────────────────────────────
[22:56:15.807] INFO  controller.WorkflowController — Workflow 'HTTP_TEST' run started [runId=run-2d539453993f]
[22:56:15.821] INFO  workflow.execution — http: GET https://random123.free.beeceptor.com//todos
[22:56:21.299] INFO  workflow.execution — [
  {
    "id": 1,
    "title": "Create an endpoint at Beeceptor.",
    "completed": true
  },
  {
    "id": 2,
    "title": "Send a request to your new Beeceptor endpoint.",
    "completed": true
  },
  {
    "id": 3,
    "title": "Create a mocking rule to send dummy data.",
    "completed": false
  },
  {
    "id": 4,
    "title": "Try out a failure response by sending 500 HTTP status code.",
    "completed": false
  },
  {
    "id": 5,
    "title": "Use the proxy feature to send a request to a real API. Intercept traffic using Beeceptor.",
    "completed": false
  }
]
[22:56:21.299] INFO  controller.WorkflowController — Workflow 'HTTP_TEST' run completed successfully in 5492ms
