[00:55:39.614] INFO  controller.WorkflowController — ─────────────────────────────────────────────────────
[00:55:39.621] INFO  controller.WorkflowController — Workflow 'New Workflow' run started [runId=run-c8ed4cf0c2e2]
[00:55:39.663] INFO  workflow.execution — sftplist: Connecting to test.rebex.net:22
[00:55:39.665] INFO  workflow.execution — sftplist: Listing /pub/example
[00:55:45.336] INFO  workflow.execution — sftpread: Connecting to test.rebex.net:22
[00:55:45.432] ERROR errorhandler.DefaultErrorHandler — Failed delivery for (MessageId: 9E3D47CB7CC085C-0000000000000001 on ExchangeId: 9E3D47CB7CC085C-0000000000000001). Exhausted after delivery attempt: 1 caught: org.apache.camel.language.bean.RuntimeBeanExpressionException: Failed to invoke method: fileName on null due to: org.apache.camel.component.bean.MethodNotFoundException: Method with name: fileName not found on bean: {filePath=/pub/example/imap-console-client.png, fileName=imap-console-client.png} of type: java.util.LinkedHashMap on the exchange: Exchange[9E3D47CB7CC085C-0000000000000001]

Message History (complete message history is disabled)
---------------------------------------------------------------------------------------------------------------------------------------
Source                                   ID                             Processor                                          Elapsed (ms)
camel-route.yaml:7                       20fce9c9-b4c2-49e8-86a3-b9780b from[direct://20fce9c9-b4c2-49e8-86a3-b9780b4357f3         5782
	...
camel-route.yaml:64                      20fce9c9-b4c2-49e8-86a3-b9780b log                                                           0

Stacktrace
---------------------------------------------------------------------------------------------------------------------------------------
[00:55:45.490] INFO  workflow.execution — sftpread: Connecting to test.rebex.net:22
[00:55:45.490] ERROR errorhandler.DefaultErrorHandler — Failed delivery for (MessageId: 9E3D47CB7CC085C-0000000000000002 on ExchangeId: 9E3D47CB7CC085C-0000000000000002). Exhausted after delivery attempt: 1 caught: org.apache.camel.language.bean.RuntimeBeanExpressionException: Failed to invoke method: fileName on null due to: org.apache.camel.component.bean.MethodNotFoundException: Method with name: fileName not found on bean: {filePath=/pub/example/KeyGenerator.png, fileName=KeyGenerator.png} of type: java.util.LinkedHashMap on the exchange: Exchange[9E3D47CB7CC085C-0000000000000002]

Message History (complete message history is disabled)
---------------------------------------------------------------------------------------------------------------------------------------
Source                                   ID                             Processor                                          Elapsed (ms)
camel-route.yaml:7                       20fce9c9-b4c2-49e8-86a3-b9780b from[direct://20fce9c9-b4c2-49e8-86a3-b9780b4357f3         5864
	...
camel-route.yaml:64                      20fce9c9-b4c2-49e8-86a3-b9780b log                                                           0

Stacktrace
---------------------------------------------------------------------------------------------------------------------------------------
[00:55:45.505] INFO  workflow.execution — sftpread: Connecting to test.rebex.net:22
[00:55:45.514] ERROR errorhandler.DefaultErrorHandler — Failed delivery for (MessageId: 9E3D47CB7CC085C-0000000000000003 on ExchangeId: 9E3D47CB7CC085C-0000000000000003). Exhausted after delivery attempt: 1 caught: org.apache.camel.language.bean.RuntimeBeanExpressionException: Failed to invoke method: fileName on null due to: org.apache.camel.component.bean.MethodNotFoundException: Method with name: fileName not found on bean: {filePath=/pub/example/KeyGeneratorSmall.png, fileName=KeyGeneratorSmall.png} of type: java.util.LinkedHashMap on the exchange: Exchange[9E3D47CB7CC085C-0000000000000003]

Message History (complete message history is disabled)
---------------------------------------------------------------------------------------------------------------------------------------
Source                                   ID                             Processor                                          Elapsed (ms)
camel-route.yaml:7                       20fce9c9-b4c2-49e8-86a3-b9780b from[direct://20fce9c9-b4c2-49e8-86a3-b9780b4357f3         5888
	...
camel-route.yaml:64                      20fce9c9-b4c2-49e8-86a3-b9780b log                                                           0

Stacktrace
---------------------------------------------------------------------------------------------------------------------------------------
[00:55:45.516] INFO  workflow.execution — sftpread: Connecting to test.rebex.net:22
[00:55:45.531] ERROR errorhandler.DefaultErrorHandler — Failed delivery for (MessageId: 9E3D47CB7CC085C-0000000000000004 on ExchangeId: 9E3D47CB7CC085C-0000000000000004). Exhausted after delivery attempt: 1 caught: org.apache.camel.language.bean.RuntimeBeanExpressionException: Failed to invoke method: fileName on null due to: org.apache.camel.component.bean.MethodNotFoundException: Method with name: fileName not found on bean: {filePath=/pub/example/mail-editor.png, fileName=mail-editor.png} of type: java.util.LinkedHashMap on the exchange: Exchange[9E3D47CB7CC085C-0000000000000004]

Message History (complete message history is disabled)
---------------------------------------------------------------------------------------------------------------------------------------
Source                                   ID                             Processor                                          Elapsed (ms)
camel-route.yaml:7                       20fce9c9-b4c2-49e8-86a3-b9780b from[direct://20fce9c9-b4c2-49e8-86a3-b9780b4357f3         5902
	...
camel-route.yaml:64                      20fce9c9-b4c2-49e8-86a3-b9780b log                                                           0

Stacktrace
---------------------------------------------------------------------------------------------------------------------------------------
[00:55:45.535] INFO  workflow.execution — sftpread: Connecting to test.rebex.net:22
[00:55:45.541] ERROR errorhandler.DefaultErrorHandler — Failed delivery for (MessageId: 9E3D47CB7CC085C-0000000000000005 on ExchangeId: 9E3D47CB7CC085C-0000000000000005). Exhausted after delivery attempt: 1 caught: org.apache.camel.language.bean.RuntimeBeanExpressionException: Failed to invoke method: fileName on null due to: org.apache.camel.component.bean.MethodNotFoundException: Method with name: fileName not found on bean: {filePath=/pub/example/mail-send-winforms.png, fileName=mail-send-winforms.png} of type: java.util.LinkedHashMap on the exchange: Exchange[9E3D47CB7CC085C-0000000000000005]

Message History (complete message history is disabled)
---------------------------------------------------------------------------------------------------------------------------------------
Source                                   ID                             Processor                                          Elapsed (ms)
camel-route.yaml:7                       20fce9c9-b4c2-49e8-86a3-b9780b from[direct://20fce9c9-b4c2-49e8-86a3-b9780b4357f3         5915
	...
camel-route.yaml:64                      20fce9c9-b4c2-49e8-86a3-b9780b log                                                           0

Stacktrace
---------------------------------------------------------------------------------------------------------------------------------------
[00:55:45.544] INFO  workflow.execution — sftpread: Connecting to test.rebex.net:22
[00:55:45.549] ERROR errorhandler.DefaultErrorHandler — Failed delivery for (MessageId: 9E3D47CB7CC085C-0000000000000006 on ExchangeId: 9E3D47CB7CC085C-0000000000000006). Exhausted after delivery attempt: 1 caught: org.apache.camel.language.bean.RuntimeBeanExpressionException: Failed to invoke method: fileName on null due to: org.apache.camel.component.bean.MethodNotFoundException: Method with name: fileName not found on bean: {filePath=/pub/example/mime-explorer.png, fileName=mime-explorer.png} of type: java.util.LinkedHashMap on the exchange: Exchange[9E3D47CB7CC085C-0000000000000006]

Message History (complete message history is disabled)
---------------------------------------------------------------------------------------------------------------------------------------
Source                                   ID                             Processor                                          Elapsed (ms)
camel-route.yaml:7                       20fce9c9-b4c2-49e8-86a3-b9780b from[direct://20fce9c9-b4c2-49e8-86a3-b9780b4357f3         5923
	...
camel-route.yaml:64                      20fce9c9-b4c2-49e8-86a3-b9780b log                                                           0

Stacktrace
---------------------------------------------------------------------------------------------------------------------------------------
[00:55:45.549] INFO  workflow.execution — sftpread: Connecting to test.rebex.net:22
[00:55:45.559] ERROR errorhandler.DefaultErrorHandler — Failed delivery for (MessageId: 9E3D47CB7CC085C-0000000000000007 on ExchangeId: 9E3D47CB7CC085C-0000000000000007). Exhausted after delivery attempt: 1 caught: org.apache.camel.language.bean.RuntimeBeanExpressionException: Failed to invoke method: fileName on null due to: org.apache.camel.component.bean.MethodNotFoundException: Method with name: fileName not found on bean: {filePath=/pub/example/pocketftp.png, fileName=pocketftp.png} of type: java.util.LinkedHashMap on the exchange: Exchange[9E3D47CB7CC085C-0000000000000007]

Message History (complete message history is disabled)
---------------------------------------------------------------------------------------------------------------------------------------
Source                                   ID                             Processor                                          Elapsed (ms)
camel-route.yaml:7                       20fce9c9-b4c2-49e8-86a3-b9780b from[direct://20fce9c9-b4c2-49e8-86a3-b9780b4357f3         5930
	...
camel-route.yaml:64                      20fce9c9-b4c2-49e8-86a3-b9780b log                                                           0

Stacktrace
---------------------------------------------------------------------------------------------------------------------------------------
[00:55:45.559] INFO  workflow.execution — sftpread: Connecting to test.rebex.net:22
[00:55:45.564] ERROR errorhandler.DefaultErrorHandler — Failed delivery for (MessageId: 9E3D47CB7CC085C-0000000000000008 on ExchangeId: 9E3D47CB7CC085C-0000000000000008). Exhausted after delivery attempt: 1 caught: org.apache.camel.language.bean.RuntimeBeanExpressionException: Failed to invoke method: fileName on null due to: org.apache.camel.component.bean.MethodNotFoundException: Method with name: fileName not found on bean: {filePath=/pub/example/pocketftpSmall.png, fileName=pocketftpSmall.png} of type: java.util.LinkedHashMap on the exchange: Exchange[9E3D47CB7CC085C-0000000000000008]

Message History (complete message history is disabled)
---------------------------------------------------------------------------------------------------------------------------------------
Source                                   ID                             Processor                                          Elapsed (ms)
camel-route.yaml:7                       20fce9c9-b4c2-49e8-86a3-b9780b from[direct://20fce9c9-b4c2-49e8-86a3-b9780b4357f3         5933
	...
camel-route.yaml:64                      20fce9c9-b4c2-49e8-86a3-b9780b log                                                           0

Stacktrace
---------------------------------------------------------------------------------------------------------------------------------------
[00:55:45.564] INFO  workflow.execution — sftpread: Connecting to test.rebex.net:22
[00:55:45.573] ERROR errorhandler.DefaultErrorHandler — Failed delivery for (MessageId: 9E3D47CB7CC085C-0000000000000009 on ExchangeId: 9E3D47CB7CC085C-0000000000000009). Exhausted after delivery attempt: 1 caught: org.apache.camel.language.bean.RuntimeBeanExpressionException: Failed to invoke method: fileName on null due to: org.apache.camel.component.bean.MethodNotFoundException: Method with name: fileName not found on bean: {filePath=/pub/example/pop3-browser.png, fileName=pop3-browser.png} of type: java.util.LinkedHashMap on the exchange: Exchange[9E3D47CB7CC085C-0000000000000009]

Message History (complete message history is disabled)
---------------------------------------------------------------------------------------------------------------------------------------
Source                                   ID                             Processor                                          Elapsed (ms)
camel-route.yaml:7                       20fce9c9-b4c2-49e8-86a3-b9780b from[direct://20fce9c9-b4c2-49e8-86a3-b9780b4357f3         5947
	...
camel-route.yaml:64                      20fce9c9-b4c2-49e8-86a3-b9780b log                                                           0

Stacktrace
---------------------------------------------------------------------------------------------------------------------------------------
[00:55:45.573] INFO  workflow.execution — sftpread: Connecting to test.rebex.net:22
[00:55:45.573] ERROR errorhandler.DefaultErrorHandler — Failed delivery for (MessageId: 9E3D47CB7CC085C-000000000000000A on ExchangeId: 9E3D47CB7CC085C-000000000000000A). Exhausted after delivery attempt: 1 caught: org.apache.camel.language.bean.RuntimeBeanExpressionException: Failed to invoke method: fileName on null due to: org.apache.camel.component.bean.MethodNotFoundException: Method with name: fileName not found on bean: {filePath=/pub/example/pop3-console-client.png, fileName=pop3-console-client.png} of type: java.util.LinkedHashMap on the exchange: Exchange[9E3D47CB7CC085C-000000000000000A]

Message History (complete message history is disabled)
---------------------------------------------------------------------------------------------------------------------------------------
Source                                   ID                             Processor                                          Elapsed (ms)
camel-route.yaml:7                       20fce9c9-b4c2-49e8-86a3-b9780b from[direct://20fce9c9-b4c2-49e8-86a3-b9780b4357f3         5947
	...
camel-route.yaml:64                      20fce9c9-b4c2-49e8-86a3-b9780b log                                                           0

Stacktrace
---------------------------------------------------------------------------------------------------------------------------------------
[00:55:45.573] INFO  workflow.execution — sftpread: Connecting to test.rebex.net:22
[00:55:45.592] ERROR errorhandler.DefaultErrorHandler — Failed delivery for (MessageId: 9E3D47CB7CC085C-000000000000000B on ExchangeId: 9E3D47CB7CC085C-000000000000000B). Exhausted after delivery attempt: 1 caught: org.apache.camel.language.bean.RuntimeBeanExpressionException: Failed to invoke method: fileName on null due to: org.apache.camel.component.bean.MethodNotFoundException: Method with name: fileName not found on bean: {filePath=/pub/example/readme.txt, fileName=readme.txt} of type: java.util.LinkedHashMap on the exchange: Exchange[9E3D47CB7CC085C-000000000000000B]

Message History (complete message history is disabled)
---------------------------------------------------------------------------------------------------------------------------------------
Source                                   ID                             Processor                                          Elapsed (ms)
camel-route.yaml:7                       20fce9c9-b4c2-49e8-86a3-b9780b from[direct://20fce9c9-b4c2-49e8-86a3-b9780b4357f3         5965
	...
camel-route.yaml:64                      20fce9c9-b4c2-49e8-86a3-b9780b log                                                           0

Stacktrace
---------------------------------------------------------------------------------------------------------------------------------------
[00:55:45.592] INFO  workflow.execution — sftpread: Connecting to test.rebex.net:22
[00:55:45.592] ERROR errorhandler.DefaultErrorHandler — Failed delivery for (MessageId: 9E3D47CB7CC085C-000000000000000C on ExchangeId: 9E3D47CB7CC085C-000000000000000C). Exhausted after delivery attempt: 1 caught: org.apache.camel.language.bean.RuntimeBeanExpressionException: Failed to invoke method: fileName on null due to: org.apache.camel.component.bean.MethodNotFoundException: Method with name: fileName not found on bean: {filePath=/pub/example/ResumableTransfer.png, fileName=ResumableTransfer.png} of type: java.util.LinkedHashMap on the exchange: Exchange[9E3D47CB7CC085C-000000000000000C]

Message History (complete message history is disabled)
---------------------------------------------------------------------------------------------------------------------------------------
Source                                   ID                             Processor                                          Elapsed (ms)
camel-route.yaml:7                       20fce9c9-b4c2-49e8-86a3-b9780b from[direct://20fce9c9-b4c2-49e8-86a3-b9780b4357f3         5966
	...
camel-route.yaml:64                      20fce9c9-b4c2-49e8-86a3-b9780b log                                                           0

Stacktrace
---------------------------------------------------------------------------------------------------------------------------------------
[00:55:45.608] INFO  workflow.execution — sftpread: Connecting to test.rebex.net:22
[00:55:45.628] ERROR errorhandler.DefaultErrorHandler — Failed delivery for (MessageId: 9E3D47CB7CC085C-000000000000000D on ExchangeId: 9E3D47CB7CC085C-000000000000000D). Exhausted after delivery attempt: 1 caught: org.apache.camel.language.bean.RuntimeBeanExpressionException: Failed to invoke method: fileName on null due to: org.apache.camel.component.bean.MethodNotFoundException: Method with name: fileName not found on bean: {filePath=/pub/example/winceclient.png, fileName=winceclient.png} of type: java.util.LinkedHashMap on the exchange: Exchange[9E3D47CB7CC085C-000000000000000D]

Message History (complete message history is disabled)
---------------------------------------------------------------------------------------------------------------------------------------
Source                                   ID                             Processor                                          Elapsed (ms)
camel-route.yaml:7                       20fce9c9-b4c2-49e8-86a3-b9780b from[direct://20fce9c9-b4c2-49e8-86a3-b9780b4357f3         6001
	...
camel-route.yaml:64                      20fce9c9-b4c2-49e8-86a3-b9780b log                                                           0

Stacktrace
---------------------------------------------------------------------------------------------------------------------------------------
[00:55:45.629] INFO  workflow.execution — sftpread: Connecting to test.rebex.net:22
[00:55:45.633] ERROR errorhandler.DefaultErrorHandler — Failed delivery for (MessageId: 9E3D47CB7CC085C-000000000000000E on ExchangeId: 9E3D47CB7CC085C-000000000000000E). Exhausted after delivery attempt: 1 caught: org.apache.camel.language.bean.RuntimeBeanExpressionException: Failed to invoke method: fileName on null due to: org.apache.camel.component.bean.MethodNotFoundException: Method with name: fileName not found on bean: {filePath=/pub/example/winceclientSmall.png, fileName=winceclientSmall.png} of type: java.util.LinkedHashMap on the exchange: Exchange[9E3D47CB7CC085C-000000000000000E]

Message History (complete message history is disabled)
---------------------------------------------------------------------------------------------------------------------------------------
Source                                   ID                             Processor                                          Elapsed (ms)
camel-route.yaml:7                       20fce9c9-b4c2-49e8-86a3-b9780b from[direct://20fce9c9-b4c2-49e8-86a3-b9780b4357f3         6006
	...
camel-route.yaml:64                      20fce9c9-b4c2-49e8-86a3-b9780b log                                                           0

Stacktrace
---------------------------------------------------------------------------------------------------------------------------------------
[00:55:45.636] INFO  workflow.execution — sftpread: Connecting to test.rebex.net:22
[00:55:45.640] ERROR errorhandler.DefaultErrorHandler — Failed delivery for (MessageId: 9E3D47CB7CC085C-000000000000000F on ExchangeId: 9E3D47CB7CC085C-000000000000000F). Exhausted after delivery attempt: 1 caught: org.apache.camel.language.bean.RuntimeBeanExpressionException: Failed to invoke method: fileName on null due to: org.apache.camel.component.bean.MethodNotFoundException: Method with name: fileName not found on bean: {filePath=/pub/example/WinFormClient.png, fileName=WinFormClient.png} of type: java.util.LinkedHashMap on the exchange: Exchange[9E3D47CB7CC085C-000000000000000F]

Message History (complete message history is disabled)
---------------------------------------------------------------------------------------------------------------------------------------
Source                                   ID                             Processor                                          Elapsed (ms)
camel-route.yaml:7                       20fce9c9-b4c2-49e8-86a3-b9780b from[direct://20fce9c9-b4c2-49e8-86a3-b9780b4357f3         6012
	...
camel-route.yaml:64                      20fce9c9-b4c2-49e8-86a3-b9780b log                                                           0

Stacktrace
---------------------------------------------------------------------------------------------------------------------------------------
[00:55:45.642] INFO  workflow.execution — sftpread: Connecting to test.rebex.net:22
[00:55:45.648] ERROR errorhandler.DefaultErrorHandler — Failed delivery for (MessageId: 9E3D47CB7CC085C-0000000000000010 on ExchangeId: 9E3D47CB7CC085C-0000000000000010). Exhausted after delivery attempt: 1 caught: org.apache.camel.language.bean.RuntimeBeanExpressionException: Failed to invoke method: fileName on null due to: org.apache.camel.component.bean.MethodNotFoundException: Method with name: fileName not found on bean: {filePath=/pub/example/WinFormClientSmall.png, fileName=WinFormClientSmall.png} of type: java.util.LinkedHashMap on the exchange: Exchange[9E3D47CB7CC085C-0000000000000010]

Message History (complete message history is disabled)
---------------------------------------------------------------------------------------------------------------------------------------
Source                                   ID                             Processor                                          Elapsed (ms)
camel-route.yaml:7                       20fce9c9-b4c2-49e8-86a3-b9780b from[direct://20fce9c9-b4c2-49e8-86a3-b9780b4357f3         6021
	...
camel-route.yaml:64                      20fce9c9-b4c2-49e8-86a3-b9780b log                                                           0

Stacktrace
---------------------------------------------------------------------------------------------------------------------------------------
[00:55:45.654] ERROR controller.WorkflowController — Workflow 'New Workflow' run failed: Failed to invoke method: fileName on null due to: org.apache.camel.component.bean.MethodNotFoundException: Method with name: fileName not found on bean: {filePath=/pub/example/WinFormClientSmall.png, fileName=WinFormClientSmall.png} of type: java.util.LinkedHashMap on the exchange: Exchange[9E3D47CB7CC085C-0000000000000010]
