[00:44:34.126] INFO  controller.WorkflowController — ─────────────────────────────────────────────────────
[00:44:34.145] INFO  controller.WorkflowController — Workflow 'New Workflow' run started [runId=run-f4813d4f3a3b]
[00:44:34.145] INFO  workflow.execution — sftplist: Connecting to test.rebex.net:22
[00:44:34.145] INFO  workflow.execution — sftplist: Listing /pub/example
[00:44:37.169] INFO  workflow.execution — sftpread: Connecting to test.rebex.net:22
[00:44:37.209] ERROR errorhandler.DefaultErrorHandler — Failed delivery for (MessageId: D7C74EDDE17B923-0000000000000023 on ExchangeId: D7C74EDDE17B923-0000000000000023). Exhausted after delivery attempt: 1 caught: org.apache.camel.language.bean.RuntimeBeanExpressionException: Failed to invoke method: [fileName] on com.fasterxml.jackson.databind.node.ObjectNode due to: org.apache.camel.TypeConversionException: Error during type conversion from type: com.fasterxml.jackson.databind.node.ObjectNode to the required type: java.util.Map with value {"filePath":"/pub/example/imap-console-client.png","fileName":"imap-console-client.png"} due to java.lang.NullPointerException: null

Message History (complete message history is disabled)
---------------------------------------------------------------------------------------------------------------------------------------
Source                                   ID                             Processor                                          Elapsed (ms)
camel-route.yaml:7                       20fce9c9-b4c2-49e8-86a3-b9780b from[direct://20fce9c9-b4c2-49e8-86a3-b9780b4357f3         3057
	...
camel-route.yaml:64                      20fce9c9-b4c2-49e8-86a3-b9780b log                                                           0

Stacktrace
---------------------------------------------------------------------------------------------------------------------------------------
[00:44:37.263] INFO  workflow.execution — sftpread: Connecting to test.rebex.net:22
[00:44:37.263] ERROR errorhandler.DefaultErrorHandler — Failed delivery for (MessageId: D7C74EDDE17B923-0000000000000024 on ExchangeId: D7C74EDDE17B923-0000000000000024). Exhausted after delivery attempt: 1 caught: org.apache.camel.language.bean.RuntimeBeanExpressionException: Failed to invoke method: [fileName] on com.fasterxml.jackson.databind.node.ObjectNode due to: org.apache.camel.TypeConversionException: Error during type conversion from type: com.fasterxml.jackson.databind.node.ObjectNode to the required type: java.util.Map with value {"filePath":"/pub/example/KeyGenerator.png","fileName":"KeyGenerator.png"} due to java.lang.NullPointerException: null

Message History (complete message history is disabled)
---------------------------------------------------------------------------------------------------------------------------------------
Source                                   ID                             Processor                                          Elapsed (ms)
camel-route.yaml:7                       20fce9c9-b4c2-49e8-86a3-b9780b from[direct://20fce9c9-b4c2-49e8-86a3-b9780b4357f3         3118
	...
camel-route.yaml:64                      20fce9c9-b4c2-49e8-86a3-b9780b log                                                           0

Stacktrace
---------------------------------------------------------------------------------------------------------------------------------------
[00:44:37.279] INFO  workflow.execution — sftpread: Connecting to test.rebex.net:22
[00:44:37.287] ERROR errorhandler.DefaultErrorHandler — Failed delivery for (MessageId: D7C74EDDE17B923-0000000000000025 on ExchangeId: D7C74EDDE17B923-0000000000000025). Exhausted after delivery attempt: 1 caught: org.apache.camel.language.bean.RuntimeBeanExpressionException: Failed to invoke method: [fileName] on com.fasterxml.jackson.databind.node.ObjectNode due to: org.apache.camel.TypeConversionException: Error during type conversion from type: com.fasterxml.jackson.databind.node.ObjectNode to the required type: java.util.Map with value {"filePath":"/pub/example/KeyGeneratorSmall.png","fileName":"KeyGeneratorSmall.png"} due to java.lang.NullPointerException: null

Message History (complete message history is disabled)
---------------------------------------------------------------------------------------------------------------------------------------
Source                                   ID                             Processor                                          Elapsed (ms)
camel-route.yaml:7                       20fce9c9-b4c2-49e8-86a3-b9780b from[direct://20fce9c9-b4c2-49e8-86a3-b9780b4357f3         3134
	...
camel-route.yaml:64                      20fce9c9-b4c2-49e8-86a3-b9780b log                                                           0

Stacktrace
---------------------------------------------------------------------------------------------------------------------------------------
[00:44:37.287] INFO  workflow.execution — sftpread: Connecting to test.rebex.net:22
[00:44:37.295] ERROR errorhandler.DefaultErrorHandler — Failed delivery for (MessageId: D7C74EDDE17B923-0000000000000026 on ExchangeId: D7C74EDDE17B923-0000000000000026). Exhausted after delivery attempt: 1 caught: org.apache.camel.language.bean.RuntimeBeanExpressionException: Failed to invoke method: [fileName] on com.fasterxml.jackson.databind.node.ObjectNode due to: org.apache.camel.TypeConversionException: Error during type conversion from type: com.fasterxml.jackson.databind.node.ObjectNode to the required type: java.util.Map with value {"filePath":"/pub/example/mail-editor.png","fileName":"mail-editor.png"} due to java.lang.NullPointerException: null

Message History (complete message history is disabled)
---------------------------------------------------------------------------------------------------------------------------------------
Source                                   ID                             Processor                                          Elapsed (ms)
camel-route.yaml:7                       20fce9c9-b4c2-49e8-86a3-b9780b from[direct://20fce9c9-b4c2-49e8-86a3-b9780b4357f3         3150
	...
camel-route.yaml:64                      20fce9c9-b4c2-49e8-86a3-b9780b log                                                           0

Stacktrace
---------------------------------------------------------------------------------------------------------------------------------------
[00:44:37.307] INFO  workflow.execution — sftpread: Connecting to test.rebex.net:22
[00:44:37.312] ERROR errorhandler.DefaultErrorHandler — Failed delivery for (MessageId: D7C74EDDE17B923-0000000000000027 on ExchangeId: D7C74EDDE17B923-0000000000000027). Exhausted after delivery attempt: 1 caught: org.apache.camel.language.bean.RuntimeBeanExpressionException: Failed to invoke method: [fileName] on com.fasterxml.jackson.databind.node.ObjectNode due to: org.apache.camel.TypeConversionException: Error during type conversion from type: com.fasterxml.jackson.databind.node.ObjectNode to the required type: java.util.Map with value {"filePath":"/pub/example/mail-send-winforms.png","fileName":"mail-send-winforms.png"} due to java.lang.NullPointerException: null

Message History (complete message history is disabled)
---------------------------------------------------------------------------------------------------------------------------------------
Source                                   ID                             Processor                                          Elapsed (ms)
camel-route.yaml:7                       20fce9c9-b4c2-49e8-86a3-b9780b from[direct://20fce9c9-b4c2-49e8-86a3-b9780b4357f3         3167
	...
camel-route.yaml:64                      20fce9c9-b4c2-49e8-86a3-b9780b log                                                           0

Stacktrace
---------------------------------------------------------------------------------------------------------------------------------------
[00:44:37.320] INFO  workflow.execution — sftpread: Connecting to test.rebex.net:22
[00:44:37.385] ERROR errorhandler.DefaultErrorHandler — Failed delivery for (MessageId: D7C74EDDE17B923-0000000000000028 on ExchangeId: D7C74EDDE17B923-0000000000000028). Exhausted after delivery attempt: 1 caught: org.apache.camel.language.bean.RuntimeBeanExpressionException: Failed to invoke method: [fileName] on com.fasterxml.jackson.databind.node.ObjectNode due to: org.apache.camel.TypeConversionException: Error during type conversion from type: com.fasterxml.jackson.databind.node.ObjectNode to the required type: java.util.Map with value {"filePath":"/pub/example/mime-explorer.png","fileName":"mime-explorer.png"} due to java.lang.NullPointerException: null

Message History (complete message history is disabled)
---------------------------------------------------------------------------------------------------------------------------------------
Source                                   ID                             Processor                                          Elapsed (ms)
camel-route.yaml:7                       20fce9c9-b4c2-49e8-86a3-b9780b from[direct://20fce9c9-b4c2-49e8-86a3-b9780b4357f3         3238
	...
camel-route.yaml:64                      20fce9c9-b4c2-49e8-86a3-b9780b log                                                           0

Stacktrace
---------------------------------------------------------------------------------------------------------------------------------------
[00:44:37.387] INFO  workflow.execution — sftpread: Connecting to test.rebex.net:22
[00:44:37.409] ERROR errorhandler.DefaultErrorHandler — Failed delivery for (MessageId: D7C74EDDE17B923-0000000000000029 on ExchangeId: D7C74EDDE17B923-0000000000000029). Exhausted after delivery attempt: 1 caught: org.apache.camel.language.bean.RuntimeBeanExpressionException: Failed to invoke method: [fileName] on com.fasterxml.jackson.databind.node.ObjectNode due to: org.apache.camel.TypeConversionException: Error during type conversion from type: com.fasterxml.jackson.databind.node.ObjectNode to the required type: java.util.Map with value {"filePath":"/pub/example/pocketftp.png","fileName":"pocketftp.png"} due to java.lang.NullPointerException: null

Message History (complete message history is disabled)
---------------------------------------------------------------------------------------------------------------------------------------
Source                                   ID                             Processor                                          Elapsed (ms)
camel-route.yaml:7                       20fce9c9-b4c2-49e8-86a3-b9780b from[direct://20fce9c9-b4c2-49e8-86a3-b9780b4357f3         3262
	...
camel-route.yaml:64                      20fce9c9-b4c2-49e8-86a3-b9780b log                                                           0

Stacktrace
---------------------------------------------------------------------------------------------------------------------------------------
[00:44:37.415] INFO  workflow.execution — sftpread: Connecting to test.rebex.net:22
[00:44:37.424] ERROR errorhandler.DefaultErrorHandler — Failed delivery for (MessageId: D7C74EDDE17B923-000000000000002A on ExchangeId: D7C74EDDE17B923-000000000000002A). Exhausted after delivery attempt: 1 caught: org.apache.camel.language.bean.RuntimeBeanExpressionException: Failed to invoke method: [fileName] on com.fasterxml.jackson.databind.node.ObjectNode due to: org.apache.camel.TypeConversionException: Error during type conversion from type: com.fasterxml.jackson.databind.node.ObjectNode to the required type: java.util.Map with value {"filePath":"/pub/example/pocketftpSmall.png","fileName":"pocketftpSmall.png"} due to java.lang.NullPointerException: null

Message History (complete message history is disabled)
---------------------------------------------------------------------------------------------------------------------------------------
Source                                   ID                             Processor                                          Elapsed (ms)
camel-route.yaml:7                       20fce9c9-b4c2-49e8-86a3-b9780b from[direct://20fce9c9-b4c2-49e8-86a3-b9780b4357f3         3279
	...
camel-route.yaml:64                      20fce9c9-b4c2-49e8-86a3-b9780b log                                                           0

Stacktrace
---------------------------------------------------------------------------------------------------------------------------------------
[00:44:37.515] INFO  workflow.execution — sftpread: Connecting to test.rebex.net:22
[00:44:37.640] ERROR errorhandler.DefaultErrorHandler — Failed delivery for (MessageId: D7C74EDDE17B923-000000000000002B on ExchangeId: D7C74EDDE17B923-000000000000002B). Exhausted after delivery attempt: 1 caught: org.apache.camel.language.bean.RuntimeBeanExpressionException: Failed to invoke method: [fileName] on com.fasterxml.jackson.databind.node.ObjectNode due to: org.apache.camel.TypeConversionException: Error during type conversion from type: com.fasterxml.jackson.databind.node.ObjectNode to the required type: java.util.Map with value {"filePath":"/pub/example/pop3-browser.png","fileName":"pop3-browser.png"} due to java.lang.NullPointerException: null

Message History (complete message history is disabled)
---------------------------------------------------------------------------------------------------------------------------------------
Source                                   ID                             Processor                                          Elapsed (ms)
camel-route.yaml:7                       20fce9c9-b4c2-49e8-86a3-b9780b from[direct://20fce9c9-b4c2-49e8-86a3-b9780b4357f3         3495
	...
camel-route.yaml:64                      20fce9c9-b4c2-49e8-86a3-b9780b log                                                           0

Stacktrace
---------------------------------------------------------------------------------------------------------------------------------------
[00:44:37.663] INFO  workflow.execution — sftpread: Connecting to test.rebex.net:22
[00:44:37.670] ERROR errorhandler.DefaultErrorHandler — Failed delivery for (MessageId: D7C74EDDE17B923-000000000000002C on ExchangeId: D7C74EDDE17B923-000000000000002C). Exhausted after delivery attempt: 1 caught: org.apache.camel.language.bean.RuntimeBeanExpressionException: Failed to invoke method: [fileName] on com.fasterxml.jackson.databind.node.ObjectNode due to: org.apache.camel.TypeConversionException: Error during type conversion from type: com.fasterxml.jackson.databind.node.ObjectNode to the required type: java.util.Map with value {"filePath":"/pub/example/pop3-console-client.png","fileName":"pop3-console-client.png"} due to java.lang.NullPointerException: null

Message History (complete message history is disabled)
---------------------------------------------------------------------------------------------------------------------------------------
Source                                   ID                             Processor                                          Elapsed (ms)
camel-route.yaml:7                       20fce9c9-b4c2-49e8-86a3-b9780b from[direct://20fce9c9-b4c2-49e8-86a3-b9780b4357f3         3522
	...
camel-route.yaml:64                      20fce9c9-b4c2-49e8-86a3-b9780b log                                                           0

Stacktrace
---------------------------------------------------------------------------------------------------------------------------------------
[00:44:37.686] INFO  workflow.execution — sftpread: Connecting to test.rebex.net:22
[00:44:37.710] ERROR errorhandler.DefaultErrorHandler — Failed delivery for (MessageId: D7C74EDDE17B923-000000000000002D on ExchangeId: D7C74EDDE17B923-000000000000002D). Exhausted after delivery attempt: 1 caught: org.apache.camel.language.bean.RuntimeBeanExpressionException: Failed to invoke method: [fileName] on com.fasterxml.jackson.databind.node.ObjectNode due to: org.apache.camel.TypeConversionException: Error during type conversion from type: com.fasterxml.jackson.databind.node.ObjectNode to the required type: java.util.Map with value {"filePath":"/pub/example/readme.txt","fileName":"readme.txt"} due to java.lang.NullPointerException: null

Message History (complete message history is disabled)
---------------------------------------------------------------------------------------------------------------------------------------
Source                                   ID                             Processor                                          Elapsed (ms)
camel-route.yaml:7                       20fce9c9-b4c2-49e8-86a3-b9780b from[direct://20fce9c9-b4c2-49e8-86a3-b9780b4357f3         3556
	...
camel-route.yaml:64                      20fce9c9-b4c2-49e8-86a3-b9780b log                                                           0

Stacktrace
---------------------------------------------------------------------------------------------------------------------------------------
[00:44:37.729] INFO  workflow.execution — sftpread: Connecting to test.rebex.net:22
[00:44:37.742] ERROR errorhandler.DefaultErrorHandler — Failed delivery for (MessageId: D7C74EDDE17B923-000000000000002E on ExchangeId: D7C74EDDE17B923-000000000000002E). Exhausted after delivery attempt: 1 caught: org.apache.camel.language.bean.RuntimeBeanExpressionException: Failed to invoke method: [fileName] on com.fasterxml.jackson.databind.node.ObjectNode due to: org.apache.camel.TypeConversionException: Error during type conversion from type: com.fasterxml.jackson.databind.node.ObjectNode to the required type: java.util.Map with value {"filePath":"/pub/example/ResumableTransfer.png","fileName":"ResumableTransfer.png"} due to java.lang.NullPointerException: null

Message History (complete message history is disabled)
---------------------------------------------------------------------------------------------------------------------------------------
Source                                   ID                             Processor                                          Elapsed (ms)
camel-route.yaml:7                       20fce9c9-b4c2-49e8-86a3-b9780b from[direct://20fce9c9-b4c2-49e8-86a3-b9780b4357f3         3589
	...
camel-route.yaml:64                      20fce9c9-b4c2-49e8-86a3-b9780b log                                                           0

Stacktrace
---------------------------------------------------------------------------------------------------------------------------------------
[00:44:37.750] INFO  workflow.execution — sftpread: Connecting to test.rebex.net:22
[00:44:37.878] ERROR errorhandler.DefaultErrorHandler — Failed delivery for (MessageId: D7C74EDDE17B923-000000000000002F on ExchangeId: D7C74EDDE17B923-000000000000002F). Exhausted after delivery attempt: 1 caught: org.apache.camel.language.bean.RuntimeBeanExpressionException: Failed to invoke method: [fileName] on com.fasterxml.jackson.databind.node.ObjectNode due to: org.apache.camel.TypeConversionException: Error during type conversion from type: com.fasterxml.jackson.databind.node.ObjectNode to the required type: java.util.Map with value {"filePath":"/pub/example/winceclient.png","fileName":"winceclient.png"} due to java.lang.NullPointerException: null

Message History (complete message history is disabled)
---------------------------------------------------------------------------------------------------------------------------------------
Source                                   ID                             Processor                                          Elapsed (ms)
camel-route.yaml:7                       20fce9c9-b4c2-49e8-86a3-b9780b from[direct://20fce9c9-b4c2-49e8-86a3-b9780b4357f3         3733
	...
camel-route.yaml:64                      20fce9c9-b4c2-49e8-86a3-b9780b log                                                           0

Stacktrace
---------------------------------------------------------------------------------------------------------------------------------------
[00:44:37.882] INFO  workflow.execution — sftpread: Connecting to test.rebex.net:22
[00:44:37.887] ERROR errorhandler.DefaultErrorHandler — Failed delivery for (MessageId: D7C74EDDE17B923-0000000000000030 on ExchangeId: D7C74EDDE17B923-0000000000000030). Exhausted after delivery attempt: 1 caught: org.apache.camel.language.bean.RuntimeBeanExpressionException: Failed to invoke method: [fileName] on com.fasterxml.jackson.databind.node.ObjectNode due to: org.apache.camel.TypeConversionException: Error during type conversion from type: com.fasterxml.jackson.databind.node.ObjectNode to the required type: java.util.Map with value {"filePath":"/pub/example/winceclientSmall.png","fileName":"winceclientSmall.png"} due to java.lang.NullPointerException: null

Message History (complete message history is disabled)
---------------------------------------------------------------------------------------------------------------------------------------
Source                                   ID                             Processor                                          Elapsed (ms)
camel-route.yaml:7                       20fce9c9-b4c2-49e8-86a3-b9780b from[direct://20fce9c9-b4c2-49e8-86a3-b9780b4357f3         3740
	...
camel-route.yaml:64                      20fce9c9-b4c2-49e8-86a3-b9780b log                                                           0

Stacktrace
---------------------------------------------------------------------------------------------------------------------------------------
[00:44:37.887] INFO  workflow.execution — sftpread: Connecting to test.rebex.net:22
[00:44:37.892] ERROR errorhandler.DefaultErrorHandler — Failed delivery for (MessageId: D7C74EDDE17B923-0000000000000031 on ExchangeId: D7C74EDDE17B923-0000000000000031). Exhausted after delivery attempt: 1 caught: org.apache.camel.language.bean.RuntimeBeanExpressionException: Failed to invoke method: [fileName] on com.fasterxml.jackson.databind.node.ObjectNode due to: org.apache.camel.TypeConversionException: Error during type conversion from type: com.fasterxml.jackson.databind.node.ObjectNode to the required type: java.util.Map with value {"filePath":"/pub/example/WinFormClient.png","fileName":"WinFormClient.png"} due to java.lang.NullPointerException: null

Message History (complete message history is disabled)
---------------------------------------------------------------------------------------------------------------------------------------
Source                                   ID                             Processor                                          Elapsed (ms)
camel-route.yaml:7                       20fce9c9-b4c2-49e8-86a3-b9780b from[direct://20fce9c9-b4c2-49e8-86a3-b9780b4357f3         3747
	...
camel-route.yaml:64                      20fce9c9-b4c2-49e8-86a3-b9780b log                                                           0

Stacktrace
---------------------------------------------------------------------------------------------------------------------------------------
[00:44:37.895] INFO  workflow.execution — sftpread: Connecting to test.rebex.net:22
[00:44:37.902] ERROR errorhandler.DefaultErrorHandler — Failed delivery for (MessageId: D7C74EDDE17B923-0000000000000032 on ExchangeId: D7C74EDDE17B923-0000000000000032). Exhausted after delivery attempt: 1 caught: org.apache.camel.language.bean.RuntimeBeanExpressionException: Failed to invoke method: [fileName] on com.fasterxml.jackson.databind.node.ObjectNode due to: org.apache.camel.TypeConversionException: Error during type conversion from type: com.fasterxml.jackson.databind.node.ObjectNode to the required type: java.util.Map with value {"filePath":"/pub/example/WinFormClientSmall.png","fileName":"WinFormClientSmall.png"} due to java.lang.NullPointerException: null

Message History (complete message history is disabled)
---------------------------------------------------------------------------------------------------------------------------------------
Source                                   ID                             Processor                                          Elapsed (ms)
camel-route.yaml:7                       20fce9c9-b4c2-49e8-86a3-b9780b from[direct://20fce9c9-b4c2-49e8-86a3-b9780b4357f3         3753
	...
camel-route.yaml:64                      20fce9c9-b4c2-49e8-86a3-b9780b log                                                           0

Stacktrace
---------------------------------------------------------------------------------------------------------------------------------------
[00:44:37.906] ERROR controller.WorkflowController — Workflow 'New Workflow' run failed: Failed to invoke method: [fileName] on com.fasterxml.jackson.databind.node.ObjectNode due to: org.apache.camel.TypeConversionException: Error during type conversion from type: com.fasterxml.jackson.databind.node.ObjectNode to the required type: java.util.Map with value {"filePath":"/pub/example/WinFormClientSmall.png","fileName":"WinFormClientSmall.png"} due to java.lang.NullPointerException: null
