[17:15:33.143] INFO  controller.WorkflowController — ─────────────────────────────────────────────────────
[17:15:33.206] INFO  controller.WorkflowController — Workflow 'File to Sftp' run started [runId=run-92534fdb3722]
[17:15:33.231] INFO  workflow.execution — filelist: Listing directory C:/files
[17:15:35.572] INFO  workflow.execution — fileread: Reading C:\files\readme.txt
[17:15:35.964] INFO  workflow.execution — sftpwrite: Connecting to test.rebex.net:22
[17:15:36.027] INFO  workflow.execution — sftpwrite: Writing /pub/example/readme.txt
[17:15:36.100] INFO  remote.SftpOperations — Known host file not configured, using user known host file: C:\Users\Admin/.ssh/known_hosts
[17:15:42.391] WARN  remote.RemoteFileProducer — Writing file failed with: Cannot store file: pub/example/readme.txt
[17:15:42.463] ERROR errorhandler.DefaultErrorHandler — Failed delivery for (MessageId: 3179CCB837D3078-0000000000000001 on ExchangeId: 3179CCB837D3078-0000000000000001). Exhausted after delivery attempt: 1 caught: org.apache.camel.component.file.GenericFileOperationFailedException: Cannot store file: pub/example/readme.txt

Message History (complete message history is disabled)
---------------------------------------------------------------------------------------------------------------------------------------
Source                                   ID                             Processor                                          Elapsed (ms)
camel-route.yaml:7                       d32c3289-fa0f-4ba6-b7d5-ecddad from[direct://d32c3289-fa0f-4ba6-b7d5-ecddadf2e6bf         9237
	...
camel-route.yaml:69                      d32c3289-fa0f-4ba6-b7d5-ecddad sftp://demo:xxxxxx@test.rebex.net:22${exchangeProp            0

Stacktrace
---------------------------------------------------------------------------------------------------------------------------------------
[17:15:42.470] WARN  file.GenericFileOnCompletion — Rollback file strategy: org.apache.camel.component.file.strategy.GenericFileRenameProcessStrategy@731c29c8 for file: GenericFile[C:\files\readme.txt]
[17:15:42.470] INFO  workflow.execution — fileread: Reading C:\files\readme.txt.pgp.txt
[17:15:42.499] INFO  workflow.execution — sftpwrite: Connecting to test.rebex.net:22
[17:15:42.536] INFO  workflow.execution — sftpwrite: Writing /pub/example/readme.txt.pgp.txt
[17:15:42.536] INFO  remote.SftpOperations — Known host file not configured, using user known host file: C:\Users\Admin/.ssh/known_hosts
[17:15:47.639] WARN  remote.RemoteFileProducer — Writing file failed with: Cannot store file: pub/example/readme.txt.pgp.txt
[17:15:47.639] ERROR errorhandler.DefaultErrorHandler — Failed delivery for (MessageId: 3179CCB837D3078-0000000000000002 on ExchangeId: 3179CCB837D3078-0000000000000002). Exhausted after delivery attempt: 1 caught: org.apache.camel.component.file.GenericFileOperationFailedException: Cannot store file: pub/example/readme.txt.pgp.txt

Message History (complete message history is disabled)
---------------------------------------------------------------------------------------------------------------------------------------
Source                                   ID                             Processor                                          Elapsed (ms)
camel-route.yaml:7                       d32c3289-fa0f-4ba6-b7d5-ecddad from[direct://d32c3289-fa0f-4ba6-b7d5-ecddadf2e6bf        14429
	...
camel-route.yaml:69                      d32c3289-fa0f-4ba6-b7d5-ecddad sftp://demo:xxxxxx@test.rebex.net:22${exchangeProp            0

Stacktrace
---------------------------------------------------------------------------------------------------------------------------------------
[17:15:47.639] WARN  file.GenericFileOnCompletion — Rollback file strategy: org.apache.camel.component.file.strategy.GenericFileRenameProcessStrategy@59f2c680 for file: GenericFile[C:\files\readme.txt.pgp.txt]
[17:15:47.654] ERROR controller.WorkflowController — Workflow 'File to Sftp' run failed: Cannot store file: pub/example/readme.txt.pgp.txt
