[19:50:03.044] INFO  controller.WorkflowController — ─────────────────────────────────────────────────────
[19:50:03.047] INFO  controller.WorkflowController — Workflow 'SQL_TEST' run started [runId=run-64c0cb43aea9]
[19:50:03.048] INFO  workflow.execution — dbexecute: Connecting to conn-1779737211864-libkc
[19:50:03.049] INFO  workflow.execution — dbexecute: Executing query
[19:50:03.466] INFO  workflow.execution — 91
[19:50:03.469] INFO  workflow.execution — 123
[19:50:03.472] INFO  workflow.execution — 34
[19:50:03.475] INFO  workflow.execution — 105
[19:50:03.477] INFO  workflow.execution — 100
[19:50:03.478] INFO  workflow.execution — 34
[19:50:03.480] INFO  workflow.execution — 58
[19:50:03.482] INFO  workflow.execution — 49
[19:50:03.484] INFO  workflow.execution — 44
[19:50:03.486] INFO  workflow.execution — 34
[19:50:03.488] INFO  workflow.execution — 109
[19:50:03.491] INFO  workflow.execution — 101
[19:50:03.493] INFO  workflow.execution — 115
[19:50:03.494] INFO  workflow.execution — 115
[19:50:03.496] INFO  workflow.execution — 97
[19:50:03.498] INFO  workflow.execution — 103
[19:50:03.501] INFO  workflow.execution — 101
[19:50:03.503] INFO  workflow.execution — 34
[19:50:03.506] INFO  workflow.execution — 58
[19:50:03.508] INFO  workflow.execution — 34
[19:50:03.510] INFO  workflow.execution — 115
[19:50:03.512] INFO  workflow.execution — 97
[19:50:03.514] INFO  workflow.execution — 109
[19:50:03.516] INFO  workflow.execution — 112
[19:50:03.519] INFO  workflow.execution — 108
[19:50:03.520] INFO  workflow.execution — 101
[19:50:03.522] INFO  workflow.execution — 32
[19:50:03.523] INFO  workflow.execution — 109
[19:50:03.524] INFO  workflow.execution — 101
[19:50:03.525] INFO  workflow.execution — 115
[19:50:03.528] INFO  workflow.execution — 115
[19:50:03.530] INFO  workflow.execution — 97
[19:50:03.534] INFO  workflow.execution — 103
[19:50:03.537] INFO  workflow.execution — 101
[19:50:03.539] INFO  workflow.execution — 34
[19:50:03.541] INFO  workflow.execution — 125
[19:50:03.544] INFO  workflow.execution — 93
[19:50:03.545] INFO  controller.WorkflowController — Workflow 'SQL_TEST' run completed successfully in 501ms
