[14:20:01.498] INFO  controller.WorkflowController — ─────────────────────────────────────────────────────
[14:20:01.509] INFO  controller.WorkflowController — Workflow 'New Workflow' run started [runId=run-02231afa3674]
[14:20:02.536] INFO  workflow.execution — respStatus: 200 resp: [
  {
    "id": 1,
    "title": "Create an endpoint at Beeceptor.",
    "completed": true
  },
  {
    "id": 2,
    "title": "Send a request to your new Beeceptor endpoint.",
    "completed": true
  },
  {
    "id": 3,
    "title": "Create a mocking rule to send dummy data.",
    "completed": false
  },
  {
    "id": 4,
    "title": "Try out a failure response by sending 500 HTTP status code.",
    "completed": false
  },
  {
    "id": 5,
    "title": "Use the proxy feature to send a request to a real API. Intercept traffic using Beeceptor.",
    "completed": false
  }
]
[14:20:02.584] ERROR errorhandler.DefaultErrorHandler — Failed delivery for (MessageId: E7BCE729A09DAFE-0000000000000005 on ExchangeId: E7BCE729A09DAFE-0000000000000005). Exhausted after delivery attempt: 1 caught: org.apache.camel.language.bean.RuntimeBeanExpressionException: Failed to invoke method: .message == "abc" on java.lang.RuntimeException due to: java.lang.IllegalArgumentException: Method name must be valid java identifier at position: 8 in method: .message == "abc"

Message History (complete message history is disabled)
---------------------------------------------------------------------------------------------------------------------------------------
Source                                   ID                             Processor                                          Elapsed (ms)
camel-route.yaml:7                       ca84eb35-13f0-480e-b79a-f4007e from[direct://ca84eb35-13f0-480e-b79a-f4007e328b14         1058
	...
camel-route.yaml:112                     ca84eb35-13f0-480e-b79a-f4007e log                                                           0

Stacktrace
---------------------------------------------------------------------------------------------------------------------------------------
[14:20:02.605] ERROR controller.WorkflowController — Workflow 'New Workflow' run failed: Exception occurred during execution on the exchange: Exchange[E7BCE729A09DAFE-0000000000000005]
