[19:38:16.707] INFO  controller.WorkflowController — ─────────────────────────────────────────────────────
[19:38:16.709] INFO  controller.WorkflowController — Workflow 'HTTP_TEST' run started [runId=run-a5f4c8e1574b]
[19:38:16.715] INFO  workflow.execution — http: GET https://random123.free.beeceptor.com//todos
[19:38:17.026] INFO  workflow.execution — [
  {
    "id": 1,
    "title": "Create an endpoint at Beeceptor.",
    "completed": true
  },
  {
    "id": 2,
    "title": "Send a request to your new Beeceptor endpoint.",
    "completed": true
  },
  {
    "id": 3,
    "title": "Create a mocking rule to send dummy data.",
    "completed": false
  },
  {
    "id": 4,
    "title": "Try out a failure response by sending 500 HTTP status code.",
    "completed": false
  },
  {
    "id": 5,
    "title": "Use the proxy feature to send a request to a real API. Intercept traffic using Beeceptor.",
    "completed": false
  }
]
[19:38:17.031] INFO  controller.WorkflowController — Workflow 'HTTP_TEST' run completed successfully in 324ms
