[00:26:08.398] INFO  controller.WorkflowController — ─────────────────────────────────────────────────────
[00:26:08.401] INFO  controller.WorkflowController — Workflow 'New Workflow' run started [runId=run-e5a5a2b9560e]
[00:26:08.409] INFO  workflow.execution — sftplist: Connecting to test.rebex.net:22
[00:26:08.412] INFO  workflow.execution — sftplist: Listing /pub/example
[00:26:10.704] INFO  workflow.execution — sftpread: Connecting to test.rebex.net:22
[00:26:10.732] INFO  workflow.execution — sftpread: Reading /pub/example/*.png
[00:26:10.740] INFO  remote.SftpOperations — Known host file not configured, using user known host file: C:\Users\Admin/.ssh/known_hosts
[00:26:15.357] INFO  remote.SftpOperations — Known host file not configured, using user known host file: C:\Users\Admin/.ssh/known_hosts
[00:26:18.972] INFO  workflow.execution — null
[00:26:18.972] INFO  workflow.execution — sftpread: Connecting to test.rebex.net:22
[00:26:18.972] INFO  workflow.execution — sftpread: Reading /pub/example/*.png
[00:26:18.981] INFO  remote.SftpOperations — Known host file not configured, using user known host file: C:\Users\Admin/.ssh/known_hosts
[00:26:22.940] INFO  remote.SftpOperations — Known host file not configured, using user known host file: C:\Users\Admin/.ssh/known_hosts
[00:26:27.856] INFO  workflow.execution — null
[00:26:27.856] INFO  workflow.execution — sftpread: Connecting to test.rebex.net:22
[00:26:27.874] INFO  workflow.execution — sftpread: Reading /pub/example/*.png
[00:26:27.877] INFO  remote.SftpOperations — Known host file not configured, using user known host file: C:\Users\Admin/.ssh/known_hosts
[00:26:32.879] INFO  remote.SftpOperations — Known host file not configured, using user known host file: C:\Users\Admin/.ssh/known_hosts
[00:26:34.798] WARN  remote.RemoteFilePollingConsumerPollStrategy — Trying to recover by force disconnecting from remote server and re-connecting at next poll: sftp://demo@test.rebex.net:22
[00:26:34.816] ERROR errorhandler.DefaultErrorHandler — Failed delivery for (MessageId: AF3F81CE67E9642-0000000000000014 on ExchangeId: AF3F81CE67E9642-0000000000000014). Exhausted after delivery attempt: 1 caught: org.apache.camel.CamelExchangeException: Error during poll. Exchange[]. Caused by: [org.apache.camel.component.file.GenericFileOperationFailedException - Cannot change directory to: pub]

Message History (complete message history is disabled)
---------------------------------------------------------------------------------------------------------------------------------------
Source                                   ID                             Processor                                          Elapsed (ms)
camel-route.yaml:7                       20fce9c9-b4c2-49e8-86a3-b9780b from[direct://20fce9c9-b4c2-49e8-86a3-b9780b4357f3        26389
	...
camel-route.yaml:68                      20fce9c9-b4c2-49e8-86a3-b9780b pollEnrich[simple{sftp://demo:xxxxxx@test.rebex.ne            0

Stacktrace
---------------------------------------------------------------------------------------------------------------------------------------
[00:26:34.867] INFO  workflow.execution — sftpread: Connecting to test.rebex.net:22
[00:26:34.867] INFO  workflow.execution — sftpread: Reading /pub/example/*.png
[00:26:34.872] INFO  remote.SftpOperations — Known host file not configured, using user known host file: C:\Users\Admin/.ssh/known_hosts
[00:26:38.853] INFO  remote.SftpOperations — Known host file not configured, using user known host file: C:\Users\Admin/.ssh/known_hosts
[00:26:42.893] INFO  workflow.execution — null
[00:26:42.893] INFO  workflow.execution — sftpread: Connecting to test.rebex.net:22
[00:26:42.905] INFO  workflow.execution — sftpread: Reading /pub/example/*.png
[00:26:42.909] INFO  remote.SftpOperations — Known host file not configured, using user known host file: C:\Users\Admin/.ssh/known_hosts
[00:26:47.705] INFO  remote.SftpOperations — Known host file not configured, using user known host file: C:\Users\Admin/.ssh/known_hosts
[00:26:51.277] INFO  workflow.execution — null
[00:26:51.277] INFO  workflow.execution — sftpread: Connecting to test.rebex.net:22
[00:26:51.277] INFO  workflow.execution — sftpread: Reading /pub/example/*.png
[00:26:51.277] INFO  remote.SftpOperations — Known host file not configured, using user known host file: C:\Users\Admin/.ssh/known_hosts
[00:26:55.272] INFO  remote.SftpOperations — Known host file not configured, using user known host file: C:\Users\Admin/.ssh/known_hosts
[00:26:58.978] INFO  workflow.execution — null
[00:26:58.978] INFO  workflow.execution — sftpread: Connecting to test.rebex.net:22
[00:26:58.978] INFO  workflow.execution — sftpread: Reading /pub/example/*.png
[00:26:58.978] INFO  remote.SftpOperations — Known host file not configured, using user known host file: C:\Users\Admin/.ssh/known_hosts
[00:27:02.997] INFO  remote.SftpOperations — Known host file not configured, using user known host file: C:\Users\Admin/.ssh/known_hosts
[00:27:06.516] INFO  workflow.execution — null
[00:27:06.517] INFO  workflow.execution — sftpread: Connecting to test.rebex.net:22
[00:27:06.519] INFO  workflow.execution — sftpread: Reading /pub/example/*.png
[00:27:06.521] INFO  remote.SftpOperations — Known host file not configured, using user known host file: C:\Users\Admin/.ssh/known_hosts
[00:27:10.771] INFO  remote.SftpOperations — Known host file not configured, using user known host file: C:\Users\Admin/.ssh/known_hosts
[00:27:14.416] INFO  workflow.execution — null
[00:27:14.416] INFO  workflow.execution — sftpread: Connecting to test.rebex.net:22
[00:27:14.416] INFO  workflow.execution — sftpread: Reading /pub/example/*.png
[00:27:14.416] INFO  remote.SftpOperations — Known host file not configured, using user known host file: C:\Users\Admin/.ssh/known_hosts
[00:27:18.620] INFO  remote.SftpOperations — Known host file not configured, using user known host file: C:\Users\Admin/.ssh/known_hosts
[00:27:22.273] INFO  workflow.execution — null
[00:27:22.273] INFO  workflow.execution — sftpread: Connecting to test.rebex.net:22
[00:27:22.273] INFO  workflow.execution — sftpread: Reading /pub/example/*.png
[00:27:22.306] INFO  remote.SftpOperations — Known host file not configured, using user known host file: C:\Users\Admin/.ssh/known_hosts
[00:27:25.432] ERROR controller.WorkflowController — Workflow 'New Workflow' run failed: Run not allowed as ShutdownStrategy is forcing shutting down, will reject executing exchange: Exchange[]
