[21:50:05.811] INFO  controller.WorkflowController — ─────────────────────────────────────────────────────
[21:50:05.834] INFO  controller.WorkflowController — Workflow 'Enquiry - Success' run started [runId=run-80d82047703b]
[21:50:05.836] INFO  workflow.execution — http: POST https://random123.free.beeceptor.com/api/encrypt
[21:50:06.636] INFO  workflow.execution — http: POST https://random123.free.beeceptor.com/api/main
[21:50:07.528] INFO  workflow.execution — http: POST https://random123.free.beeceptor.com/api/decrypt
[21:50:08.455] INFO  workflow.execution — {
  "ERROR_CODE": "",
  "ERROR_DESCRIPTION": "",
  "REQUEST_REFERENCE_NUMBER": "6b7b9c4f-8987-4256-87dd-338d88900bc7",
  "RESPONSE_STATUS": "0",
  "TRANSACTION_STATUS": "success"
}
[21:50:08.478] ERROR errorhandler.DefaultErrorHandler — Failed delivery for (MessageId: 70F78963C7666D4-000000000000000E on ExchangeId: 70F78963C7666D4-000000000000000E). Exhausted after delivery attempt: 1 caught: org.apache.camel.RuntimeCamelException: JS evaluation failed: org.graalvm.polyglot.PolyglotException: Error: Assertion failed:
Condition 1: actual="0"  expected == "1"

Message History (complete message history is disabled)
---------------------------------------------------------------------------------------------------------------------------------------
Source                                   ID                             Processor                                          Elapsed (ms)
camel-route.yaml:7                       1f7b155c-f9af-48a8-b2df-2ffef6 from[direct://1f7b155c-f9af-48a8-b2df-2ffef6825f67         2641
	...
camel-route.yaml:131                     1f7b155c-f9af-48a8-b2df-2ffef6 script[js{var _failures=[];var _l0=((function(){va            0

Stacktrace
---------------------------------------------------------------------------------------------------------------------------------------
[21:50:08.479] ERROR controller.WorkflowController — Workflow 'Enquiry - Success' run failed: JS evaluation failed: org.graalvm.polyglot.PolyglotException: Error: Assertion failed:
Condition 1: actual="0"  expected == "1"
