[23:55:46.931] INFO  controller.WorkflowController — ─────────────────────────────────────────────────────
[23:55:46.945] INFO  controller.WorkflowController — Workflow 'New Workflow' run started [runId=run-f9d5160db24a]
[23:55:46.945] INFO  workflow.execution — sftplist: Connecting to test.rebex.net:22
[23:55:46.945] INFO  workflow.execution — sftplist: Listing /pub/example
[23:55:50.009] INFO  workflow.execution — sftpread: Connecting to test.rebex.net:22
[23:55:50.029] INFO  workflow.execution — sftpread: Reading /pub/example
[23:55:50.260] INFO  remote.SftpOperations — Known host file not configured, using user known host file: C:\Users\Admin/.ssh/known_hosts
[23:55:58.900] INFO  workflow.execution — filewrite: Writing to C:/files/<original name>
[23:55:58.957] INFO  workflow.execution — sftpread: Connecting to test.rebex.net:22
[23:55:58.957] INFO  workflow.execution — sftpread: Reading /pub/example
[23:55:58.957] INFO  remote.SftpOperations — Known host file not configured, using user known host file: C:\Users\Admin/.ssh/known_hosts
[23:56:06.972] INFO  workflow.execution — filewrite: Writing to C:/files/<original name>
[23:56:06.983] INFO  workflow.execution — sftpread: Connecting to test.rebex.net:22
[23:56:07.005] INFO  workflow.execution — sftpread: Reading /pub/example
[23:56:07.006] INFO  remote.SftpOperations — Known host file not configured, using user known host file: C:\Users\Admin/.ssh/known_hosts
[23:56:14.865] INFO  workflow.execution — filewrite: Writing to C:/files/<original name>
[23:56:14.873] INFO  workflow.execution — sftpread: Connecting to test.rebex.net:22
[23:56:14.878] INFO  workflow.execution — sftpread: Reading /pub/example
[23:56:14.880] INFO  remote.SftpOperations — Known host file not configured, using user known host file: C:\Users\Admin/.ssh/known_hosts
[23:56:22.435] INFO  workflow.execution — filewrite: Writing to C:/files/<original name>
[23:56:22.439] INFO  workflow.execution — sftpread: Connecting to test.rebex.net:22
[23:56:22.441] INFO  workflow.execution — sftpread: Reading /pub/example
[23:56:22.441] INFO  remote.SftpOperations — Known host file not configured, using user known host file: C:\Users\Admin/.ssh/known_hosts
[23:56:30.014] INFO  workflow.execution — filewrite: Writing to C:/files/<original name>
[23:56:30.018] INFO  workflow.execution — sftpread: Connecting to test.rebex.net:22
[23:56:30.028] INFO  workflow.execution — sftpread: Reading /pub/example
[23:56:30.031] INFO  remote.SftpOperations — Known host file not configured, using user known host file: C:\Users\Admin/.ssh/known_hosts
[23:56:37.930] INFO  workflow.execution — filewrite: Writing to C:/files/<original name>
[23:56:37.944] INFO  workflow.execution — sftpread: Connecting to test.rebex.net:22
[23:56:37.950] INFO  workflow.execution — sftpread: Reading /pub/example
[23:56:37.952] INFO  remote.SftpOperations — Known host file not configured, using user known host file: C:\Users\Admin/.ssh/known_hosts
[23:56:45.579] INFO  workflow.execution — filewrite: Writing to C:/files/<original name>
[23:56:45.579] INFO  workflow.execution — sftpread: Connecting to test.rebex.net:22
[23:56:45.579] INFO  workflow.execution — sftpread: Reading /pub/example
[23:56:45.596] INFO  remote.SftpOperations — Known host file not configured, using user known host file: C:\Users\Admin/.ssh/known_hosts
[23:56:50.049] WARN  remote.RemoteFilePollingConsumerPollStrategy — Trying to recover by force disconnecting from remote server and re-connecting at next poll: sftp://demo@test.rebex.net:22
[23:56:50.064] ERROR errorhandler.DefaultErrorHandler — Failed delivery for (MessageId: 366CF0C989AA8EA-0000000000000014 on ExchangeId: 366CF0C989AA8EA-0000000000000014). Exhausted after delivery attempt: 1 caught: org.apache.camel.CamelExchangeException: Error during poll. Exchange[]. Caused by: [org.apache.camel.component.file.GenericFileOperationFailedException - Cannot change directory to: ..]

Message History (complete message history is disabled)
---------------------------------------------------------------------------------------------------------------------------------------
Source                                   ID                             Processor                                          Elapsed (ms)
camel-route.yaml:7                       20fce9c9-b4c2-49e8-86a3-b9780b from[direct://20fce9c9-b4c2-49e8-86a3-b9780b4357f3        63119
	...
camel-route.yaml:68                      20fce9c9-b4c2-49e8-86a3-b9780b pollEnrich[constant{sftp://demo:xxxxxx@test.rebex.            0

Stacktrace
---------------------------------------------------------------------------------------------------------------------------------------
[23:56:50.082] INFO  workflow.execution — sftpread: Connecting to test.rebex.net:22
[23:56:50.082] INFO  workflow.execution — sftpread: Reading /pub/example
[23:56:50.082] INFO  remote.SftpOperations — Known host file not configured, using user known host file: C:\Users\Admin/.ssh/known_hosts
[23:56:57.655] INFO  workflow.execution — filewrite: Writing to C:/files/<original name>
[23:56:57.666] INFO  workflow.execution — sftpread: Connecting to test.rebex.net:22
[23:56:57.666] INFO  workflow.execution — sftpread: Reading /pub/example
[23:56:57.671] INFO  remote.SftpOperations — Known host file not configured, using user known host file: C:\Users\Admin/.ssh/known_hosts
[23:57:05.750] INFO  workflow.execution — filewrite: Writing to C:/files/<original name>
[23:57:05.750] INFO  workflow.execution — sftpread: Connecting to test.rebex.net:22
[23:57:05.750] INFO  workflow.execution — sftpread: Reading /pub/example
[23:57:05.758] INFO  remote.SftpOperations — Known host file not configured, using user known host file: C:\Users\Admin/.ssh/known_hosts
[23:57:13.228] INFO  workflow.execution — filewrite: Writing to C:/files/<original name>
[23:57:13.231] INFO  workflow.execution — sftpread: Connecting to test.rebex.net:22
[23:57:13.234] INFO  workflow.execution — sftpread: Reading /pub/example
[23:57:13.236] INFO  remote.SftpOperations — Known host file not configured, using user known host file: C:\Users\Admin/.ssh/known_hosts
[23:57:24.277] INFO  workflow.execution — filewrite: Writing to C:/files/<original name>
[23:57:24.277] INFO  workflow.execution — sftpread: Connecting to test.rebex.net:22
[23:57:24.294] INFO  workflow.execution — sftpread: Reading /pub/example
[23:57:24.301] INFO  remote.SftpOperations — Known host file not configured, using user known host file: C:\Users\Admin/.ssh/known_hosts
[23:57:31.769] INFO  workflow.execution — filewrite: Writing to C:/files/<original name>
[23:57:31.784] INFO  workflow.execution — sftpread: Connecting to test.rebex.net:22
[23:57:31.790] INFO  workflow.execution — sftpread: Reading /pub/example
[23:57:31.793] INFO  remote.SftpOperations — Known host file not configured, using user known host file: C:\Users\Admin/.ssh/known_hosts
[23:57:39.849] INFO  workflow.execution — filewrite: Writing to C:/files/<original name>
[23:57:39.857] INFO  workflow.execution — sftpread: Connecting to test.rebex.net:22
[23:57:39.858] INFO  workflow.execution — sftpread: Reading /pub/example
[23:57:39.868] INFO  remote.SftpOperations — Known host file not configured, using user known host file: C:\Users\Admin/.ssh/known_hosts
[23:57:44.669] ERROR controller.WorkflowController — Workflow 'New Workflow' run failed: Run not allowed as ShutdownStrategy is forcing shutting down, will reject executing exchange: Exchange[]
