[16:45:05.217] INFO  controller.WorkflowController — ─────────────────────────────────────────────────────
[16:45:05.217] INFO  controller.WorkflowController — Workflow 'File to Sftp' run started [runId=run-d1bc9e011ec8]
[16:45:05.217] INFO  workflow.execution — filelist: Listing directory C:/files
[16:45:05.231] INFO  workflow.execution — fileread: Reading C:\files\readme.txt
[16:45:10.240] ERROR errorhandler.DefaultErrorHandler — Failed delivery for (MessageId: 7BAAFA39C1EAF12-0000000000000011 on ExchangeId: 7BAAFA39C1EAF12-0000000000000011). Exhausted after delivery attempt: 1 caught: org.apache.camel.RuntimeCamelException: JS evaluation failed: org.graalvm.polyglot.PolyglotException: ReferenceError: header is not defined

Message History (complete message history is disabled)
---------------------------------------------------------------------------------------------------------------------------------------
Source                                   ID                             Processor                                          Elapsed (ms)
camel-route.yaml:7                       d32c3289-fa0f-4ba6-b7d5-ecddad from[direct://d32c3289-fa0f-4ba6-b7d5-ecddadf2e6bf         5023
	...
camel-route.yaml:50                      d32c3289-fa0f-4ba6-b7d5-ecddad setProperty[_logMsg]                                          0

Stacktrace
---------------------------------------------------------------------------------------------------------------------------------------
[16:45:10.304] INFO  workflow.execution — fileread: Reading C:\files\readme.txt.pgp.txt
[16:45:15.334] ERROR errorhandler.DefaultErrorHandler — Failed delivery for (MessageId: 7BAAFA39C1EAF12-0000000000000012 on ExchangeId: 7BAAFA39C1EAF12-0000000000000012). Exhausted after delivery attempt: 1 caught: org.apache.camel.RuntimeCamelException: JS evaluation failed: org.graalvm.polyglot.PolyglotException: ReferenceError: header is not defined

Message History (complete message history is disabled)
---------------------------------------------------------------------------------------------------------------------------------------
Source                                   ID                             Processor                                          Elapsed (ms)
camel-route.yaml:7                       d32c3289-fa0f-4ba6-b7d5-ecddad from[direct://d32c3289-fa0f-4ba6-b7d5-ecddadf2e6bf        10103
	...
camel-route.yaml:50                      d32c3289-fa0f-4ba6-b7d5-ecddad setProperty[_logMsg]                                          0

Stacktrace
---------------------------------------------------------------------------------------------------------------------------------------
[16:45:15.336] ERROR controller.WorkflowController — Workflow 'File to Sftp' run failed: JS evaluation failed: org.graalvm.polyglot.PolyglotException: ReferenceError: header is not defined
