[00:36:14.974] INFO  controller.WorkflowController — ─────────────────────────────────────────────────────
[00:36:14.977] INFO  controller.WorkflowController — Workflow 'File to Sftp' run started [runId=run-520e319ffb37]
[00:36:15.010] INFO  workflow.execution — filelist: Listing directory C:/files
[00:36:16.067] INFO  workflow.execution — fileread: Reading C:\files\readme.txt
[00:36:16.232] INFO  workflow.execution — sftpwrite: Connecting to eu-central-1.sftpcloud.io:22
[00:36:16.278] INFO  workflow.execution — sftpwrite: Writing /pub/example/readme.txt
[00:36:16.386] INFO  remote.SftpOperations — Known host file not configured, using user known host file: C:\Users\Admin/.ssh/known_hosts
[00:36:19.821] INFO  remote.SftpOperations — Known host file not configured, using user known host file: C:\Users\Admin/.ssh/known_hosts
[00:36:23.149] INFO  remote.SftpOperations — Known host file not configured, using user known host file: C:\Users\Admin/.ssh/known_hosts
[00:36:25.358] WARN  remote.RemoteFileProducer — Writing file failed with: Cannot connect to sftp://3654d12d2d2241fa891e2b57924f1c2b@eu-central-1.sftpcloud.io:22
[00:36:25.364] WARN  file.GenericFileOnCompletion — Rollback file strategy: org.apache.camel.component.file.strategy.GenericFileRenameProcessStrategy@5cedd3ec for file: GenericFile[C:\files\readme.txt]
[00:36:25.404] INFO  workflow.execution — [{filePath=C:\files\readme.txt, fileName=readme.txt}, {filePath=C:\files\readme.txt.pgp.txt, fileName=readme.txt.pgp.txt}]
[00:36:25.436] ERROR errorhandler.DefaultErrorHandler — Failed delivery for (MessageId: F5D6873D02A5C69-0000000000000000 on ExchangeId: F5D6873D02A5C69-0000000000000000). Exhausted after delivery attempt: 1 caught: org.apache.camel.RuntimeCamelException: JS evaluation failed: java.lang.RuntimeException: Multicast processing failed for number 0. Exchange[F5D6873D02A5C69-0000000000000001]. Caused by: [org.apache.camel.component.file.GenericFileOperationFailedException - Cannot connect to sftp://3654d12d2d2241fa891e2b57924f1c2b@eu-central-1.sftpcloud.io:22]

Message History (complete message history is disabled)
---------------------------------------------------------------------------------------------------------------------------------------
Source                                   ID                             Processor                                          Elapsed (ms)
camel-route.yaml:7                       d32c3289-fa0f-4ba6-b7d5-ecddad from[direct://d32c3289-fa0f-4ba6-b7d5-ecddadf2e6bf        10449
	...
camel-route.yaml:108                     d32c3289-fa0f-4ba6-b7d5-ecddad script[js{if(exchange.getProperties().get('_proces            0

Stacktrace
---------------------------------------------------------------------------------------------------------------------------------------
[00:36:25.444] ERROR controller.WorkflowController — Workflow 'File to Sftp' run failed: JS evaluation failed: java.lang.RuntimeException: Multicast processing failed for number 0. Exchange[F5D6873D02A5C69-0000000000000001]. Caused by: [org.apache.camel.component.file.GenericFileOperationFailedException - Cannot connect to sftp://3654d12d2d2241fa891e2b57924f1c2b@eu-central-1.sftpcloud.io:22]
