[00:28:20.477] INFO  controller.WorkflowController — ─────────────────────────────────────────────────────
[00:28:20.479] INFO  controller.WorkflowController — Workflow 'New Workflow' run started [runId=run-4ce7cdd1f1ec]
[00:28:21.508] INFO  workflow.execution — respStatus: 200 resp: {
    "id": 1,
    "title": "Create an endpoint at Beeceptor.",
    "completed": true
}
[00:28:21.535] ERROR errorhandler.DefaultErrorHandler — Failed delivery for (MessageId: 14056C17125FE62-0000000000000002 on ExchangeId: 14056C17125FE62-0000000000000002). Exhausted after delivery attempt: 1 caught: org.apache.camel.RuntimeCamelException: JS evaluation failed: org.graalvm.polyglot.PolyglotException: Error: Assertion failed:
Condition 1: actual="200"  expected == "400"
Condition 2: actual typeof=number  expected type: string

Message History (complete message history is disabled)
---------------------------------------------------------------------------------------------------------------------------------------
Source                                   ID                             Processor                                          Elapsed (ms)
camel-route.yaml:7                       ca84eb35-13f0-480e-b79a-f4007e from[direct://ca84eb35-13f0-480e-b79a-f4007e328b14         1049
	...
camel-route.yaml:25                      ca84eb35-13f0-480e-b79a-f4007e script[js{var _failures=[];var _l0=(exchange.getMe            0

Stacktrace
---------------------------------------------------------------------------------------------------------------------------------------
[00:28:21.579] ERROR controller.WorkflowController — Workflow 'New Workflow' run failed: JS evaluation failed: org.graalvm.polyglot.PolyglotException: Error: Assertion failed:
Condition 1: actual="200"  expected == "400"
Condition 2: actual typeof=number  expected type: string
