[23:03:29.337] INFO  controller.WorkflowController — ─────────────────────────────────────────────────────
[23:03:29.349] INFO  controller.WorkflowController — Workflow 'HTTP_TEST' run started [runId=run-81e89d3f69c0]
[23:03:29.364] INFO  workflow.execution — http: GET https://random123.free.beeceptor.com//todos
[23:03:30.429] INFO  workflow.execution — [
  {
    "id": 1,
    "title": "Create an endpoint at Beeceptor.",
    "completed": true
  },
  {
    "id": 2,
    "title": "Send a request to your new Beeceptor endpoint.",
    "completed": true
  },
  {
    "id": 3,
    "title": "Create a mocking rule to send dummy data.",
    "completed": false
  },
  {
    "id": 4,
    "title": "Try out a failure response by sending 500 HTTP status code.",
    "completed": false
  },
  {
    "id": 5,
    "title": "Use the proxy feature to send a request to a real API. Intercept traffic using Beeceptor.",
    "completed": false
  }
]
[23:03:30.502] INFO  controller.WorkflowController — Workflow 'HTTP_TEST' run completed successfully in 1165ms
