[00:42:07.286] INFO  controller.WorkflowController — ─────────────────────────────────────────────────────
[00:42:07.294] INFO  controller.WorkflowController — Workflow 'New Workflow' run started [runId=run-aa784b38574c]
[00:42:07.496] INFO  workflow.execution — sftplist: Connecting to test.rebex.net:22
[00:42:07.498] INFO  workflow.execution — sftplist: Listing /pub/example
[00:42:10.582] INFO  workflow.execution — sftpread: Connecting to test.rebex.net:22
[00:42:10.595] ERROR errorhandler.DefaultErrorHandler — Failed delivery for (MessageId: D7C74EDDE17B923-0000000000000012 on ExchangeId: D7C74EDDE17B923-0000000000000012). Exhausted after delivery attempt: 1 caught: org.apache.camel.language.bean.RuntimeBeanExpressionException: Failed to invoke method: getFileName() on null due to: org.apache.camel.component.bean.MethodNotFoundException: Method with name: getFileName() not found on bean: {"filePath":"/pub/example/imap-console-client.png","fileName":"imap-console-client.png"} of type: com.fasterxml.jackson.databind.node.ObjectNode on the exchange: Exchange[D7C74EDDE17B923-0000000000000012]

Message History (complete message history is disabled)
---------------------------------------------------------------------------------------------------------------------------------------
Source                                   ID                             Processor                                          Elapsed (ms)
camel-route.yaml:7                       20fce9c9-b4c2-49e8-86a3-b9780b from[direct://20fce9c9-b4c2-49e8-86a3-b9780b4357f3         3101
	...
camel-route.yaml:64                      20fce9c9-b4c2-49e8-86a3-b9780b log                                                           0

Stacktrace
---------------------------------------------------------------------------------------------------------------------------------------
[00:42:10.656] INFO  workflow.execution — sftpread: Connecting to test.rebex.net:22
[00:42:10.659] ERROR errorhandler.DefaultErrorHandler — Failed delivery for (MessageId: D7C74EDDE17B923-0000000000000013 on ExchangeId: D7C74EDDE17B923-0000000000000013). Exhausted after delivery attempt: 1 caught: org.apache.camel.language.bean.RuntimeBeanExpressionException: Failed to invoke method: getFileName() on null due to: org.apache.camel.component.bean.MethodNotFoundException: Method with name: getFileName() not found on bean: {"filePath":"/pub/example/KeyGenerator.png","fileName":"KeyGenerator.png"} of type: com.fasterxml.jackson.databind.node.ObjectNode on the exchange: Exchange[D7C74EDDE17B923-0000000000000013]

Message History (complete message history is disabled)
---------------------------------------------------------------------------------------------------------------------------------------
Source                                   ID                             Processor                                          Elapsed (ms)
camel-route.yaml:7                       20fce9c9-b4c2-49e8-86a3-b9780b from[direct://20fce9c9-b4c2-49e8-86a3-b9780b4357f3         3165
	...
camel-route.yaml:64                      20fce9c9-b4c2-49e8-86a3-b9780b log                                                           0

Stacktrace
---------------------------------------------------------------------------------------------------------------------------------------
[00:42:10.659] INFO  workflow.execution — sftpread: Connecting to test.rebex.net:22
[00:42:10.667] ERROR errorhandler.DefaultErrorHandler — Failed delivery for (MessageId: D7C74EDDE17B923-0000000000000014 on ExchangeId: D7C74EDDE17B923-0000000000000014). Exhausted after delivery attempt: 1 caught: org.apache.camel.language.bean.RuntimeBeanExpressionException: Failed to invoke method: getFileName() on null due to: org.apache.camel.component.bean.MethodNotFoundException: Method with name: getFileName() not found on bean: {"filePath":"/pub/example/KeyGeneratorSmall.png","fileName":"KeyGeneratorSmall.png"} of type: com.fasterxml.jackson.databind.node.ObjectNode on the exchange: Exchange[D7C74EDDE17B923-0000000000000014]

Message History (complete message history is disabled)
---------------------------------------------------------------------------------------------------------------------------------------
Source                                   ID                             Processor                                          Elapsed (ms)
camel-route.yaml:7                       20fce9c9-b4c2-49e8-86a3-b9780b from[direct://20fce9c9-b4c2-49e8-86a3-b9780b4357f3         3171
	...
camel-route.yaml:64                      20fce9c9-b4c2-49e8-86a3-b9780b log                                                           0

Stacktrace
---------------------------------------------------------------------------------------------------------------------------------------
[00:42:10.667] INFO  workflow.execution — sftpread: Connecting to test.rebex.net:22
[00:42:10.681] ERROR errorhandler.DefaultErrorHandler — Failed delivery for (MessageId: D7C74EDDE17B923-0000000000000015 on ExchangeId: D7C74EDDE17B923-0000000000000015). Exhausted after delivery attempt: 1 caught: org.apache.camel.language.bean.RuntimeBeanExpressionException: Failed to invoke method: getFileName() on null due to: org.apache.camel.component.bean.MethodNotFoundException: Method with name: getFileName() not found on bean: {"filePath":"/pub/example/mail-editor.png","fileName":"mail-editor.png"} of type: com.fasterxml.jackson.databind.node.ObjectNode on the exchange: Exchange[D7C74EDDE17B923-0000000000000015]

Message History (complete message history is disabled)
---------------------------------------------------------------------------------------------------------------------------------------
Source                                   ID                             Processor                                          Elapsed (ms)
camel-route.yaml:7                       20fce9c9-b4c2-49e8-86a3-b9780b from[direct://20fce9c9-b4c2-49e8-86a3-b9780b4357f3         3182
	...
camel-route.yaml:64                      20fce9c9-b4c2-49e8-86a3-b9780b log                                                           0

Stacktrace
---------------------------------------------------------------------------------------------------------------------------------------
[00:42:10.683] INFO  workflow.execution — sftpread: Connecting to test.rebex.net:22
[00:42:10.690] ERROR errorhandler.DefaultErrorHandler — Failed delivery for (MessageId: D7C74EDDE17B923-0000000000000016 on ExchangeId: D7C74EDDE17B923-0000000000000016). Exhausted after delivery attempt: 1 caught: org.apache.camel.language.bean.RuntimeBeanExpressionException: Failed to invoke method: getFileName() on null due to: org.apache.camel.component.bean.MethodNotFoundException: Method with name: getFileName() not found on bean: {"filePath":"/pub/example/mail-send-winforms.png","fileName":"mail-send-winforms.png"} of type: com.fasterxml.jackson.databind.node.ObjectNode on the exchange: Exchange[D7C74EDDE17B923-0000000000000016]

Message History (complete message history is disabled)
---------------------------------------------------------------------------------------------------------------------------------------
Source                                   ID                             Processor                                          Elapsed (ms)
camel-route.yaml:7                       20fce9c9-b4c2-49e8-86a3-b9780b from[direct://20fce9c9-b4c2-49e8-86a3-b9780b4357f3         3196
	...
camel-route.yaml:64                      20fce9c9-b4c2-49e8-86a3-b9780b log                                                           0

Stacktrace
---------------------------------------------------------------------------------------------------------------------------------------
[00:42:10.690] INFO  workflow.execution — sftpread: Connecting to test.rebex.net:22
[00:42:10.697] ERROR errorhandler.DefaultErrorHandler — Failed delivery for (MessageId: D7C74EDDE17B923-0000000000000017 on ExchangeId: D7C74EDDE17B923-0000000000000017). Exhausted after delivery attempt: 1 caught: org.apache.camel.language.bean.RuntimeBeanExpressionException: Failed to invoke method: getFileName() on null due to: org.apache.camel.component.bean.MethodNotFoundException: Method with name: getFileName() not found on bean: {"filePath":"/pub/example/mime-explorer.png","fileName":"mime-explorer.png"} of type: com.fasterxml.jackson.databind.node.ObjectNode on the exchange: Exchange[D7C74EDDE17B923-0000000000000017]

Message History (complete message history is disabled)
---------------------------------------------------------------------------------------------------------------------------------------
Source                                   ID                             Processor                                          Elapsed (ms)
camel-route.yaml:7                       20fce9c9-b4c2-49e8-86a3-b9780b from[direct://20fce9c9-b4c2-49e8-86a3-b9780b4357f3         3203
	...
camel-route.yaml:64                      20fce9c9-b4c2-49e8-86a3-b9780b log                                                           0

Stacktrace
---------------------------------------------------------------------------------------------------------------------------------------
[00:42:10.697] INFO  workflow.execution — sftpread: Connecting to test.rebex.net:22
[00:42:10.697] ERROR errorhandler.DefaultErrorHandler — Failed delivery for (MessageId: D7C74EDDE17B923-0000000000000018 on ExchangeId: D7C74EDDE17B923-0000000000000018). Exhausted after delivery attempt: 1 caught: org.apache.camel.language.bean.RuntimeBeanExpressionException: Failed to invoke method: getFileName() on null due to: org.apache.camel.component.bean.MethodNotFoundException: Method with name: getFileName() not found on bean: {"filePath":"/pub/example/pocketftp.png","fileName":"pocketftp.png"} of type: com.fasterxml.jackson.databind.node.ObjectNode on the exchange: Exchange[D7C74EDDE17B923-0000000000000018]

Message History (complete message history is disabled)
---------------------------------------------------------------------------------------------------------------------------------------
Source                                   ID                             Processor                                          Elapsed (ms)
camel-route.yaml:7                       20fce9c9-b4c2-49e8-86a3-b9780b from[direct://20fce9c9-b4c2-49e8-86a3-b9780b4357f3         3203
	...
camel-route.yaml:64                      20fce9c9-b4c2-49e8-86a3-b9780b log                                                           0

Stacktrace
---------------------------------------------------------------------------------------------------------------------------------------
[00:42:10.709] INFO  workflow.execution — sftpread: Connecting to test.rebex.net:22
[00:42:10.712] ERROR errorhandler.DefaultErrorHandler — Failed delivery for (MessageId: D7C74EDDE17B923-0000000000000019 on ExchangeId: D7C74EDDE17B923-0000000000000019). Exhausted after delivery attempt: 1 caught: org.apache.camel.language.bean.RuntimeBeanExpressionException: Failed to invoke method: getFileName() on null due to: org.apache.camel.component.bean.MethodNotFoundException: Method with name: getFileName() not found on bean: {"filePath":"/pub/example/pocketftpSmall.png","fileName":"pocketftpSmall.png"} of type: com.fasterxml.jackson.databind.node.ObjectNode on the exchange: Exchange[D7C74EDDE17B923-0000000000000019]

Message History (complete message history is disabled)
---------------------------------------------------------------------------------------------------------------------------------------
Source                                   ID                             Processor                                          Elapsed (ms)
camel-route.yaml:7                       20fce9c9-b4c2-49e8-86a3-b9780b from[direct://20fce9c9-b4c2-49e8-86a3-b9780b4357f3         3218
	...
camel-route.yaml:64                      20fce9c9-b4c2-49e8-86a3-b9780b log                                                           0

Stacktrace
---------------------------------------------------------------------------------------------------------------------------------------
[00:42:10.715] INFO  workflow.execution — sftpread: Connecting to test.rebex.net:22
[00:42:10.718] ERROR errorhandler.DefaultErrorHandler — Failed delivery for (MessageId: D7C74EDDE17B923-000000000000001A on ExchangeId: D7C74EDDE17B923-000000000000001A). Exhausted after delivery attempt: 1 caught: org.apache.camel.language.bean.RuntimeBeanExpressionException: Failed to invoke method: getFileName() on null due to: org.apache.camel.component.bean.MethodNotFoundException: Method with name: getFileName() not found on bean: {"filePath":"/pub/example/pop3-browser.png","fileName":"pop3-browser.png"} of type: com.fasterxml.jackson.databind.node.ObjectNode on the exchange: Exchange[D7C74EDDE17B923-000000000000001A]

Message History (complete message history is disabled)
---------------------------------------------------------------------------------------------------------------------------------------
Source                                   ID                             Processor                                          Elapsed (ms)
camel-route.yaml:7                       20fce9c9-b4c2-49e8-86a3-b9780b from[direct://20fce9c9-b4c2-49e8-86a3-b9780b4357f3         3224
	...
camel-route.yaml:64                      20fce9c9-b4c2-49e8-86a3-b9780b log                                                           0

Stacktrace
---------------------------------------------------------------------------------------------------------------------------------------
[00:42:10.723] INFO  workflow.execution — sftpread: Connecting to test.rebex.net:22
[00:42:10.724] ERROR errorhandler.DefaultErrorHandler — Failed delivery for (MessageId: D7C74EDDE17B923-000000000000001B on ExchangeId: D7C74EDDE17B923-000000000000001B). Exhausted after delivery attempt: 1 caught: org.apache.camel.language.bean.RuntimeBeanExpressionException: Failed to invoke method: getFileName() on null due to: org.apache.camel.component.bean.MethodNotFoundException: Method with name: getFileName() not found on bean: {"filePath":"/pub/example/pop3-console-client.png","fileName":"pop3-console-client.png"} of type: com.fasterxml.jackson.databind.node.ObjectNode on the exchange: Exchange[D7C74EDDE17B923-000000000000001B]

Message History (complete message history is disabled)
---------------------------------------------------------------------------------------------------------------------------------------
Source                                   ID                             Processor                                          Elapsed (ms)
camel-route.yaml:7                       20fce9c9-b4c2-49e8-86a3-b9780b from[direct://20fce9c9-b4c2-49e8-86a3-b9780b4357f3         3230
	...
camel-route.yaml:64                      20fce9c9-b4c2-49e8-86a3-b9780b log                                                           0

Stacktrace
---------------------------------------------------------------------------------------------------------------------------------------
[00:42:10.724] INFO  workflow.execution — sftpread: Connecting to test.rebex.net:22
[00:42:10.724] ERROR errorhandler.DefaultErrorHandler — Failed delivery for (MessageId: D7C74EDDE17B923-000000000000001C on ExchangeId: D7C74EDDE17B923-000000000000001C). Exhausted after delivery attempt: 1 caught: org.apache.camel.language.bean.RuntimeBeanExpressionException: Failed to invoke method: getFileName() on null due to: org.apache.camel.component.bean.MethodNotFoundException: Method with name: getFileName() not found on bean: {"filePath":"/pub/example/readme.txt","fileName":"readme.txt"} of type: com.fasterxml.jackson.databind.node.ObjectNode on the exchange: Exchange[D7C74EDDE17B923-000000000000001C]

Message History (complete message history is disabled)
---------------------------------------------------------------------------------------------------------------------------------------
Source                                   ID                             Processor                                          Elapsed (ms)
camel-route.yaml:7                       20fce9c9-b4c2-49e8-86a3-b9780b from[direct://20fce9c9-b4c2-49e8-86a3-b9780b4357f3         3230
	...
camel-route.yaml:64                      20fce9c9-b4c2-49e8-86a3-b9780b log                                                           0

Stacktrace
---------------------------------------------------------------------------------------------------------------------------------------
[00:42:10.724] INFO  workflow.execution — sftpread: Connecting to test.rebex.net:22
[00:42:10.740] ERROR errorhandler.DefaultErrorHandler — Failed delivery for (MessageId: D7C74EDDE17B923-000000000000001D on ExchangeId: D7C74EDDE17B923-000000000000001D). Exhausted after delivery attempt: 1 caught: org.apache.camel.language.bean.RuntimeBeanExpressionException: Failed to invoke method: getFileName() on null due to: org.apache.camel.component.bean.MethodNotFoundException: Method with name: getFileName() not found on bean: {"filePath":"/pub/example/ResumableTransfer.png","fileName":"ResumableTransfer.png"} of type: com.fasterxml.jackson.databind.node.ObjectNode on the exchange: Exchange[D7C74EDDE17B923-000000000000001D]

Message History (complete message history is disabled)
---------------------------------------------------------------------------------------------------------------------------------------
Source                                   ID                             Processor                                          Elapsed (ms)
camel-route.yaml:7                       20fce9c9-b4c2-49e8-86a3-b9780b from[direct://20fce9c9-b4c2-49e8-86a3-b9780b4357f3         3244
	...
camel-route.yaml:64                      20fce9c9-b4c2-49e8-86a3-b9780b log                                                           0

Stacktrace
---------------------------------------------------------------------------------------------------------------------------------------
[00:42:10.741] INFO  workflow.execution — sftpread: Connecting to test.rebex.net:22
[00:42:10.741] ERROR errorhandler.DefaultErrorHandler — Failed delivery for (MessageId: D7C74EDDE17B923-000000000000001E on ExchangeId: D7C74EDDE17B923-000000000000001E). Exhausted after delivery attempt: 1 caught: org.apache.camel.language.bean.RuntimeBeanExpressionException: Failed to invoke method: getFileName() on null due to: org.apache.camel.component.bean.MethodNotFoundException: Method with name: getFileName() not found on bean: {"filePath":"/pub/example/winceclient.png","fileName":"winceclient.png"} of type: com.fasterxml.jackson.databind.node.ObjectNode on the exchange: Exchange[D7C74EDDE17B923-000000000000001E]

Message History (complete message history is disabled)
---------------------------------------------------------------------------------------------------------------------------------------
Source                                   ID                             Processor                                          Elapsed (ms)
camel-route.yaml:7                       20fce9c9-b4c2-49e8-86a3-b9780b from[direct://20fce9c9-b4c2-49e8-86a3-b9780b4357f3         3247
	...
camel-route.yaml:64                      20fce9c9-b4c2-49e8-86a3-b9780b log                                                           0

Stacktrace
---------------------------------------------------------------------------------------------------------------------------------------
[00:42:10.741] INFO  workflow.execution — sftpread: Connecting to test.rebex.net:22
[00:42:10.753] ERROR errorhandler.DefaultErrorHandler — Failed delivery for (MessageId: D7C74EDDE17B923-000000000000001F on ExchangeId: D7C74EDDE17B923-000000000000001F). Exhausted after delivery attempt: 1 caught: org.apache.camel.language.bean.RuntimeBeanExpressionException: Failed to invoke method: getFileName() on null due to: org.apache.camel.component.bean.MethodNotFoundException: Method with name: getFileName() not found on bean: {"filePath":"/pub/example/winceclientSmall.png","fileName":"winceclientSmall.png"} of type: com.fasterxml.jackson.databind.node.ObjectNode on the exchange: Exchange[D7C74EDDE17B923-000000000000001F]

Message History (complete message history is disabled)
---------------------------------------------------------------------------------------------------------------------------------------
Source                                   ID                             Processor                                          Elapsed (ms)
camel-route.yaml:7                       20fce9c9-b4c2-49e8-86a3-b9780b from[direct://20fce9c9-b4c2-49e8-86a3-b9780b4357f3         3247
	...
camel-route.yaml:64                      20fce9c9-b4c2-49e8-86a3-b9780b log                                                           0

Stacktrace
---------------------------------------------------------------------------------------------------------------------------------------
[00:42:10.756] INFO  workflow.execution — sftpread: Connecting to test.rebex.net:22
[00:42:10.757] ERROR errorhandler.DefaultErrorHandler — Failed delivery for (MessageId: D7C74EDDE17B923-0000000000000020 on ExchangeId: D7C74EDDE17B923-0000000000000020). Exhausted after delivery attempt: 1 caught: org.apache.camel.language.bean.RuntimeBeanExpressionException: Failed to invoke method: getFileName() on null due to: org.apache.camel.component.bean.MethodNotFoundException: Method with name: getFileName() not found on bean: {"filePath":"/pub/example/WinFormClient.png","fileName":"WinFormClient.png"} of type: com.fasterxml.jackson.databind.node.ObjectNode on the exchange: Exchange[D7C74EDDE17B923-0000000000000020]

Message History (complete message history is disabled)
---------------------------------------------------------------------------------------------------------------------------------------
Source                                   ID                             Processor                                          Elapsed (ms)
camel-route.yaml:7                       20fce9c9-b4c2-49e8-86a3-b9780b from[direct://20fce9c9-b4c2-49e8-86a3-b9780b4357f3         3263
	...
camel-route.yaml:64                      20fce9c9-b4c2-49e8-86a3-b9780b log                                                           0

Stacktrace
---------------------------------------------------------------------------------------------------------------------------------------
[00:42:10.757] INFO  workflow.execution — sftpread: Connecting to test.rebex.net:22
[00:42:10.757] ERROR errorhandler.DefaultErrorHandler — Failed delivery for (MessageId: D7C74EDDE17B923-0000000000000021 on ExchangeId: D7C74EDDE17B923-0000000000000021). Exhausted after delivery attempt: 1 caught: org.apache.camel.language.bean.RuntimeBeanExpressionException: Failed to invoke method: getFileName() on null due to: org.apache.camel.component.bean.MethodNotFoundException: Method with name: getFileName() not found on bean: {"filePath":"/pub/example/WinFormClientSmall.png","fileName":"WinFormClientSmall.png"} of type: com.fasterxml.jackson.databind.node.ObjectNode on the exchange: Exchange[D7C74EDDE17B923-0000000000000021]

Message History (complete message history is disabled)
---------------------------------------------------------------------------------------------------------------------------------------
Source                                   ID                             Processor                                          Elapsed (ms)
camel-route.yaml:7                       20fce9c9-b4c2-49e8-86a3-b9780b from[direct://20fce9c9-b4c2-49e8-86a3-b9780b4357f3         3263
	...
camel-route.yaml:64                      20fce9c9-b4c2-49e8-86a3-b9780b log                                                           0

Stacktrace
---------------------------------------------------------------------------------------------------------------------------------------
[00:42:10.769] ERROR controller.WorkflowController — Workflow 'New Workflow' run failed: Failed to invoke method: getFileName() on null due to: org.apache.camel.component.bean.MethodNotFoundException: Method with name: getFileName() not found on bean: {"filePath":"/pub/example/WinFormClientSmall.png","fileName":"WinFormClientSmall.png"} of type: com.fasterxml.jackson.databind.node.ObjectNode on the exchange: Exchange[D7C74EDDE17B923-0000000000000021]
