[00:36:55.866] INFO  controller.WorkflowController — ─────────────────────────────────────────────────────
[00:36:55.868] INFO  controller.WorkflowController — Workflow 'File to Sftp' run started [runId=run-27610cef7acf]
[00:36:55.871] INFO  workflow.execution — filelist: Listing directory C:/files
[00:36:55.871] INFO  workflow.execution — fileread: Reading C:\files\readme.txt
[00:36:55.887] INFO  workflow.execution — sftpwrite: Connecting to eu-central-1.sftpcloud.io:22
[00:36:55.946] INFO  workflow.execution — sftpwrite: Writing /pub/example/readme.txt
[00:36:55.950] INFO  remote.SftpOperations — Known host file not configured, using user known host file: C:\Users\Admin/.ssh/known_hosts
[00:36:59.225] INFO  remote.SftpOperations — Known host file not configured, using user known host file: C:\Users\Admin/.ssh/known_hosts
[00:37:02.506] INFO  remote.SftpOperations — Known host file not configured, using user known host file: C:\Users\Admin/.ssh/known_hosts
[00:37:04.698] WARN  remote.RemoteFileProducer — Writing file failed with: Cannot connect to sftp://3654d12d2d2241fa891e2b57924f1c2b@eu-central-1.sftpcloud.io:22
[00:37:04.704] WARN  file.GenericFileOnCompletion — Rollback file strategy: org.apache.camel.component.file.strategy.GenericFileRenameProcessStrategy@4575882f for file: GenericFile[C:\files\readme.txt]
[00:37:04.749] INFO  workflow.execution — Error Logger: [{filePath=C:\files\readme.txt, fileName=readme.txt}, {filePath=C:\files\readme.txt.pgp.txt, fileName=readme.txt.pgp.txt}]
[00:37:04.755] ERROR errorhandler.DefaultErrorHandler — Failed delivery for (MessageId: F5D6873D02A5C69-0000000000000002 on ExchangeId: F5D6873D02A5C69-0000000000000002). Exhausted after delivery attempt: 1 caught: org.apache.camel.RuntimeCamelException: JS evaluation failed: java.lang.RuntimeException: Multicast processing failed for number 0. Exchange[F5D6873D02A5C69-0000000000000003]. Caused by: [org.apache.camel.component.file.GenericFileOperationFailedException - Cannot connect to sftp://3654d12d2d2241fa891e2b57924f1c2b@eu-central-1.sftpcloud.io:22]

Message History (complete message history is disabled)
---------------------------------------------------------------------------------------------------------------------------------------
Source                                   ID                             Processor                                          Elapsed (ms)
camel-route.yaml:7                       d32c3289-fa0f-4ba6-b7d5-ecddad from[direct://d32c3289-fa0f-4ba6-b7d5-ecddadf2e6bf         8884
	...
camel-route.yaml:108                     d32c3289-fa0f-4ba6-b7d5-ecddad script[js{if(exchange.getProperties().get('_proces            0

Stacktrace
---------------------------------------------------------------------------------------------------------------------------------------
[00:37:04.762] ERROR controller.WorkflowController — Workflow 'File to Sftp' run failed: JS evaluation failed: java.lang.RuntimeException: Multicast processing failed for number 0. Exchange[F5D6873D02A5C69-0000000000000003]. Caused by: [org.apache.camel.component.file.GenericFileOperationFailedException - Cannot connect to sftp://3654d12d2d2241fa891e2b57924f1c2b@eu-central-1.sftpcloud.io:22]
