[14:18:07.974] INFO  controller.WorkflowController — ─────────────────────────────────────────────────────
[14:18:07.985] INFO  controller.WorkflowController — Workflow 'New Workflow' run started [runId=run-e7baf2f69268]
[14:18:08.873] INFO  workflow.execution — respStatus: 200 resp: [
  {
    "id": 1,
    "title": "Create an endpoint at Beeceptor.",
    "completed": true
  },
  {
    "id": 2,
    "title": "Send a request to your new Beeceptor endpoint.",
    "completed": true
  },
  {
    "id": 3,
    "title": "Create a mocking rule to send dummy data.",
    "completed": false
  },
  {
    "id": 4,
    "title": "Try out a failure response by sending 500 HTTP status code.",
    "completed": false
  },
  {
    "id": 5,
    "title": "Use the proxy feature to send a request to a real API. Intercept traffic using Beeceptor.",
    "completed": false
  }
]
[14:18:08.927] INFO  workflow.execution — error: JSON compare mismatch (mode=keys-only)
[14:18:08.927] INFO  controller.WorkflowController — Workflow 'New Workflow' run completed successfully in 953ms
