[23:59:09.669] INFO  controller.WorkflowController — ─────────────────────────────────────────────────────
[23:59:09.683] INFO  controller.WorkflowController — Workflow 'File to Sftp' run started [runId=run-7fcc6a73cb7b]
[23:59:09.691] INFO  workflow.execution — filelist: Listing directory C:/files
[23:59:09.707] INFO  workflow.execution — fileread: Reading C:\files\readme.txt
[23:59:10.138] INFO  workflow.execution — sftpwrite: Connecting to eu-central-1.sftpcloud.io:22
[23:59:10.146] INFO  workflow.execution — sftpwrite: Writing /pub/example/readme.txt
[23:59:10.245] INFO  remote.SftpOperations — Known host file not configured, using user known host file: C:\Users\Admin/.ssh/known_hosts
[23:59:14.971] INFO  remote.SftpOperations — Known host file not configured, using user known host file: C:\Users\Admin/.ssh/known_hosts
[23:59:19.566] INFO  remote.SftpOperations — Known host file not configured, using user known host file: C:\Users\Admin/.ssh/known_hosts
[23:59:21.717] WARN  remote.RemoteFileProducer — Writing file failed with: Cannot connect to sftp://3654d12d2d2241fa891e2b57924f1c2b@eu-central-1.sftpcloud.io:22
[23:59:21.773] ERROR errorhandler.DefaultErrorHandler — Failed delivery for (MessageId: 0376FA8B88E9DF2-0000000000000003 on ExchangeId: 0376FA8B88E9DF2-0000000000000003). Exhausted after delivery attempt: 1 caught: org.apache.camel.component.file.GenericFileOperationFailedException: Cannot connect to sftp://3654d12d2d2241fa891e2b57924f1c2b@eu-central-1.sftpcloud.io:22

Message History (complete message history is disabled)
---------------------------------------------------------------------------------------------------------------------------------------
Source                                   ID                             Processor                                          Elapsed (ms)
camel-route.yaml:7                       d32c3289-fa0f-4ba6-b7d5-ecddad from[direct://d32c3289-fa0f-4ba6-b7d5-ecddadf2e6bf        12028
	...
camel-route.yaml:78                      d32c3289-fa0f-4ba6-b7d5-ecddad sftp://3654d12d2d2241fa891e2b57924f1c2b:xxxxxx@eu-            0

Stacktrace
---------------------------------------------------------------------------------------------------------------------------------------
[23:59:21.773] WARN  file.GenericFileOnCompletion — Rollback file strategy: org.apache.camel.component.file.strategy.GenericFileRenameProcessStrategy@7ddf9696 for file: GenericFile[C:\files\readme.txt]
[23:59:21.784] ERROR controller.WorkflowController — Workflow 'File to Sftp' run failed: Multicast processing failed for number 0. Exchange[0376FA8B88E9DF2-0000000000000003]. Caused by: [org.apache.camel.component.file.GenericFileOperationFailedException - Cannot connect to sftp://3654d12d2d2241fa891e2b57924f1c2b@eu-central-1.sftpcloud.io:22]
