[01:09:57.441] INFO  controller.WorkflowController — ─────────────────────────────────────────────────────
[01:09:57.441] INFO  controller.WorkflowController — Workflow 'New Workflow' run started [runId=run-304231f90f3c]
[01:09:57.441] INFO  workflow.execution — sftplist: Connecting to test.rebex.net:22
[01:09:57.441] INFO  workflow.execution — sftplist: Listing /pub/example
[01:10:00.539] INFO  workflow.execution — sftpread: Connecting to test.rebex.net:22
[01:10:00.539] INFO  workflow.execution — sftpread: Reading /pub/example/imap-console-client.png
[01:10:00.598] INFO  remote.SftpOperations — Known host file not configured, using user known host file: C:\Users\Admin/.ssh/known_hosts
[01:10:05.872] WARN  remote.RemoteFilePollingConsumerPollStrategy — Trying to recover by force disconnecting from remote server and re-connecting at next poll: sftp://demo@test.rebex.net:22
[01:10:05.890] ERROR errorhandler.DefaultErrorHandler — Failed delivery for (MessageId: 9E3D47CB7CC085C-0000000000000034 on ExchangeId: 9E3D47CB7CC085C-0000000000000034). Exhausted after delivery attempt: 1 caught: org.apache.camel.CamelExchangeException: Error during poll. Exchange[9E3D47CB7CC085C-0000000000000034]. Caused by: [org.apache.camel.component.file.GenericFileOperationFailedException - Cannot change directory to: ..]

Message History (complete message history is disabled)
---------------------------------------------------------------------------------------------------------------------------------------
Source                                   ID                             Processor                                          Elapsed (ms)
camel-route.yaml:7                       20fce9c9-b4c2-49e8-86a3-b9780b from[direct://20fce9c9-b4c2-49e8-86a3-b9780b4357f3         8445
	...
camel-route.yaml:68                      20fce9c9-b4c2-49e8-86a3-b9780b pollEnrich[simple{sftp://demo:xxxxxx@test.rebex.ne            0

Stacktrace
---------------------------------------------------------------------------------------------------------------------------------------
[01:10:05.907] INFO  workflow.execution — sftpread: Connecting to test.rebex.net:22
[01:10:05.920] INFO  workflow.execution — sftpread: Reading /pub/example/KeyGenerator.png
[01:10:05.920] INFO  remote.SftpOperations — Known host file not configured, using user known host file: C:\Users\Admin/.ssh/known_hosts
[01:10:14.641] INFO  workflow.execution — filewrite: Writing to C:/files/<original name>
[01:10:14.655] INFO  workflow.execution — sftpread: Connecting to test.rebex.net:22
[01:10:14.661] INFO  workflow.execution — sftpread: Reading /pub/example/KeyGeneratorSmall.png
[01:10:14.664] INFO  remote.SftpOperations — Known host file not configured, using user known host file: C:\Users\Admin/.ssh/known_hosts
[01:10:23.147] INFO  workflow.execution — filewrite: Writing to C:/files/<original name>
[01:10:23.154] INFO  workflow.execution — sftpread: Connecting to test.rebex.net:22
[01:10:23.154] INFO  workflow.execution — sftpread: Reading /pub/example/mail-editor.png
[01:10:23.154] INFO  remote.SftpOperations — Known host file not configured, using user known host file: C:\Users\Admin/.ssh/known_hosts
[01:10:31.638] INFO  workflow.execution — filewrite: Writing to C:/files/<original name>
[01:10:31.653] INFO  workflow.execution — sftpread: Connecting to test.rebex.net:22
[01:10:31.655] INFO  workflow.execution — sftpread: Reading /pub/example/mail-send-winforms.png
[01:10:31.655] INFO  remote.SftpOperations — Known host file not configured, using user known host file: C:\Users\Admin/.ssh/known_hosts
[01:10:40.658] INFO  workflow.execution — filewrite: Writing to C:/files/<original name>
[01:10:40.658] INFO  workflow.execution — sftpread: Connecting to test.rebex.net:22
[01:10:40.663] INFO  workflow.execution — sftpread: Reading /pub/example/mime-explorer.png
[01:10:40.663] INFO  remote.SftpOperations — Known host file not configured, using user known host file: C:\Users\Admin/.ssh/known_hosts
[01:10:49.359] INFO  workflow.execution — filewrite: Writing to C:/files/<original name>
[01:10:49.359] INFO  workflow.execution — sftpread: Connecting to test.rebex.net:22
[01:10:49.375] INFO  workflow.execution — sftpread: Reading /pub/example/pocketftp.png
[01:10:49.375] INFO  remote.SftpOperations — Known host file not configured, using user known host file: C:\Users\Admin/.ssh/known_hosts
[01:10:58.258] INFO  workflow.execution — filewrite: Writing to C:/files/<original name>
[01:10:58.274] INFO  workflow.execution — sftpread: Connecting to test.rebex.net:22
[01:10:58.274] INFO  workflow.execution — sftpread: Reading /pub/example/pocketftpSmall.png
[01:10:58.283] INFO  remote.SftpOperations — Known host file not configured, using user known host file: C:\Users\Admin/.ssh/known_hosts
[01:11:05.794] INFO  workflow.execution — filewrite: Writing to C:/files/<original name>
[01:11:05.799] INFO  workflow.execution — sftpread: Connecting to test.rebex.net:22
[01:11:05.799] INFO  workflow.execution — sftpread: Reading /pub/example/pop3-browser.png
[01:11:05.799] INFO  remote.SftpOperations — Known host file not configured, using user known host file: C:\Users\Admin/.ssh/known_hosts
[01:11:14.612] INFO  workflow.execution — filewrite: Writing to C:/files/<original name>
[01:11:14.625] INFO  workflow.execution — sftpread: Connecting to test.rebex.net:22
[01:11:14.627] INFO  workflow.execution — sftpread: Reading /pub/example/pop3-console-client.png
[01:11:14.634] INFO  remote.SftpOperations — Known host file not configured, using user known host file: C:\Users\Admin/.ssh/known_hosts
[01:11:23.043] INFO  workflow.execution — filewrite: Writing to C:/files/<original name>
[01:11:23.057] INFO  workflow.execution — sftpread: Connecting to test.rebex.net:22
[01:11:23.060] INFO  workflow.execution — sftpread: Reading /pub/example/readme.txt
[01:11:23.066] INFO  remote.SftpOperations — Known host file not configured, using user known host file: C:\Users\Admin/.ssh/known_hosts
[01:11:31.546] INFO  workflow.execution — filewrite: Writing to C:/files/<original name>
[01:11:31.546] INFO  workflow.execution — sftpread: Connecting to test.rebex.net:22
[01:11:31.552] INFO  workflow.execution — sftpread: Reading /pub/example/ResumableTransfer.png
[01:11:31.552] INFO  remote.SftpOperations — Known host file not configured, using user known host file: C:\Users\Admin/.ssh/known_hosts
[01:11:39.430] INFO  workflow.execution — filewrite: Writing to C:/files/<original name>
[01:11:39.438] INFO  workflow.execution — sftpread: Connecting to test.rebex.net:22
[01:11:39.438] INFO  workflow.execution — sftpread: Reading /pub/example/winceclient.png
[01:11:39.446] INFO  remote.SftpOperations — Known host file not configured, using user known host file: C:\Users\Admin/.ssh/known_hosts
[01:11:44.844] ERROR errorhandler.DefaultErrorHandler — Failed delivery for (MessageId: 9E3D47CB7CC085C-0000000000000040 on ExchangeId: 9E3D47CB7CC085C-0000000000000040). Exhausted after delivery attempt: 1 caught: org.apache.camel.CamelExchangeException: Error during poll. Exchange[9E3D47CB7CC085C-0000000000000040]. Caused by: [java.util.concurrent.RejectedExecutionException - PollingConsumer on sftp://demo:xxxxxx@test.rebex.net:22/pub/example?disconnect=true&fileName=winceclient.png&idempotent=false&noop=true is not started, but in state: Stopping]

Message History (complete message history is disabled)
---------------------------------------------------------------------------------------------------------------------------------------
Source                                   ID                             Processor                                          Elapsed (ms)
camel-route.yaml:7                       20fce9c9-b4c2-49e8-86a3-b9780b from[direct://20fce9c9-b4c2-49e8-86a3-b9780b4357f3       107403
	...
camel-route.yaml:68                      20fce9c9-b4c2-49e8-86a3-b9780b pollEnrich[simple{sftp://demo:xxxxxx@test.rebex.ne            0

Stacktrace
---------------------------------------------------------------------------------------------------------------------------------------
[01:11:44.857] ERROR errorhandler.DefaultErrorHandler — Failed delivery for (MessageId: 9E3D47CB7CC085C-0000000000000041 on ExchangeId: 9E3D47CB7CC085C-0000000000000041). Exhausted after delivery attempt: 1 caught: java.util.concurrent.RejectedExecutionException

Message History (complete message history is disabled)
---------------------------------------------------------------------------------------------------------------------------------------
Source                                   ID                             Processor                                          Elapsed (ms)
camel-route.yaml:7                       20fce9c9-b4c2-49e8-86a3-b9780b from[direct://20fce9c9-b4c2-49e8-86a3-b9780b4357f3       107416

Stacktrace
---------------------------------------------------------------------------------------------------------------------------------------
[01:11:44.859] ERROR errorhandler.DefaultErrorHandler — Failed delivery for (MessageId: 9E3D47CB7CC085C-0000000000000042 on ExchangeId: 9E3D47CB7CC085C-0000000000000042). Exhausted after delivery attempt: 1 caught: java.util.concurrent.RejectedExecutionException

Message History (complete message history is disabled)
---------------------------------------------------------------------------------------------------------------------------------------
Source                                   ID                             Processor                                          Elapsed (ms)
camel-route.yaml:7                       20fce9c9-b4c2-49e8-86a3-b9780b from[direct://20fce9c9-b4c2-49e8-86a3-b9780b4357f3       107418

Stacktrace
---------------------------------------------------------------------------------------------------------------------------------------
[01:11:44.864] ERROR errorhandler.DefaultErrorHandler — Failed delivery for (MessageId: 9E3D47CB7CC085C-0000000000000043 on ExchangeId: 9E3D47CB7CC085C-0000000000000043). Exhausted after delivery attempt: 1 caught: java.util.concurrent.RejectedExecutionException

Message History (complete message history is disabled)
---------------------------------------------------------------------------------------------------------------------------------------
Source                                   ID                             Processor                                          Elapsed (ms)
camel-route.yaml:7                       20fce9c9-b4c2-49e8-86a3-b9780b from[direct://20fce9c9-b4c2-49e8-86a3-b9780b4357f3       107423

Stacktrace
---------------------------------------------------------------------------------------------------------------------------------------
[01:11:44.864] ERROR controller.WorkflowController — Workflow 'New Workflow' run failed: null
