[19:45:43.748] INFO  controller.WorkflowController — ─────────────────────────────────────────────────────
[19:45:43.749] INFO  controller.WorkflowController — Workflow 'New Workflow' run started [runId=run-dca5e9745570]
[19:45:43.751] INFO  workflow.execution — dbexecute: Connecting to conn-1779737211864-libkc
[19:45:43.752] INFO  workflow.execution — dbexecute: Executing query
[19:45:44.170] INFO  workflow.execution — 91
[19:45:44.174] INFO  workflow.execution — 123
[19:45:44.180] INFO  workflow.execution — 34
[19:45:44.186] INFO  workflow.execution — 105
[19:45:44.189] INFO  workflow.execution — 100
[19:45:44.191] INFO  workflow.execution — 34
[19:45:44.193] INFO  workflow.execution — 58
[19:45:44.196] INFO  workflow.execution — 49
[19:45:44.199] INFO  workflow.execution — 44
[19:45:44.202] INFO  workflow.execution — 34
[19:45:44.203] INFO  workflow.execution — 109
[19:45:44.206] INFO  workflow.execution — 101
[19:45:44.211] INFO  workflow.execution — 115
[19:45:44.214] INFO  workflow.execution — 115
[19:45:44.217] INFO  workflow.execution — 97
[19:45:44.221] INFO  workflow.execution — 103
[19:45:44.223] INFO  workflow.execution — 101
[19:45:44.228] INFO  workflow.execution — 34
[19:45:44.233] INFO  workflow.execution — 58
[19:45:44.238] INFO  workflow.execution — 34
[19:45:44.241] INFO  workflow.execution — 115
[19:45:44.246] INFO  workflow.execution — 97
[19:45:44.252] INFO  workflow.execution — 109
[19:45:44.256] INFO  workflow.execution — 112
[19:45:44.262] INFO  workflow.execution — 108
[19:45:44.268] INFO  workflow.execution — 101
[19:45:44.273] INFO  workflow.execution — 32
[19:45:44.278] INFO  workflow.execution — 109
[19:45:44.283] INFO  workflow.execution — 101
[19:45:44.288] INFO  workflow.execution — 115
[19:45:44.292] INFO  workflow.execution — 115
[19:45:44.298] INFO  workflow.execution — 97
[19:45:44.302] INFO  workflow.execution — 103
[19:45:44.307] INFO  workflow.execution — 101
[19:45:44.310] INFO  workflow.execution — 34
[19:45:44.318] INFO  workflow.execution — 125
[19:45:44.322] INFO  workflow.execution — 93
[19:45:44.324] INFO  controller.WorkflowController — Workflow 'New Workflow' run completed successfully in 576ms
