[00:26:16.412] INFO  controller.WorkflowController — ─────────────────────────────────────────────────────
[00:26:16.416] INFO  controller.WorkflowController — Workflow 'New Workflow' run started [runId=run-76f500b069da]
[00:26:17.226] INFO  workflow.execution — respStatus: 200 resp: [
  {
    "id": 1,
    "title": "Create an endpoint at Beeceptor.",
    "completed": true
  },
  {
    "id": 2,
    "title": "Send a request to your new Beeceptor endpoint.",
    "completed": true
  },
  {
    "id": 3,
    "title": "Create a mocking rule to send dummy data.",
    "completed": false
  },
  {
    "id": 4,
    "title": "Try out a failure response by sending 500 HTTP status code.",
    "completed": false
  },
  {
    "id": 5,
    "title": "Use the proxy feature to send a request to a real API. Intercept traffic using Beeceptor.",
    "completed": false
  }
]
[00:26:17.323] ERROR errorhandler.DefaultErrorHandler — Failed delivery for (MessageId: 5451D49BEBD6382-0000000000000001 on ExchangeId: 5451D49BEBD6382-0000000000000001). Exhausted after delivery attempt: 1 caught: org.apache.camel.RuntimeCamelException: JS evaluation failed: org.graalvm.polyglot.PolyglotException: SyntaxError: <eval>:1:67 Missing close quote
if (!(String(String(exchange.getMessage().getBody())) === String('[
                                                                   ^


Message History (complete message history is disabled)
---------------------------------------------------------------------------------------------------------------------------------------
Source                                   ID                             Processor                                          Elapsed (ms)
camel-route.yaml:7                       ca84eb35-13f0-480e-b79a-f4007e from[direct://ca84eb35-13f0-480e-b79a-f4007e328b14          893
	...
camel-route.yaml:17                      ca84eb35-13f0-480e-b79a-f4007e script[js{if (!(String(String(exchange.getMessage(            0

Stacktrace
---------------------------------------------------------------------------------------------------------------------------------------
[00:26:17.323] ERROR controller.WorkflowController — Workflow 'New Workflow' run failed: Exception occurred during execution on the exchange: Exchange[5451D49BEBD6382-0000000000000001]
