[19:45:07.192] INFO  controller.WorkflowController — ─────────────────────────────────────────────────────
[19:45:07.193] INFO  controller.WorkflowController — Workflow 'New Workflow' run started [runId=run-25f44739c573]
[19:45:07.196] INFO  workflow.execution — dbexecute: Connecting to conn-1779737211864-libkc
[19:45:07.200] INFO  workflow.execution — dbexecute: Executing query
[19:45:07.650] INFO  workflow.execution — 91
[19:45:07.653] INFO  workflow.execution — 123
[19:45:07.658] INFO  workflow.execution — 34
[19:45:07.660] INFO  workflow.execution — 105
[19:45:07.663] INFO  workflow.execution — 100
[19:45:07.666] INFO  workflow.execution — 34
[19:45:07.670] INFO  workflow.execution — 58
[19:45:07.673] INFO  workflow.execution — 49
[19:45:07.678] INFO  workflow.execution — 44
[19:45:07.681] INFO  workflow.execution — 34
[19:45:07.684] INFO  workflow.execution — 109
[19:45:07.686] INFO  workflow.execution — 101
[19:45:07.689] INFO  workflow.execution — 115
[19:45:07.693] INFO  workflow.execution — 115
[19:45:07.699] INFO  workflow.execution — 97
[19:45:07.702] INFO  workflow.execution — 103
[19:45:07.704] INFO  workflow.execution — 101
[19:45:07.707] INFO  workflow.execution — 34
[19:45:07.709] INFO  workflow.execution — 58
[19:45:07.713] INFO  workflow.execution — 34
[19:45:07.716] INFO  workflow.execution — 115
[19:45:07.721] INFO  workflow.execution — 97
[19:45:07.724] INFO  workflow.execution — 109
[19:45:07.728] INFO  workflow.execution — 112
[19:45:07.732] INFO  workflow.execution — 108
[19:45:07.735] INFO  workflow.execution — 101
[19:45:07.738] INFO  workflow.execution — 32
[19:45:07.742] INFO  workflow.execution — 109
[19:45:07.745] INFO  workflow.execution — 101
[19:45:07.748] INFO  workflow.execution — 115
[19:45:07.751] INFO  workflow.execution — 115
[19:45:07.754] INFO  workflow.execution — 97
[19:45:07.758] INFO  workflow.execution — 103
[19:45:07.764] INFO  workflow.execution — 101
[19:45:07.768] INFO  workflow.execution — 34
[19:45:07.771] INFO  workflow.execution — 125
[19:45:07.776] INFO  workflow.execution — 93
[19:45:07.780] INFO  controller.WorkflowController — Workflow 'New Workflow' run completed successfully in 588ms
