[01:01:50.569] INFO  controller.WorkflowController — ─────────────────────────────────────────────────────
[01:01:50.575] INFO  controller.WorkflowController — Workflow 'File to Sftp' run started [runId=run-9193390e179a]
[01:01:50.585] INFO  workflow.execution — filelist: Listing directory C:\files
[01:01:50.659] INFO  workflow.execution — fileread: Reading file C:\files\readme.txt
[01:01:50.675] ERROR errorhandler.DefaultErrorHandler — Failed delivery for (MessageId: D3C79AAAD5CA2D7-0000000000000008 on ExchangeId: D3C79AAAD5CA2D7-0000000000000008). Exhausted after delivery attempt: 1 caught: org.apache.camel.RuntimeCamelException: JS evaluation failed: org.graalvm.polyglot.PolyglotException: ReferenceError: filePath is not defined

Message History (complete message history is disabled)
---------------------------------------------------------------------------------------------------------------------------------------
Source                                   ID                             Processor                                          Elapsed (ms)
camel-route.yaml:7                       d32c3289-fa0f-4ba6-b7d5-ecddad from[direct://d32c3289-fa0f-4ba6-b7d5-ecddadf2e6bf           90
	...
camel-route.yaml:30                      d32c3289-fa0f-4ba6-b7d5-ecddad script[js{var Files=Java.type('java.nio.file.Files            0

Stacktrace
---------------------------------------------------------------------------------------------------------------------------------------
[01:01:50.739] INFO  workflow.execution — fileread: Reading file C:\files\readme.txt.pgp
[01:01:50.756] ERROR errorhandler.DefaultErrorHandler — Failed delivery for (MessageId: D3C79AAAD5CA2D7-0000000000000009 on ExchangeId: D3C79AAAD5CA2D7-0000000000000009). Exhausted after delivery attempt: 1 caught: org.apache.camel.RuntimeCamelException: JS evaluation failed: org.graalvm.polyglot.PolyglotException: ReferenceError: filePath is not defined

Message History (complete message history is disabled)
---------------------------------------------------------------------------------------------------------------------------------------
Source                                   ID                             Processor                                          Elapsed (ms)
camel-route.yaml:7                       d32c3289-fa0f-4ba6-b7d5-ecddad from[direct://d32c3289-fa0f-4ba6-b7d5-ecddadf2e6bf          154
	...
camel-route.yaml:30                      d32c3289-fa0f-4ba6-b7d5-ecddad script[js{var Files=Java.type('java.nio.file.Files            0

Stacktrace
---------------------------------------------------------------------------------------------------------------------------------------
[01:01:50.759] INFO  workflow.execution — fileread: Reading file C:\files\readme.txt.pgp.txt
[01:01:50.768] ERROR errorhandler.DefaultErrorHandler — Failed delivery for (MessageId: D3C79AAAD5CA2D7-000000000000000A on ExchangeId: D3C79AAAD5CA2D7-000000000000000A). Exhausted after delivery attempt: 1 caught: org.apache.camel.RuntimeCamelException: JS evaluation failed: org.graalvm.polyglot.PolyglotException: ReferenceError: filePath is not defined

Message History (complete message history is disabled)
---------------------------------------------------------------------------------------------------------------------------------------
Source                                   ID                             Processor                                          Elapsed (ms)
camel-route.yaml:7                       d32c3289-fa0f-4ba6-b7d5-ecddad from[direct://d32c3289-fa0f-4ba6-b7d5-ecddadf2e6bf          179
	...
camel-route.yaml:30                      d32c3289-fa0f-4ba6-b7d5-ecddad script[js{var Files=Java.type('java.nio.file.Files            0

Stacktrace
---------------------------------------------------------------------------------------------------------------------------------------
[01:01:50.775] ERROR controller.WorkflowController — Workflow 'File to Sftp' run failed: JS evaluation failed: org.graalvm.polyglot.PolyglotException: ReferenceError: filePath is not defined
