[00:53:00.865] INFO  controller.WorkflowController — ─────────────────────────────────────────────────────
[00:53:00.879] INFO  controller.WorkflowController — Workflow 'New Workflow' run started [runId=run-8ec3ed191cf8]
[00:53:00.879] INFO  workflow.execution — sftplist: Connecting to test.rebex.net:22
[00:53:00.881] INFO  workflow.execution — sftplist: Listing /pub/example
[00:53:03.660] INFO  workflow.execution — sftpread: Connecting to test.rebex.net:22
[00:53:03.672] ERROR errorhandler.DefaultErrorHandler — Failed delivery for (MessageId: D7C74EDDE17B923-0000000000000045 on ExchangeId: D7C74EDDE17B923-0000000000000045). Exhausted after delivery attempt: 1 caught: org.apache.camel.language.bean.RuntimeBeanExpressionException: Failed to invoke method: fileName on null due to: org.apache.camel.component.bean.MethodNotFoundException: Method with name: fileName not found on bean: {"filePath":"/pub/example/imap-console-client.png","fileName":"imap-console-client.png"} of type: com.fasterxml.jackson.databind.node.ObjectNode on the exchange: Exchange[D7C74EDDE17B923-0000000000000045]

Message History (complete message history is disabled)
---------------------------------------------------------------------------------------------------------------------------------------
Source                                   ID                             Processor                                          Elapsed (ms)
camel-route.yaml:7                       20fce9c9-b4c2-49e8-86a3-b9780b from[direct://20fce9c9-b4c2-49e8-86a3-b9780b4357f3         2793
	...
camel-route.yaml:64                      20fce9c9-b4c2-49e8-86a3-b9780b log                                                           0

Stacktrace
---------------------------------------------------------------------------------------------------------------------------------------
[00:53:03.729] INFO  workflow.execution — sftpread: Connecting to test.rebex.net:22
[00:53:03.740] ERROR errorhandler.DefaultErrorHandler — Failed delivery for (MessageId: D7C74EDDE17B923-0000000000000046 on ExchangeId: D7C74EDDE17B923-0000000000000046). Exhausted after delivery attempt: 1 caught: org.apache.camel.language.bean.RuntimeBeanExpressionException: Failed to invoke method: fileName on null due to: org.apache.camel.component.bean.MethodNotFoundException: Method with name: fileName not found on bean: {"filePath":"/pub/example/KeyGenerator.png","fileName":"KeyGenerator.png"} of type: com.fasterxml.jackson.databind.node.ObjectNode on the exchange: Exchange[D7C74EDDE17B923-0000000000000046]

Message History (complete message history is disabled)
---------------------------------------------------------------------------------------------------------------------------------------
Source                                   ID                             Processor                                          Elapsed (ms)
camel-route.yaml:7                       20fce9c9-b4c2-49e8-86a3-b9780b from[direct://20fce9c9-b4c2-49e8-86a3-b9780b4357f3         2850
	...
camel-route.yaml:64                      20fce9c9-b4c2-49e8-86a3-b9780b log                                                           0

Stacktrace
---------------------------------------------------------------------------------------------------------------------------------------
[00:53:03.741] INFO  workflow.execution — sftpread: Connecting to test.rebex.net:22
[00:53:03.745] ERROR errorhandler.DefaultErrorHandler — Failed delivery for (MessageId: D7C74EDDE17B923-0000000000000047 on ExchangeId: D7C74EDDE17B923-0000000000000047). Exhausted after delivery attempt: 1 caught: org.apache.camel.language.bean.RuntimeBeanExpressionException: Failed to invoke method: fileName on null due to: org.apache.camel.component.bean.MethodNotFoundException: Method with name: fileName not found on bean: {"filePath":"/pub/example/KeyGeneratorSmall.png","fileName":"KeyGeneratorSmall.png"} of type: com.fasterxml.jackson.databind.node.ObjectNode on the exchange: Exchange[D7C74EDDE17B923-0000000000000047]

Message History (complete message history is disabled)
---------------------------------------------------------------------------------------------------------------------------------------
Source                                   ID                             Processor                                          Elapsed (ms)
camel-route.yaml:7                       20fce9c9-b4c2-49e8-86a3-b9780b from[direct://20fce9c9-b4c2-49e8-86a3-b9780b4357f3         2866
	...
camel-route.yaml:64                      20fce9c9-b4c2-49e8-86a3-b9780b log                                                           0

Stacktrace
---------------------------------------------------------------------------------------------------------------------------------------
[00:53:03.745] INFO  workflow.execution — sftpread: Connecting to test.rebex.net:22
[00:53:03.758] ERROR errorhandler.DefaultErrorHandler — Failed delivery for (MessageId: D7C74EDDE17B923-0000000000000048 on ExchangeId: D7C74EDDE17B923-0000000000000048). Exhausted after delivery attempt: 1 caught: org.apache.camel.language.bean.RuntimeBeanExpressionException: Failed to invoke method: fileName on null due to: org.apache.camel.component.bean.MethodNotFoundException: Method with name: fileName not found on bean: {"filePath":"/pub/example/mail-editor.png","fileName":"mail-editor.png"} of type: com.fasterxml.jackson.databind.node.ObjectNode on the exchange: Exchange[D7C74EDDE17B923-0000000000000048]

Message History (complete message history is disabled)
---------------------------------------------------------------------------------------------------------------------------------------
Source                                   ID                             Processor                                          Elapsed (ms)
camel-route.yaml:7                       20fce9c9-b4c2-49e8-86a3-b9780b from[direct://20fce9c9-b4c2-49e8-86a3-b9780b4357f3         2879
	...
camel-route.yaml:64                      20fce9c9-b4c2-49e8-86a3-b9780b log                                                           0

Stacktrace
---------------------------------------------------------------------------------------------------------------------------------------
[00:53:03.758] INFO  workflow.execution — sftpread: Connecting to test.rebex.net:22
[00:53:03.764] ERROR errorhandler.DefaultErrorHandler — Failed delivery for (MessageId: D7C74EDDE17B923-0000000000000049 on ExchangeId: D7C74EDDE17B923-0000000000000049). Exhausted after delivery attempt: 1 caught: org.apache.camel.language.bean.RuntimeBeanExpressionException: Failed to invoke method: fileName on null due to: org.apache.camel.component.bean.MethodNotFoundException: Method with name: fileName not found on bean: {"filePath":"/pub/example/mail-send-winforms.png","fileName":"mail-send-winforms.png"} of type: com.fasterxml.jackson.databind.node.ObjectNode on the exchange: Exchange[D7C74EDDE17B923-0000000000000049]

Message History (complete message history is disabled)
---------------------------------------------------------------------------------------------------------------------------------------
Source                                   ID                             Processor                                          Elapsed (ms)
camel-route.yaml:7                       20fce9c9-b4c2-49e8-86a3-b9780b from[direct://20fce9c9-b4c2-49e8-86a3-b9780b4357f3         2885
	...
camel-route.yaml:64                      20fce9c9-b4c2-49e8-86a3-b9780b log                                                           0

Stacktrace
---------------------------------------------------------------------------------------------------------------------------------------
[00:53:03.775] INFO  workflow.execution — sftpread: Connecting to test.rebex.net:22
[00:53:03.777] ERROR errorhandler.DefaultErrorHandler — Failed delivery for (MessageId: D7C74EDDE17B923-000000000000004A on ExchangeId: D7C74EDDE17B923-000000000000004A). Exhausted after delivery attempt: 1 caught: org.apache.camel.language.bean.RuntimeBeanExpressionException: Failed to invoke method: fileName on null due to: org.apache.camel.component.bean.MethodNotFoundException: Method with name: fileName not found on bean: {"filePath":"/pub/example/mime-explorer.png","fileName":"mime-explorer.png"} of type: com.fasterxml.jackson.databind.node.ObjectNode on the exchange: Exchange[D7C74EDDE17B923-000000000000004A]

Message History (complete message history is disabled)
---------------------------------------------------------------------------------------------------------------------------------------
Source                                   ID                             Processor                                          Elapsed (ms)
camel-route.yaml:7                       20fce9c9-b4c2-49e8-86a3-b9780b from[direct://20fce9c9-b4c2-49e8-86a3-b9780b4357f3         2898
	...
camel-route.yaml:64                      20fce9c9-b4c2-49e8-86a3-b9780b log                                                           0

Stacktrace
---------------------------------------------------------------------------------------------------------------------------------------
[00:53:03.777] INFO  workflow.execution — sftpread: Connecting to test.rebex.net:22
[00:53:03.785] ERROR errorhandler.DefaultErrorHandler — Failed delivery for (MessageId: D7C74EDDE17B923-000000000000004B on ExchangeId: D7C74EDDE17B923-000000000000004B). Exhausted after delivery attempt: 1 caught: org.apache.camel.language.bean.RuntimeBeanExpressionException: Failed to invoke method: fileName on null due to: org.apache.camel.component.bean.MethodNotFoundException: Method with name: fileName not found on bean: {"filePath":"/pub/example/pocketftp.png","fileName":"pocketftp.png"} of type: com.fasterxml.jackson.databind.node.ObjectNode on the exchange: Exchange[D7C74EDDE17B923-000000000000004B]

Message History (complete message history is disabled)
---------------------------------------------------------------------------------------------------------------------------------------
Source                                   ID                             Processor                                          Elapsed (ms)
camel-route.yaml:7                       20fce9c9-b4c2-49e8-86a3-b9780b from[direct://20fce9c9-b4c2-49e8-86a3-b9780b4357f3         2898
	...
camel-route.yaml:64                      20fce9c9-b4c2-49e8-86a3-b9780b log                                                           0

Stacktrace
---------------------------------------------------------------------------------------------------------------------------------------
[00:53:03.791] INFO  workflow.execution — sftpread: Connecting to test.rebex.net:22
[00:53:03.793] ERROR errorhandler.DefaultErrorHandler — Failed delivery for (MessageId: D7C74EDDE17B923-000000000000004C on ExchangeId: D7C74EDDE17B923-000000000000004C). Exhausted after delivery attempt: 1 caught: org.apache.camel.language.bean.RuntimeBeanExpressionException: Failed to invoke method: fileName on null due to: org.apache.camel.component.bean.MethodNotFoundException: Method with name: fileName not found on bean: {"filePath":"/pub/example/pocketftpSmall.png","fileName":"pocketftpSmall.png"} of type: com.fasterxml.jackson.databind.node.ObjectNode on the exchange: Exchange[D7C74EDDE17B923-000000000000004C]

Message History (complete message history is disabled)
---------------------------------------------------------------------------------------------------------------------------------------
Source                                   ID                             Processor                                          Elapsed (ms)
camel-route.yaml:7                       20fce9c9-b4c2-49e8-86a3-b9780b from[direct://20fce9c9-b4c2-49e8-86a3-b9780b4357f3         2914
	...
camel-route.yaml:64                      20fce9c9-b4c2-49e8-86a3-b9780b log                                                           0

Stacktrace
---------------------------------------------------------------------------------------------------------------------------------------
[00:53:03.793] INFO  workflow.execution — sftpread: Connecting to test.rebex.net:22
[00:53:03.804] ERROR errorhandler.DefaultErrorHandler — Failed delivery for (MessageId: D7C74EDDE17B923-000000000000004D on ExchangeId: D7C74EDDE17B923-000000000000004D). Exhausted after delivery attempt: 1 caught: org.apache.camel.language.bean.RuntimeBeanExpressionException: Failed to invoke method: fileName on null due to: org.apache.camel.component.bean.MethodNotFoundException: Method with name: fileName not found on bean: {"filePath":"/pub/example/pop3-browser.png","fileName":"pop3-browser.png"} of type: com.fasterxml.jackson.databind.node.ObjectNode on the exchange: Exchange[D7C74EDDE17B923-000000000000004D]

Message History (complete message history is disabled)
---------------------------------------------------------------------------------------------------------------------------------------
Source                                   ID                             Processor                                          Elapsed (ms)
camel-route.yaml:7                       20fce9c9-b4c2-49e8-86a3-b9780b from[direct://20fce9c9-b4c2-49e8-86a3-b9780b4357f3         2922
	...
camel-route.yaml:64                      20fce9c9-b4c2-49e8-86a3-b9780b log                                                           0

Stacktrace
---------------------------------------------------------------------------------------------------------------------------------------
[00:53:03.807] INFO  workflow.execution — sftpread: Connecting to test.rebex.net:22
[00:53:03.807] ERROR errorhandler.DefaultErrorHandler — Failed delivery for (MessageId: D7C74EDDE17B923-000000000000004E on ExchangeId: D7C74EDDE17B923-000000000000004E). Exhausted after delivery attempt: 1 caught: org.apache.camel.language.bean.RuntimeBeanExpressionException: Failed to invoke method: fileName on null due to: org.apache.camel.component.bean.MethodNotFoundException: Method with name: fileName not found on bean: {"filePath":"/pub/example/pop3-console-client.png","fileName":"pop3-console-client.png"} of type: com.fasterxml.jackson.databind.node.ObjectNode on the exchange: Exchange[D7C74EDDE17B923-000000000000004E]

Message History (complete message history is disabled)
---------------------------------------------------------------------------------------------------------------------------------------
Source                                   ID                             Processor                                          Elapsed (ms)
camel-route.yaml:7                       20fce9c9-b4c2-49e8-86a3-b9780b from[direct://20fce9c9-b4c2-49e8-86a3-b9780b4357f3         2928
	...
camel-route.yaml:64                      20fce9c9-b4c2-49e8-86a3-b9780b log                                                           0

Stacktrace
---------------------------------------------------------------------------------------------------------------------------------------
[00:53:03.807] INFO  workflow.execution — sftpread: Connecting to test.rebex.net:22
[00:53:03.816] ERROR errorhandler.DefaultErrorHandler — Failed delivery for (MessageId: D7C74EDDE17B923-000000000000004F on ExchangeId: D7C74EDDE17B923-000000000000004F). Exhausted after delivery attempt: 1 caught: org.apache.camel.language.bean.RuntimeBeanExpressionException: Failed to invoke method: fileName on null due to: org.apache.camel.component.bean.MethodNotFoundException: Method with name: fileName not found on bean: {"filePath":"/pub/example/readme.txt","fileName":"readme.txt"} of type: com.fasterxml.jackson.databind.node.ObjectNode on the exchange: Exchange[D7C74EDDE17B923-000000000000004F]

Message History (complete message history is disabled)
---------------------------------------------------------------------------------------------------------------------------------------
Source                                   ID                             Processor                                          Elapsed (ms)
camel-route.yaml:7                       20fce9c9-b4c2-49e8-86a3-b9780b from[direct://20fce9c9-b4c2-49e8-86a3-b9780b4357f3         2928
	...
camel-route.yaml:64                      20fce9c9-b4c2-49e8-86a3-b9780b log                                                           0

Stacktrace
---------------------------------------------------------------------------------------------------------------------------------------
[00:53:03.816] INFO  workflow.execution — sftpread: Connecting to test.rebex.net:22
[00:53:03.824] ERROR errorhandler.DefaultErrorHandler — Failed delivery for (MessageId: D7C74EDDE17B923-0000000000000050 on ExchangeId: D7C74EDDE17B923-0000000000000050). Exhausted after delivery attempt: 1 caught: org.apache.camel.language.bean.RuntimeBeanExpressionException: Failed to invoke method: fileName on null due to: org.apache.camel.component.bean.MethodNotFoundException: Method with name: fileName not found on bean: {"filePath":"/pub/example/ResumableTransfer.png","fileName":"ResumableTransfer.png"} of type: com.fasterxml.jackson.databind.node.ObjectNode on the exchange: Exchange[D7C74EDDE17B923-0000000000000050]

Message History (complete message history is disabled)
---------------------------------------------------------------------------------------------------------------------------------------
Source                                   ID                             Processor                                          Elapsed (ms)
camel-route.yaml:7                       20fce9c9-b4c2-49e8-86a3-b9780b from[direct://20fce9c9-b4c2-49e8-86a3-b9780b4357f3         2941
	...
camel-route.yaml:64                      20fce9c9-b4c2-49e8-86a3-b9780b log                                                           0

Stacktrace
---------------------------------------------------------------------------------------------------------------------------------------
[00:53:03.838] INFO  workflow.execution — sftpread: Connecting to test.rebex.net:22
[00:53:03.841] ERROR errorhandler.DefaultErrorHandler — Failed delivery for (MessageId: D7C74EDDE17B923-0000000000000051 on ExchangeId: D7C74EDDE17B923-0000000000000051). Exhausted after delivery attempt: 1 caught: org.apache.camel.language.bean.RuntimeBeanExpressionException: Failed to invoke method: fileName on null due to: org.apache.camel.component.bean.MethodNotFoundException: Method with name: fileName not found on bean: {"filePath":"/pub/example/winceclient.png","fileName":"winceclient.png"} of type: com.fasterxml.jackson.databind.node.ObjectNode on the exchange: Exchange[D7C74EDDE17B923-0000000000000051]

Message History (complete message history is disabled)
---------------------------------------------------------------------------------------------------------------------------------------
Source                                   ID                             Processor                                          Elapsed (ms)
camel-route.yaml:7                       20fce9c9-b4c2-49e8-86a3-b9780b from[direct://20fce9c9-b4c2-49e8-86a3-b9780b4357f3         2962
	...
camel-route.yaml:64                      20fce9c9-b4c2-49e8-86a3-b9780b log                                                           0

Stacktrace
---------------------------------------------------------------------------------------------------------------------------------------
[00:53:03.841] INFO  workflow.execution — sftpread: Connecting to test.rebex.net:22
[00:53:03.858] ERROR errorhandler.DefaultErrorHandler — Failed delivery for (MessageId: D7C74EDDE17B923-0000000000000052 on ExchangeId: D7C74EDDE17B923-0000000000000052). Exhausted after delivery attempt: 1 caught: org.apache.camel.language.bean.RuntimeBeanExpressionException: Failed to invoke method: fileName on null due to: org.apache.camel.component.bean.MethodNotFoundException: Method with name: fileName not found on bean: {"filePath":"/pub/example/winceclientSmall.png","fileName":"winceclientSmall.png"} of type: com.fasterxml.jackson.databind.node.ObjectNode on the exchange: Exchange[D7C74EDDE17B923-0000000000000052]

Message History (complete message history is disabled)
---------------------------------------------------------------------------------------------------------------------------------------
Source                                   ID                             Processor                                          Elapsed (ms)
camel-route.yaml:7                       20fce9c9-b4c2-49e8-86a3-b9780b from[direct://20fce9c9-b4c2-49e8-86a3-b9780b4357f3         2979
	...
camel-route.yaml:64                      20fce9c9-b4c2-49e8-86a3-b9780b log                                                           0

Stacktrace
---------------------------------------------------------------------------------------------------------------------------------------
[00:53:03.874] INFO  workflow.execution — sftpread: Connecting to test.rebex.net:22
[00:53:03.928] ERROR errorhandler.DefaultErrorHandler — Failed delivery for (MessageId: D7C74EDDE17B923-0000000000000053 on ExchangeId: D7C74EDDE17B923-0000000000000053). Exhausted after delivery attempt: 1 caught: org.apache.camel.language.bean.RuntimeBeanExpressionException: Failed to invoke method: fileName on null due to: org.apache.camel.component.bean.MethodNotFoundException: Method with name: fileName not found on bean: {"filePath":"/pub/example/WinFormClient.png","fileName":"WinFormClient.png"} of type: com.fasterxml.jackson.databind.node.ObjectNode on the exchange: Exchange[D7C74EDDE17B923-0000000000000053]

Message History (complete message history is disabled)
---------------------------------------------------------------------------------------------------------------------------------------
Source                                   ID                             Processor                                          Elapsed (ms)
camel-route.yaml:7                       20fce9c9-b4c2-49e8-86a3-b9780b from[direct://20fce9c9-b4c2-49e8-86a3-b9780b4357f3         3049
	...
camel-route.yaml:64                      20fce9c9-b4c2-49e8-86a3-b9780b log                                                           0

Stacktrace
---------------------------------------------------------------------------------------------------------------------------------------
[00:53:03.928] INFO  workflow.execution — sftpread: Connecting to test.rebex.net:22
[00:53:03.945] ERROR errorhandler.DefaultErrorHandler — Failed delivery for (MessageId: D7C74EDDE17B923-0000000000000054 on ExchangeId: D7C74EDDE17B923-0000000000000054). Exhausted after delivery attempt: 1 caught: org.apache.camel.language.bean.RuntimeBeanExpressionException: Failed to invoke method: fileName on null due to: org.apache.camel.component.bean.MethodNotFoundException: Method with name: fileName not found on bean: {"filePath":"/pub/example/WinFormClientSmall.png","fileName":"WinFormClientSmall.png"} of type: com.fasterxml.jackson.databind.node.ObjectNode on the exchange: Exchange[D7C74EDDE17B923-0000000000000054]

Message History (complete message history is disabled)
---------------------------------------------------------------------------------------------------------------------------------------
Source                                   ID                             Processor                                          Elapsed (ms)
camel-route.yaml:7                       20fce9c9-b4c2-49e8-86a3-b9780b from[direct://20fce9c9-b4c2-49e8-86a3-b9780b4357f3         3066
	...
camel-route.yaml:64                      20fce9c9-b4c2-49e8-86a3-b9780b log                                                           0

Stacktrace
---------------------------------------------------------------------------------------------------------------------------------------
[00:53:03.945] ERROR controller.WorkflowController — Workflow 'New Workflow' run failed: Failed to invoke method: fileName on null due to: org.apache.camel.component.bean.MethodNotFoundException: Method with name: fileName not found on bean: {"filePath":"/pub/example/WinFormClientSmall.png","fileName":"WinFormClientSmall.png"} of type: com.fasterxml.jackson.databind.node.ObjectNode on the exchange: Exchange[D7C74EDDE17B923-0000000000000054]
