[23:21:47.865] INFO  controller.WorkflowController — ─────────────────────────────────────────────────────
[23:21:47.865] INFO  controller.WorkflowController — Workflow 'New Workflow' run started [runId=run-a07de63c2004]
[23:21:47.994] ERROR errorhandler.DefaultErrorHandler — Failed delivery for (MessageId: 53C90FD7E487C78-0000000000000005 on ExchangeId: 53C90FD7E487C78-0000000000000005). Exhausted after delivery attempt: 1 caught: org.apache.camel.ExpressionEvaluationException: com.jayway.jsonpath.PathNotFoundException: Missing property in path $['body']

Message History (complete message history is disabled)
---------------------------------------------------------------------------------------------------------------------------------------
Source                                   ID                             Processor                                          Elapsed (ms)
camel-route.yaml:7                       ca84eb35-13f0-480e-b79a-f4007e from[direct://ca84eb35-13f0-480e-b79a-f4007e328b14          118
	...
camel-route.yaml:16                      ca84eb35-13f0-480e-b79a-f4007e setProperty[testVar]                                          0

Stacktrace
---------------------------------------------------------------------------------------------------------------------------------------
[23:21:48.051] ERROR errorhandler.DefaultErrorHandler — Failed delivery for (MessageId: 53C90FD7E487C78-0000000000000006 on ExchangeId: 53C90FD7E487C78-0000000000000006). Exhausted after delivery attempt: 1 caught: org.apache.camel.ExpressionEvaluationException: com.jayway.jsonpath.PathNotFoundException: Missing property in path $['body']

Message History (complete message history is disabled)
---------------------------------------------------------------------------------------------------------------------------------------
Source                                   ID                             Processor                                          Elapsed (ms)
camel-route.yaml:7                       ca84eb35-13f0-480e-b79a-f4007e from[direct://ca84eb35-13f0-480e-b79a-f4007e328b14          186
	...
camel-route.yaml:16                      ca84eb35-13f0-480e-b79a-f4007e setProperty[testVar]                                          0

Stacktrace
---------------------------------------------------------------------------------------------------------------------------------------
[23:21:48.059] ERROR controller.WorkflowController — Workflow 'New Workflow' run failed: Exception occurred during execution on the exchange: Exchange[53C90FD7E487C78-0000000000000004]
