[21:10:07.957] INFO  controller.WorkflowController — ─────────────────────────────────────────────────────
[21:10:07.961] INFO  controller.WorkflowController — Workflow 'HTTP_TEST' run started [runId=run-d9ee509b2433]
[21:10:08.058] INFO  workflow.execution — http: GET https://random123.free.beeceptor.com//todos
[21:10:12.614] INFO  workflow.execution — [
  {
    "id": 1,
    "title": "Create an endpoint at Beeceptor.",
    "completed": true
  },
  {
    "id": 2,
    "title": "Send a request to your new Beeceptor endpoint.",
    "completed": true
  },
  {
    "id": 3,
    "title": "Create a mocking rule to send dummy data.",
    "completed": false
  },
  {
    "id": 4,
    "title": "Try out a failure response by sending 500 HTTP status code.",
    "completed": false
  },
  {
    "id": 5,
    "title": "Use the proxy feature to send a request to a real API. Intercept traffic using Beeceptor.",
    "completed": false
  }
]
[21:10:12.620] INFO  controller.WorkflowController — Workflow 'HTTP_TEST' run completed successfully in 4663ms
