[20:39:48.497] INFO  controller.WorkflowController — ─────────────────────────────────────────────────────
[20:39:48.522] INFO  controller.WorkflowController — Workflow 'New Workflow' run started [runId=run-e6d474b771f1]
[20:39:48.537] INFO  workflow.execution — http: GET https://self-signed.badssl.com/
[20:39:51.006] INFO  workflow.execution — <!DOCTYPE html>
<html>
<head>
  <meta charset="utf-8">
  <meta name="viewport" content="width=device-width, initial-scale=1">
  <link rel="shortcut icon" href="/icons/favicon-red.ico"/>
  <link rel="apple-touch-icon" href="/icons/icon-red.png"/>
  <title>self-signed.badssl.com</title>
  <link rel="stylesheet" href="/style.css">
  <style>body { background: red; }</style>
</head>
<body>
<div id="content">
  <h1 style="font-size: 12vw;">
    self-signed.<br>badssl.com
  </h1>
</div>

</body>
</html>

[20:39:51.043] INFO  controller.WorkflowController — Workflow 'New Workflow' run completed successfully in 2546ms
