[14:22:04.910] INFO  controller.WorkflowController — ─────────────────────────────────────────────────────
[14:22:04.913] INFO  controller.WorkflowController — Workflow 'New Workflow' run started [runId=run-06597c8e622d]
[14:22:05.826] INFO  workflow.execution — respStatus: 200 resp: [
  {
    "id": 1,
    "title": "Create an endpoint at Beeceptor.",
    "completed": true
  },
  {
    "id": 2,
    "title": "Send a request to your new Beeceptor endpoint.",
    "completed": true
  },
  {
    "id": 3,
    "title": "Create a mocking rule to send dummy data.",
    "completed": false
  },
  {
    "id": 4,
    "title": "Try out a failure response by sending 500 HTTP status code.",
    "completed": false
  },
  {
    "id": 5,
    "title": "Use the proxy feature to send a request to a real API. Intercept traffic using Beeceptor.",
    "completed": false
  }
]
[14:22:05.841] ERROR errorhandler.DefaultErrorHandler — Failed delivery for (MessageId: E7BCE729A09DAFE-0000000000000007 on ExchangeId: E7BCE729A09DAFE-0000000000000007). Exhausted after delivery attempt: 1 caught: java.lang.RuntimeException: JSON compare mismatch (mode=keys-only)

Message History (complete message history is disabled)
---------------------------------------------------------------------------------------------------------------------------------------
Source                                   ID                             Processor                                          Elapsed (ms)
camel-route.yaml:7                       ca84eb35-13f0-480e-b79a-f4007e from[direct://ca84eb35-13f0-480e-b79a-f4007e328b14          921
	...
camel-route.yaml:84                      ca84eb35-13f0-480e-b79a-f4007e bean[ref:compareHelper method:compareJson]                    0

Stacktrace
---------------------------------------------------------------------------------------------------------------------------------------
[14:22:05.842] ERROR controller.WorkflowController — Workflow 'New Workflow' run failed: Exception occurred during execution on the exchange: Exchange[E7BCE729A09DAFE-0000000000000007]
