[16:18:18.377] INFO  controller.WorkflowController — ─────────────────────────────────────────────────────
[16:18:18.377] INFO  controller.WorkflowController — Workflow 'File to Sftp' run started [runId=run-722efdc2901d]
[16:18:18.406] INFO  workflow.execution — filelist: Listing directory C:/files
[16:18:19.618] INFO  workflow.execution — fileread: Reading C:\files\readme.txt
[16:18:25.078] INFO  workflow.execution — sftpwrite: Connecting to test.rebex.net:22
[16:18:25.140] INFO  workflow.execution — sftpwrite: Writing /pub/example/
[16:18:25.248] INFO  remote.SftpOperations — Known host file not configured, using user known host file: C:\Users\Admin/.ssh/known_hosts
[16:18:30.917] WARN  remote.RemoteFileProducer — Writing file failed with: Cannot write null body to file: pub/example/
[16:18:30.941] ERROR errorhandler.DefaultErrorHandler — Failed delivery for (MessageId: CCCF62D97C512E7-0000000000000001 on ExchangeId: CCCF62D97C512E7-0000000000000001). Exhausted after delivery attempt: 1 caught: org.apache.camel.component.file.GenericFileOperationFailedException: Cannot write null body to file: pub/example/

Message History (complete message history is disabled)
---------------------------------------------------------------------------------------------------------------------------------------
Source                                   ID                             Processor                                          Elapsed (ms)
camel-route.yaml:7                       d32c3289-fa0f-4ba6-b7d5-ecddad from[direct://d32c3289-fa0f-4ba6-b7d5-ecddadf2e6bf        12540
	...
camel-route.yaml:63                      d32c3289-fa0f-4ba6-b7d5-ecddad sftp://demo:xxxxxx@test.rebex.net:22${exchangeProp            0

Stacktrace
---------------------------------------------------------------------------------------------------------------------------------------
[16:18:30.941] INFO  workflow.execution — fileread: Reading C:\files\readme.txt.pgp
[16:18:35.957] INFO  workflow.execution — sftpwrite: Connecting to test.rebex.net:22
[16:18:35.957] INFO  workflow.execution — sftpwrite: Writing /pub/example/
[16:18:35.960] INFO  remote.SftpOperations — Known host file not configured, using user known host file: C:\Users\Admin/.ssh/known_hosts
[16:18:40.987] WARN  remote.RemoteFileProducer — Writing file failed with: Cannot write null body to file: pub/example/
[16:18:40.994] ERROR errorhandler.DefaultErrorHandler — Failed delivery for (MessageId: CCCF62D97C512E7-0000000000000002 on ExchangeId: CCCF62D97C512E7-0000000000000002). Exhausted after delivery attempt: 1 caught: org.apache.camel.component.file.GenericFileOperationFailedException: Cannot write null body to file: pub/example/

Message History (complete message history is disabled)
---------------------------------------------------------------------------------------------------------------------------------------
Source                                   ID                             Processor                                          Elapsed (ms)
camel-route.yaml:7                       d32c3289-fa0f-4ba6-b7d5-ecddad from[direct://d32c3289-fa0f-4ba6-b7d5-ecddadf2e6bf        22609
	...
camel-route.yaml:63                      d32c3289-fa0f-4ba6-b7d5-ecddad sftp://demo:xxxxxx@test.rebex.net:22${exchangeProp            0

Stacktrace
---------------------------------------------------------------------------------------------------------------------------------------
[16:18:40.994] INFO  workflow.execution — fileread: Reading C:\files\readme.txt.pgp.txt
[16:18:46.011] INFO  workflow.execution — sftpwrite: Connecting to test.rebex.net:22
[16:18:46.011] INFO  workflow.execution — sftpwrite: Writing /pub/example/
[16:18:46.021] INFO  remote.SftpOperations — Known host file not configured, using user known host file: C:\Users\Admin/.ssh/known_hosts
[16:18:50.708] WARN  remote.RemoteFileProducer — Writing file failed with: Cannot write null body to file: pub/example/
[16:18:50.775] ERROR errorhandler.DefaultErrorHandler — Failed delivery for (MessageId: CCCF62D97C512E7-0000000000000003 on ExchangeId: CCCF62D97C512E7-0000000000000003). Exhausted after delivery attempt: 1 caught: org.apache.camel.component.file.GenericFileOperationFailedException: Cannot write null body to file: pub/example/

Message History (complete message history is disabled)
---------------------------------------------------------------------------------------------------------------------------------------
Source                                   ID                             Processor                                          Elapsed (ms)
camel-route.yaml:7                       d32c3289-fa0f-4ba6-b7d5-ecddad from[direct://d32c3289-fa0f-4ba6-b7d5-ecddadf2e6bf        32361
	...
camel-route.yaml:63                      d32c3289-fa0f-4ba6-b7d5-ecddad sftp://demo:xxxxxx@test.rebex.net:22${exchangeProp            0

Stacktrace
---------------------------------------------------------------------------------------------------------------------------------------
[16:18:50.782] ERROR controller.WorkflowController — Workflow 'File to Sftp' run failed: Cannot write null body to file: pub/example/
