[16:38:14.362] INFO  controller.WorkflowController — ─────────────────────────────────────────────────────
[16:38:14.369] INFO  controller.WorkflowController — Workflow 'New Workflow' run started [runId=run-a6b1e109ebca]
[16:38:14.665] INFO  workflow.execution — [
  {
    "id": "1",
    "name": "Enter your test scenario",
    "inputPayload": {},
    "inputHeaders": {},
    "workflow": {
      "nodes": [
        {
          "id": "workflow-container",
          "type": "workflowcontainer",
          "position": {
            "x": 198.88406443926084,
            "y": 23.67569995423139
          },
          "data": {
            "hasError": false,
            "errorMessage": null
          },
          "style": {
            "width": 798.3026670258621,
            "height": 599.469064295977
          },
          "draggable": true,
          "selectable": true,
          "deletable": false,
          "zIndex": -1,
          "measured": {
            "width": 798,
            "height": 599
          },
          "selected": false,
          "dragging": false
        },
        {
          "id": "1779209845071",
          "type": "log",
          "position": {
            "x": 214.3141612787356,
            "y": 145.75478178879308
          },
          "data": {
            "name": "Log Message",
            "isExecuting": false,
            "hasError": false,
            "errorMessage": null,
            "script": "start"
          },
          "style": {
            "width": 130,
            "height": 52
          },
          "parentId": "workflow-container",
          "extent": "parent",
          "measured": {
            "width": 130,
            "height": 52
          },
          "selected": false,
          "dragging": true,
          "parentNode": "workflow-container"
        },
        {
          "id": "1779209850084",
          "type": "iteration",
          "position": {
            "x": 423.2337015086207,
            "y": 188.42144845545977
          },
          "data": {
            "name": "iteration",
            "depth": 1,
            "collection": "[1,2,3,4,5]",
            "hasError": false,
            "errorMessage": null
          },
          "style": {
            "width": 293.59770114942535,
            "height": 199.73563218390808
          },
          "parentId": "workflow-container",
          "extent": "parent",
          "measured": {
            "width": 294,
            "height": 200
          },
          "selected": false
        },
        {
          "id": "1779209864066",
          "type": "condition",
          "position": {
            "x": 25.01149425287349,
            "y": 64.73563218390808
          },
          "data": {
            "name": "Condition",
            "script": "(vars.item % 2) == 0",
            "isExecuting": false,
            "hasError": false,
            "errorMessage": null
          },
          "style": {
            "width": 120,
            "height": 120
          },
          "parentId": "1779209850084",
          "extent": "parent",
          "measured": {
            "width": 120,
            "height": 120
          },
          "selected": false,
          "dragging": true,
          "parentNode": "1779209850084"
        },
        {
          "id": "1779209870016",
          "type": "log",
          "position": {
            "x": 148.59770114942535,
            "y": 72.09195402298849
          },
          "data": {
            "name": "Log Message",
            "script": "even",
            "isExecuting": false,
            "hasError": false,
            "errorMessage": null
          },
          "style": {
            "width": 130,
            "height": 52
          },
          "parentId": "1779209850084",
          "extent": "parent",
          "measured": {
            "width": 130,
            "height": 52
          },
          "selected": true,
          "dragging": true,
          "parentNode": "1779209850084"
        }
      ],
      "edges": [
        {
          "source": "1779209845071",
          "target": "1779209850084",
          "animated": false,
          "type": "smoothstep",
          "style": {
            "stroke": "#888"
          },
          "label": "",
          "id": "xy-edge__1779209845071-1779209850084"
        },
        {
          "source": "1779209864066",
          "sourceHandle": "true",
          "target": "1779209870016",
          "animated": false,
          "type": "smoothstep",
          "style": {
            "stroke": "#888"
          },
          "label": "YES",
          "id": "xy-edge__1779209864066true-1779209870016"
        }
      ]
    },
    "lastRun": null
  }
]
[16:38:14.757] INFO  controller.WorkflowController — Workflow 'New Workflow' run completed successfully in 395ms
