[15:56:39.922] INFO  controller.WorkflowController — ─────────────────────────────────────────────────────
[15:56:39.933] INFO  controller.WorkflowController — Workflow 'File to Sftp' run started [runId=run-85f9366aa0d2]
[15:56:39.933] INFO  workflow.execution — filelist: Listing directory C:/files
[15:56:39.943] INFO  workflow.execution — {filePath=C:\files\readme.txt, fileName=readme.txt}
[15:56:39.952] INFO  workflow.execution — fileread: Reading ./C:\files\readme.txt
[15:56:39.983] INFO  workflow.execution — Welcome to test.rebex.net!

You are connected to an FTP or SFTP server used for testing purposes
by Rebex FTP/SSL or Rebex SFTP sample code. Only read access is allowed.

For information about Rebex FTP/SSL, Rebex SFTP and other Rebex libraries
for .NET, please visit our website at https://www.rebex.net/

For feedback and support, contact support@rebex.net

Thanks!

[15:56:39.989] INFO  workflow.execution — {filePath=C:\files\readme.txt.pgp, fileName=readme.txt.pgp}
[15:56:39.989] INFO  workflow.execution — fileread: Reading ./C:\files\readme.txt.pgp
[15:56:39.995] INFO  workflow.execution — -----BEGIN PGP MESSAGE-----
Version: BCPG v1.70

hF4DgB7o3PpLlgQSAQdAeLnXSzYvHUfDSSYBguXTetgD8crZ3yVE4cx38xlsAVgw
0LYg12rxlMNDSB5R/PiGET9bT+rhQBKnJJvl30Py4r0gttcVKp9idD3rWqyAbK6f
0sBwAbPytEKywO/AoAXDv9oB8xH7T32u9W3jluPQiE9QzZCgDaHLheO6+Tn0SGal
EgX0QtYTOe5nls70p07+TBk8Trv8z8V7BdJzj7pk4r3A+GXYyh/k1kk6Ds2/q/qy
X/ULHzrTtoKBw4CUMUMxq3xSYlG7jzMp4T/S9x+RtLtuLLQ5TJhpm4MAP2kFb5DV
CFzq+/n4l9lTK2TkmBABtRO6cUQ5usJDZsDX6N7iNGiJUpd9u23aE7lLYNzQbi4X
l4HO3kXAfR7bkDSExaEh7MiPL1X7l+Yzwiq5A8rDcyII8cOJavOoZi1r0zV7z8GU
PE0zsk5Wam16W5J85T5adqNHQkJ3rgqsrpoa6r2a4LPCGOnteFzXGnPFQTtrkue5
xaThTXEB+MVCvhuSnergl8+17g==
=o37n
-----END PGP MESSAGE-----

[15:56:40.006] INFO  workflow.execution — {filePath=C:\files\readme.txt.pgp.txt, fileName=readme.txt.pgp.txt}
[15:56:40.076] INFO  workflow.execution — fileread: Reading ./C:\files\readme.txt.pgp.txt
[15:56:40.102] INFO  workflow.execution — Welcome to test.rebex.net!

You are connected to an FTP or SFTP server used for testing purposes
by Rebex FTP/SSL or Rebex SFTP sample code. Only read access is allowed.

For information about Rebex FTP/SSL, Rebex SFTP and other Rebex libraries
for .NET, please visit our website at https://www.rebex.net/

For feedback and support, contact support@rebex.net

Thanks!

[15:56:40.119] INFO  controller.WorkflowController — Workflow 'File to Sftp' run completed successfully in 197ms
