[23:48:22.394] INFO  controller.WorkflowController — ─────────────────────────────────────────────────────
[23:48:22.394] INFO  controller.WorkflowController — Workflow 'New Workflow' run started [runId=run-73b591d56fcc]
[23:48:22.432] INFO  workflow.execution — sftplist: Connecting to test.rebex.net:22
[23:48:22.432] INFO  workflow.execution — sftplist: Listing /pub/example
[23:48:28.754] INFO  workflow.execution — /pub/example/imap-console-client.png
[23:48:28.768] INFO  workflow.execution — /pub/example/KeyGenerator.png
[23:48:28.826] INFO  workflow.execution — /pub/example/KeyGeneratorSmall.png
[23:48:28.838] INFO  workflow.execution — /pub/example/mail-editor.png
[23:48:28.841] INFO  workflow.execution — /pub/example/mail-send-winforms.png
[23:48:28.857] INFO  workflow.execution — /pub/example/mime-explorer.png
[23:48:28.861] INFO  workflow.execution — /pub/example/pocketftp.png
[23:48:28.869] INFO  workflow.execution — /pub/example/pocketftpSmall.png
[23:48:28.874] INFO  workflow.execution — /pub/example/pop3-browser.png
[23:48:28.888] INFO  workflow.execution — /pub/example/pop3-console-client.png
[23:48:28.894] INFO  workflow.execution — /pub/example/readme.txt
[23:48:28.908] INFO  workflow.execution — /pub/example/ResumableTransfer.png
[23:48:28.917] INFO  workflow.execution — /pub/example/winceclient.png
[23:48:28.923] INFO  workflow.execution — /pub/example/winceclientSmall.png
[23:48:28.937] INFO  workflow.execution — /pub/example/WinFormClient.png
[23:48:28.939] INFO  workflow.execution — /pub/example/WinFormClientSmall.png
[23:48:28.950] INFO  controller.WorkflowController — Workflow 'New Workflow' run completed successfully in 6553ms
