[19:49:04.772] INFO  controller.WorkflowController — ─────────────────────────────────────────────────────
[19:49:04.774] INFO  controller.WorkflowController — Workflow 'SQL_TEST' run started [runId=run-6248d32e37c3]
[19:49:04.776] INFO  workflow.execution — dbexecute: Connecting to conn-1779737211864-libkc
[19:49:04.778] INFO  workflow.execution — dbexecute: Executing query
[19:49:05.222] INFO  workflow.execution — 91
[19:49:05.226] INFO  workflow.execution — 123
[19:49:05.231] INFO  workflow.execution — 34
[19:49:05.234] INFO  workflow.execution — 105
[19:49:05.236] INFO  workflow.execution — 100
[19:49:05.239] INFO  workflow.execution — 34
[19:49:05.242] INFO  workflow.execution — 58
[19:49:05.245] INFO  workflow.execution — 49
[19:49:05.247] INFO  workflow.execution — 44
[19:49:05.251] INFO  workflow.execution — 34
[19:49:05.253] INFO  workflow.execution — 109
[19:49:05.256] INFO  workflow.execution — 101
[19:49:05.259] INFO  workflow.execution — 115
[19:49:05.264] INFO  workflow.execution — 115
[19:49:05.267] INFO  workflow.execution — 97
[19:49:05.271] INFO  workflow.execution — 103
[19:49:05.273] INFO  workflow.execution — 101
[19:49:05.278] INFO  workflow.execution — 34
[19:49:05.285] INFO  workflow.execution — 58
[19:49:05.288] INFO  workflow.execution — 34
[19:49:05.292] INFO  workflow.execution — 115
[19:49:05.296] INFO  workflow.execution — 97
[19:49:05.301] INFO  workflow.execution — 109
[19:49:05.305] INFO  workflow.execution — 112
[19:49:05.306] INFO  workflow.execution — 108
[19:49:05.311] INFO  workflow.execution — 101
[19:49:05.314] INFO  workflow.execution — 32
[19:49:05.319] INFO  workflow.execution — 109
[19:49:05.322] INFO  workflow.execution — 101
[19:49:05.325] INFO  workflow.execution — 115
[19:49:05.328] INFO  workflow.execution — 115
[19:49:05.331] INFO  workflow.execution — 97
[19:49:05.334] INFO  workflow.execution — 103
[19:49:05.336] INFO  workflow.execution — 101
[19:49:05.338] INFO  workflow.execution — 34
[19:49:05.340] INFO  workflow.execution — 125
[19:49:05.342] INFO  workflow.execution — 93
[19:49:05.344] INFO  controller.WorkflowController — Workflow 'SQL_TEST' run completed successfully in 572ms
