[01:00:22.197] INFO  controller.WorkflowController — ─────────────────────────────────────────────────────
[01:00:22.213] INFO  controller.WorkflowController — Workflow 'File to Sftp' run started [runId=run-de5ea8fbbf81]
[01:00:22.221] INFO  workflow.execution — filelist: Listing directory C:\files
[01:00:22.461] INFO  workflow.execution — fileread: Reading file C:\files\readme.txt
[01:00:22.477] ERROR errorhandler.DefaultErrorHandler — Failed delivery for (MessageId: D3C79AAAD5CA2D7-0000000000000004 on ExchangeId: D3C79AAAD5CA2D7-0000000000000004). Exhausted after delivery attempt: 1 caught: org.apache.camel.RuntimeCamelException: JS evaluation failed: org.graalvm.polyglot.PolyglotException: ReferenceError: filePath is not defined

Message History (complete message history is disabled)
---------------------------------------------------------------------------------------------------------------------------------------
Source                                   ID                             Processor                                          Elapsed (ms)
camel-route.yaml:7                       d32c3289-fa0f-4ba6-b7d5-ecddad from[direct://d32c3289-fa0f-4ba6-b7d5-ecddadf2e6bf          264
	...
camel-route.yaml:30                      d32c3289-fa0f-4ba6-b7d5-ecddad script[js{var Files=Java.type('java.nio.file.Files            0

Stacktrace
---------------------------------------------------------------------------------------------------------------------------------------
[01:00:22.633] INFO  workflow.execution — fileread: Reading file C:\files\readme.txt.pgp
[01:00:22.637] ERROR errorhandler.DefaultErrorHandler — Failed delivery for (MessageId: D3C79AAAD5CA2D7-0000000000000005 on ExchangeId: D3C79AAAD5CA2D7-0000000000000005). Exhausted after delivery attempt: 1 caught: org.apache.camel.RuntimeCamelException: JS evaluation failed: org.graalvm.polyglot.PolyglotException: ReferenceError: filePath is not defined

Message History (complete message history is disabled)
---------------------------------------------------------------------------------------------------------------------------------------
Source                                   ID                             Processor                                          Elapsed (ms)
camel-route.yaml:7                       d32c3289-fa0f-4ba6-b7d5-ecddad from[direct://d32c3289-fa0f-4ba6-b7d5-ecddadf2e6bf          424
	...
camel-route.yaml:30                      d32c3289-fa0f-4ba6-b7d5-ecddad script[js{var Files=Java.type('java.nio.file.Files            0

Stacktrace
---------------------------------------------------------------------------------------------------------------------------------------
[01:00:22.637] INFO  workflow.execution — fileread: Reading file C:\files\readme.txt.pgp.txt
[01:00:22.660] ERROR errorhandler.DefaultErrorHandler — Failed delivery for (MessageId: D3C79AAAD5CA2D7-0000000000000006 on ExchangeId: D3C79AAAD5CA2D7-0000000000000006). Exhausted after delivery attempt: 1 caught: org.apache.camel.RuntimeCamelException: JS evaluation failed: org.graalvm.polyglot.PolyglotException: ReferenceError: filePath is not defined

Message History (complete message history is disabled)
---------------------------------------------------------------------------------------------------------------------------------------
Source                                   ID                             Processor                                          Elapsed (ms)
camel-route.yaml:7                       d32c3289-fa0f-4ba6-b7d5-ecddad from[direct://d32c3289-fa0f-4ba6-b7d5-ecddadf2e6bf          447
	...
camel-route.yaml:30                      d32c3289-fa0f-4ba6-b7d5-ecddad script[js{var Files=Java.type('java.nio.file.Files            0

Stacktrace
---------------------------------------------------------------------------------------------------------------------------------------
[01:00:22.660] ERROR controller.WorkflowController — Workflow 'File to Sftp' run failed: JS evaluation failed: org.graalvm.polyglot.PolyglotException: ReferenceError: filePath is not defined
