[23:29:12.195] INFO  controller.WorkflowController — ─────────────────────────────────────────────────────
[23:29:12.198] INFO  controller.WorkflowController — Workflow 'New Workflow' run started [runId=run-c6eab4da8432]
[23:29:12.198] INFO  workflow.execution — sftplist: Connecting to test.rebex.net:22
[23:29:12.198] INFO  workflow.execution — sftplist: Listing /pub/example
[23:29:17.418] INFO  workflow.execution — /pub/example/imap-console-client.png
[23:29:17.428] INFO  workflow.execution — /pub/example/KeyGenerator.png
[23:29:17.464] INFO  workflow.execution — /pub/example/KeyGeneratorSmall.png
[23:29:17.472] INFO  workflow.execution — /pub/example/mail-editor.png
[23:29:17.487] INFO  workflow.execution — /pub/example/mail-send-winforms.png
[23:29:17.495] INFO  workflow.execution — /pub/example/mime-explorer.png
[23:29:17.503] INFO  workflow.execution — /pub/example/pocketftp.png
[23:29:17.508] INFO  workflow.execution — /pub/example/pocketftpSmall.png
[23:29:17.520] INFO  workflow.execution — /pub/example/pop3-browser.png
[23:29:17.529] INFO  workflow.execution — /pub/example/pop3-console-client.png
[23:29:17.533] INFO  workflow.execution — /pub/example/readme.txt
[23:29:17.546] INFO  workflow.execution — /pub/example/ResumableTransfer.png
[23:29:17.551] INFO  workflow.execution — /pub/example/winceclient.png
[23:29:17.564] INFO  workflow.execution — /pub/example/winceclientSmall.png
[23:29:17.564] INFO  workflow.execution — /pub/example/WinFormClient.png
[23:29:17.575] INFO  workflow.execution — /pub/example/WinFormClientSmall.png
[23:29:17.583] INFO  controller.WorkflowController — Workflow 'New Workflow' run completed successfully in 5388ms
