[14:13:41.655] INFO  controller.WorkflowController — ─────────────────────────────────────────────────────
[14:13:41.661] INFO  controller.WorkflowController — Workflow 'New Workflow' run started [runId=run-a299fc086b16]
[14:13:42.631] INFO  workflow.execution — respStatus: 200 resp: [
  {
    "id": 1,
    "title": "Create an endpoint at Beeceptor.",
    "completed": true
  },
  {
    "id": 2,
    "title": "Send a request to your new Beeceptor endpoint.",
    "completed": true
  },
  {
    "id": 3,
    "title": "Create a mocking rule to send dummy data.",
    "completed": false
  },
  {
    "id": 4,
    "title": "Try out a failure response by sending 500 HTTP status code.",
    "completed": false
  },
  {
    "id": 5,
    "title": "Use the proxy feature to send a request to a real API. Intercept traffic using Beeceptor.",
    "completed": false
  }
]
[14:14:12.697] ERROR controller.WorkflowController — Workflow 'New Workflow' run failed: Exception occurred during execution on the exchange: Exchange[E7BCE729A09DAFE-0000000000000001]
