[17:08:42.360] INFO  controller.WorkflowController — ─────────────────────────────────────────────────────
[17:08:42.362] INFO  controller.WorkflowController — Workflow 'File to Sftp' run started [runId=run-25db6fde65d6]
[17:08:42.380] INFO  workflow.execution — filelist: Listing directory C:/files
[17:08:42.386] INFO  workflow.execution — fileread: Reading C:\files\readme.txt
[17:08:42.421] INFO  workflow.execution — Welcome to test.rebex.net!

You are connected to an FTP or SFTP server used for testing purposes
by Rebex FTP/SSL or Rebex SFTP sample code. Only read access is allowed.

For information about Rebex FTP/SSL, Rebex SFTP and other Rebex libraries
for .NET, please visit our website at https://www.rebex.net/

For feedback and support, contact support@rebex.net

Thanks!

[17:08:42.444] INFO  workflow.execution — fileread: Reading C:\files\readme.txt.pgp.txt
[17:08:42.461] INFO  workflow.execution — Welcome to test.rebex.net!

You are connected to an FTP or SFTP server used for testing purposes
by Rebex FTP/SSL or Rebex SFTP sample code. Only read access is allowed.

For information about Rebex FTP/SSL, Rebex SFTP and other Rebex libraries
for .NET, please visit our website at https://www.rebex.net/

For feedback and support, contact support@rebex.net

Thanks!

[17:08:42.461] INFO  controller.WorkflowController — Workflow 'File to Sftp' run completed successfully in 101ms
