[23:34:43.555] INFO  controller.WorkflowController — ─────────────────────────────────────────────────────
[23:34:43.557] INFO  controller.WorkflowController — Workflow 'New Workflow' run started [runId=run-e1c6b8bf1287]
[23:34:43.565] INFO  workflow.execution — sftplist: Connecting to test.rebex.net:22
[23:34:43.593] INFO  workflow.execution — sftplist: Listing /pub/example
[23:34:46.576] INFO  workflow.execution — /pub/example/imap-console-client.png
[23:34:46.584] INFO  workflow.execution — /pub/example/KeyGenerator.png
[23:34:46.629] INFO  workflow.execution — /pub/example/KeyGeneratorSmall.png
[23:34:46.644] INFO  workflow.execution — /pub/example/mail-editor.png
[23:34:46.653] INFO  workflow.execution — /pub/example/mail-send-winforms.png
[23:34:46.665] INFO  workflow.execution — /pub/example/mime-explorer.png
[23:34:46.679] INFO  workflow.execution — /pub/example/pocketftp.png
[23:34:46.689] INFO  workflow.execution — /pub/example/pocketftpSmall.png
[23:34:46.699] INFO  workflow.execution — /pub/example/pop3-browser.png
[23:34:46.704] INFO  workflow.execution — /pub/example/pop3-console-client.png
[23:34:46.714] INFO  workflow.execution — /pub/example/readme.txt
[23:34:46.726] INFO  workflow.execution — /pub/example/ResumableTransfer.png
[23:34:46.735] INFO  workflow.execution — /pub/example/winceclient.png
[23:34:46.740] INFO  workflow.execution — /pub/example/winceclientSmall.png
[23:34:46.751] INFO  workflow.execution — /pub/example/WinFormClient.png
[23:34:46.766] INFO  workflow.execution — /pub/example/WinFormClientSmall.png
[23:34:46.768] INFO  controller.WorkflowController — Workflow 'New Workflow' run completed successfully in 3213ms
